Archive member included to satisfy reference by file (symbol)

/usr/lib/gcc/arm-none-eabi/12.2.1/../../../arm-none-eabi/lib/thumb/v8-m.main+fp/softfp/libm.a(lib_a-wf_sqrt.o)
                              CMakeFiles/mellivora_picocalc.dir/pico-sdk/src/rp2_common/pico_float/float_math.c.o (sqrtf)
/usr/lib/gcc/arm-none-eabi/12.2.1/../../../arm-none-eabi/lib/thumb/v8-m.main+fp/softfp/libm.a(lib_a-ef_sqrt.o)
                              /usr/lib/gcc/arm-none-eabi/12.2.1/../../../arm-none-eabi/lib/thumb/v8-m.main+fp/softfp/libm.a(lib_a-wf_sqrt.o) (__ieee754_sqrtf)
/usr/lib/gcc/arm-none-eabi/12.2.1/../../../arm-none-eabi/lib/thumb/v8-m.main+fp/softfp/libm.a(lib_a-s_lib_ver.o)
                              /usr/lib/gcc/arm-none-eabi/12.2.1/../../../arm-none-eabi/lib/thumb/v8-m.main+fp/softfp/libm.a(lib_a-wf_sqrt.o) (__fdlib_version)
/usr/lib/gcc/arm-none-eabi/12.2.1/thumb/v8-m.main+fp/softfp/libgcc.a(_arm_addsubdf3.o)
                              CMakeFiles/mellivora_picocalc.dir/pico-sdk/src/rp2_common/pico_float/float_math.c.o (__aeabi_f2d)
/usr/lib/gcc/arm-none-eabi/12.2.1/thumb/v8-m.main+fp/softfp/libgcc.a(_aeabi_ldivmod.o)
                              CMakeFiles/mellivora_picocalc.dir/src/main.c.o (__aeabi_ldivmod)
/usr/lib/gcc/arm-none-eabi/12.2.1/thumb/v8-m.main+fp/softfp/libgcc.a(_aeabi_uldivmod.o)
                              CMakeFiles/mellivora_picocalc.dir/src/apps.c.o (__aeabi_uldivmod)
/usr/lib/gcc/arm-none-eabi/12.2.1/thumb/v8-m.main+fp/softfp/libgcc.a(_udivmoddi4.o)
                              /usr/lib/gcc/arm-none-eabi/12.2.1/thumb/v8-m.main+fp/softfp/libgcc.a(_aeabi_ldivmod.o) (__udivmoddi4)
/usr/lib/gcc/arm-none-eabi/12.2.1/thumb/v8-m.main+fp/softfp/libgcc.a(_dvmd_tls.o)
                              /usr/lib/gcc/arm-none-eabi/12.2.1/thumb/v8-m.main+fp/softfp/libgcc.a(_aeabi_ldivmod.o) (__aeabi_ldiv0)
/usr/lib/gcc/arm-none-eabi/12.2.1/../../../arm-none-eabi/lib/thumb/v8-m.main+fp/softfp/libg.a(lib_a-atexit.o)
                              /usr/lib/gcc/arm-none-eabi/12.2.1/../../../arm-none-eabi/lib/thumb/v8-m.main+fp/softfp/crt0.o (atexit)
/usr/lib/gcc/arm-none-eabi/12.2.1/../../../arm-none-eabi/lib/thumb/v8-m.main+fp/softfp/libg.a(lib_a-atoi.o)
                              CMakeFiles/mellivora_picocalc.dir/src/main.c.o (atoi)
/usr/lib/gcc/arm-none-eabi/12.2.1/../../../arm-none-eabi/lib/thumb/v8-m.main+fp/softfp/libg.a(lib_a-calloc.o)
                              CMakeFiles/mellivora_picocalc.dir/pico-sdk/src/rp2_common/pico_malloc/malloc.c.o (calloc)
/usr/lib/gcc/arm-none-eabi/12.2.1/../../../arm-none-eabi/lib/thumb/v8-m.main+fp/softfp/libg.a(lib_a-callocr.o)
                              /usr/lib/gcc/arm-none-eabi/12.2.1/../../../arm-none-eabi/lib/thumb/v8-m.main+fp/softfp/libg.a(lib_a-calloc.o) (_calloc_r)
/usr/lib/gcc/arm-none-eabi/12.2.1/../../../arm-none-eabi/lib/thumb/v8-m.main+fp/softfp/libg.a(lib_a-ctype_.o)
                              CMakeFiles/mellivora_picocalc.dir/src/main.c.o (_ctype_)
/usr/lib/gcc/arm-none-eabi/12.2.1/../../../arm-none-eabi/lib/thumb/v8-m.main+fp/softfp/libg.a(lib_a-errno.o)
                              /usr/lib/gcc/arm-none-eabi/12.2.1/../../../arm-none-eabi/lib/thumb/v8-m.main+fp/softfp/libm.a(lib_a-wf_sqrt.o) (__errno)
/usr/lib/gcc/arm-none-eabi/12.2.1/../../../arm-none-eabi/lib/thumb/v8-m.main+fp/softfp/libg.a(lib_a-fini.o)
                              /usr/lib/gcc/arm-none-eabi/12.2.1/../../../arm-none-eabi/lib/thumb/v8-m.main+fp/softfp/crt0.o (__libc_fini_array)
/usr/lib/gcc/arm-none-eabi/12.2.1/../../../arm-none-eabi/lib/thumb/v8-m.main+fp/softfp/libg.a(lib_a-impure.o)
                              /usr/lib/gcc/arm-none-eabi/12.2.1/../../../arm-none-eabi/lib/thumb/v8-m.main+fp/softfp/libg.a(lib_a-calloc.o) (_impure_ptr)
/usr/lib/gcc/arm-none-eabi/12.2.1/../../../arm-none-eabi/lib/thumb/v8-m.main+fp/softfp/libg.a(lib_a-init.o)
                              /usr/lib/gcc/arm-none-eabi/12.2.1/../../../arm-none-eabi/lib/thumb/v8-m.main+fp/softfp/crt0.o (__libc_init_array)
/usr/lib/gcc/arm-none-eabi/12.2.1/../../../arm-none-eabi/lib/thumb/v8-m.main+fp/softfp/libg.a(lib_a-lcltime_r.o)
                              CMakeFiles/mellivora_picocalc.dir/pico-sdk/src/common/pico_util/datetime.c.o (localtime_r)
/usr/lib/gcc/arm-none-eabi/12.2.1/../../../arm-none-eabi/lib/thumb/v8-m.main+fp/softfp/libg.a(lib_a-malloc.o)
                              CMakeFiles/mellivora_picocalc.dir/pico-sdk/src/rp2_common/pico_malloc/malloc.c.o (malloc)
/usr/lib/gcc/arm-none-eabi/12.2.1/../../../arm-none-eabi/lib/thumb/v8-m.main+fp/softfp/libg.a(lib_a-mallocr.o)
                              /usr/lib/gcc/arm-none-eabi/12.2.1/../../../arm-none-eabi/lib/thumb/v8-m.main+fp/softfp/libg.a(lib_a-callocr.o) (_malloc_r)
/usr/lib/gcc/arm-none-eabi/12.2.1/../../../arm-none-eabi/lib/thumb/v8-m.main+fp/softfp/libg.a(lib_a-memcmp.o)
                              CMakeFiles/mellivora_picocalc.dir/pico-sdk/src/rp2_common/pico_atomic/atomic.c.o (memcmp)
[...]
Memory Configuration

Name             Origin             Length             Attributes
FLASH            0x10000000         0x00400000         xr
RAM              0x20000000         0x00080000         xrw
SCRATCH_X        0x20080000         0x00001000         xrw
SCRATCH_Y        0x20081000         0x00001000         xrw
*default*        0x00000000         0xffffffff

Linker script and memory map

LOAD /usr/lib/gcc/arm-none-eabi/12.2.1/thumb/v8-m.main+fp/softfp/crti.o
LOAD /usr/lib/gcc/arm-none-eabi/12.2.1/thumb/v8-m.main+fp/softfp/crtbegin.o
LOAD /usr/lib/gcc/arm-none-eabi/12.2.1/../../../arm-none-eabi/lib/thumb/v8-m.main+fp/softfp/crt0.o

.flash_begin    0x10000000        0x0
                0x10000000                        __flash_binary_start = .

.text           0x10000000    0x1bb38
                0x10000000                        __logical_binary_start = .
 *(.vectors)
 .vectors       0x10000000      0x124 CMakeFiles/mellivora_picocalc.dir/pico-sdk/src/rp2_common/pico_crt0/crt0.S.o
                0x10000000                __vectors
                0x10000000                __VECTOR_TABLE
                0x10000110                isr_securefault
                0x10000110                isr_irq30
                0x10000110                __unhandled_user_irq
                0x10000110                isr_irq49
                0x10000110                isr_irq13
                0x10000110                isr_irq43
                0x10000110                isr_irq45
                0x10000110                isr_irq27
                0x10000110                isr_irq32
                0x10000110                isr_irq31
                0x10000110                isr_irq5
                0x10000110                isr_irq11
                0x10000110                isr_irq23
                0x10000110                isr_usagefault
                0x10000110                isr_irq48
                0x10000110                isr_irq35
                0x10000110                isr_irq18
                0x10000110                isr_irq50
                0x10000110                isr_irq40
                0x10000110                isr_irq28
                0x10000110                isr_irq19
                0x10000110                isr_irq36
                0x10000110                isr_irq41
                0x10000110                isr_irq0
                0x10000110                isr_irq6
                0x10000110                isr_memmanage
                0x10000110                isr_irq37
                0x10000110                isr_irq42
                0x10000110                isr_irq22
                0x10000110                isr_irq17
                0x10000110                isr_irq38
                0x10000110                isr_irq14
                0x10000110                __vectors_end
                0x10000110                __default_isrs_start
                0x10000110                isr_irq2
                0x10000110                isr_irq10
                0x10000110                isr_irq8
                0x10000110                isr_debugmonitor
                0x10000110                isr_irq24
                0x10000110                isr_irq46
                0x10000110                isr_irq1
                0x10000110                isr_irq47
                0x10000110                isr_irq51
                0x10000110                isr_irq7
                0x10000110                isr_irq21
                0x10000110                isr_irq39
                0x10000110                isr_irq20
                0x10000110                isr_irq15
                0x10000110                isr_irq25
                0x10000110                isr_irq34
                0x10000110                isr_irq4
                0x10000110                isr_busfault
                0x10000110                isr_irq16
                0x10000110                isr_irq44
                0x10000110                isr_irq29
                0x10000110                isr_irq26
                0x10000110                isr_irq33
                0x10000110                isr_irq3
                0x10000110                isr_irq12
                0x10000110                isr_irq9
                0x10000116                unhandled_user_irq_num_in_r0
                0x10000118                isr_invalid
                0x1000011a                isr_nmi
                0x1000011c                isr_hardfault
                0x1000011e                isr_svcall
                0x10000120                isr_pendsv
                0x10000122                isr_systick
                0x10000124                __default_isrs_end
 *(.binary_info_header)
 .binary_info_header
                0x10000124       0x14 CMakeFiles/mellivora_picocalc.dir/pico-sdk/src/rp2_common/pico_crt0/crt0.S.o
                0x10000138                        __binary_info_header_end = .
 *(.embedded_block)
 .embedded_block
                0x10000138       0x14 CMakeFiles/mellivora_picocalc.dir/pico-sdk/src/rp2_common/pico_crt0/crt0.S.o
                0x1000014c                        __embedded_block_end = .
 *(.reset)
 .reset         0x1000014c       0x98 CMakeFiles/mellivora_picocalc.dir/pico-sdk/src/rp2_common/pico_crt0/crt0.S.o
                0x1000014c                _entry_point
 *(.init)
 .init          0x100001e4        0x4 /usr/lib/gcc/arm-none-eabi/12.2.1/thumb/v8-m.main+fp/softfp/crti.o
                0x100001e4                _init
 *libgcc.a:cmse_nonsecure_call.o()
 *(EXCLUDE_FILE(*libm.a: *libc.a:*lib_a-mem*.o *libgcc.a:) .text*)
 .text          0x100001e8       0x8c /usr/lib/gcc/arm-none-eabi/12.2.1/thumb/v8-m.main+fp/softfp/crtbegin.o
 .text.resolve_abs
                0x10000274      0x17c CMakeFiles/mellivora_picocalc.dir/src/main.c.o
 .text.out_char
                0x100003f0       0x14 CMakeFiles/mellivora_picocalc.dir/src/main.c.o
 .text.out_fmt  0x10000404       0x58 CMakeFiles/mellivora_picocalc.dir/src/main.c.o
 .text._ls_entry
                0x1000045c       0x1c CMakeFiles/mellivora_picocalc.dir/src/main.c.o
 .text.cmd_ls   0x10000478       0x8c CMakeFiles/mellivora_picocalc.dir/src/main.c.o
 .text.cmd_sdread
                0x10000504      0x16c CMakeFiles/mellivora_picocalc.dir/src/main.c.o
 .text.cmd_cat  0x10000670       0xfc CMakeFiles/mellivora_picocalc.dir/src/main.c.o
 .text.alias_save
                0x1000076c       0x98 CMakeFiles/mellivora_picocalc.dir/src/main.c.o
 .text.cmd_write
                0x10000804      0x118 CMakeFiles/mellivora_picocalc.dir/src/main.c.o
 .text.alias_set_entry.isra.0
                0x1000091c      0x294 CMakeFiles/mellivora_picocalc.dir/src/main.c.o
 .text.alias_load
                0x10000bb0      0x174 CMakeFiles/mellivora_picocalc.dir/src/main.c.o
 .text.cmd_help
                0x10000d24      0xca4 CMakeFiles/mellivora_picocalc.dir/src/main.c.o
 .text.dispatch
                0x100019c8     0x1708 CMakeFiles/mellivora_picocalc.dir/src/main.c.o
 .text.startup.main
                0x100030d0      0x29c CMakeFiles/mellivora_picocalc.dir/src/main.c.o
                0x100030d0                main
 .text._set_window
                0x1000336c       0xc4 CMakeFiles/mellivora_picocalc.dir/src/lcd.c.o
 .text._scroll_up
                0x10003430      0x24c CMakeFiles/mellivora_picocalc.dir/src/lcd.c.o
 .text._spi_write_cd.constprop.0
                0x1000367c       0x68 CMakeFiles/mellivora_picocalc.dir/src/lcd.c.o
 .text.lcd_init
                0x100036e4      0x928 CMakeFiles/mellivora_picocalc.dir/src/lcd.c.o
                0x100036e4                lcd_init
 .text.lcd_fill
                0x1000400c       0xc8 CMakeFiles/mellivora_picocalc.dir/src/lcd.c.o
                0x1000400c                lcd_fill
 .text.lcd_draw_pixel
                0x100040d4       0x64 CMakeFiles/mellivora_picocalc.dir/src/lcd.c.o
                0x100040d4                lcd_draw_pixel
 .text.lcd_draw_char
                0x10004138      0x1ec CMakeFiles/mellivora_picocalc.dir/src/lcd.c.o
                0x10004138                lcd_draw_char
 .text.lcd_cls  0x10004324       0x38 CMakeFiles/mellivora_picocalc.dir/src/lcd.c.o
                0x10004324                lcd_cls
 .text.lcd_putc
                0x1000435c       0xcc CMakeFiles/mellivora_picocalc.dir/src/lcd.c.o
                0x1000435c                lcd_putc
 .text._kbd_write_reg.part.0
                0x10004428       0x8c CMakeFiles/mellivora_picocalc.dir/src/kbd.c.o
 .text.kbd_init
                0x100044b4       0x40 CMakeFiles/mellivora_picocalc.dir/src/kbd.c.o
                0x100044b4                kbd_init
 .text.kbd_getc
                0x100044f4       0xec CMakeFiles/mellivora_picocalc.dir/src/kbd.c.o
                0x100044f4                kbd_getc
 .text.kbd_set_backlight
                0x100045e0       0x38 CMakeFiles/mellivora_picocalc.dir/src/kbd.c.o
                0x100045e0                kbd_set_backlight
 .text.kbd_battery_percent
                0x10004618       0xb4 CMakeFiles/mellivora_picocalc.dir/src/kbd.c.o
                0x10004618                kbd_battery_percent
 .text._spi_xchg.constprop.0
                0x100046cc       0x54 CMakeFiles/mellivora_picocalc.dir/src/sd.c.o
 .text._spi_xchg.isra.0
                0x10004720       0x40 CMakeFiles/mellivora_picocalc.dir/src/sd.c.o
 .text._cmd     0x10004760      0x468 CMakeFiles/mellivora_picocalc.dir/src/sd.c.o
 .text.sd_init  0x10004bc8      0x380 CMakeFiles/mellivora_picocalc.dir/src/sd.c.o
                0x10004bc8                sd_init
 .text.sd_read_block
                0x10004f48       0xf0 CMakeFiles/mellivora_picocalc.dir/src/sd.c.o
                0x10004f48                sd_read_block
 .text.sd_write_block
                0x10005038      0x104 CMakeFiles/mellivora_picocalc.dir/src/sd.c.o
                0x10005038                sd_write_block
 .text.sd_result_str
                0x1000513c       0x18 CMakeFiles/mellivora_picocalc.dir/src/sd.c.o
                0x1000513c                sd_result_str
 .text.ls_visitor
                0x10005154      0x10c CMakeFiles/mellivora_picocalc.dir/src/fat.c.o
 .text.to_83    0x10005260       0x7c CMakeFiles/mellivora_picocalc.dir/src/fat.c.o
 .text.write_fat_entry
                0x100052dc       0xc0 CMakeFiles/mellivora_picocalc.dir/src/fat.c.o
 .text.alloc_cluster
                0x1000539c       0xcc CMakeFiles/mellivora_picocalc.dir/src/fat.c.o
 .text.fat_entry
                0x10005468       0x94 CMakeFiles/mellivora_picocalc.dir/src/fat.c.o
 .text.append_dirent
                0x100054fc      0x4f8 CMakeFiles/mellivora_picocalc.dir/src/fat.c.o
 .text.resolve_path
                0x100059f4      0x434 CMakeFiles/mellivora_picocalc.dir/src/fat.c.o
 .text.resolve_parent
                0x10005e28       0xc0 CMakeFiles/mellivora_picocalc.dir/src/fat.c.o
 .text.fat_mount
                0x10005ee8      0x224 CMakeFiles/mellivora_picocalc.dir/src/fat.c.o
                0x10005ee8                fat_mount
 .text.fat_ls   0x1000610c      0x1a4 CMakeFiles/mellivora_picocalc.dir/src/fat.c.o
                0x1000610c                fat_ls
 .text.fat_open
                0x100062b0       0x48 CMakeFiles/mellivora_picocalc.dir/src/fat.c.o
                0x100062b0                fat_open
 .text.fat_read
                0x100062f8      0x114 CMakeFiles/mellivora_picocalc.dir/src/fat.c.o
                0x100062f8                fat_read
 .text.fat_get_usage
                0x1000640c      0x180 CMakeFiles/mellivora_picocalc.dir/src/fat.c.o
                0x1000640c                fat_get_usage
 .text.fat_result_str
                0x1000658c       0x1c CMakeFiles/mellivora_picocalc.dir/src/fat.c.o
                0x1000658c                fat_result_str
 .text.fat_is_dir
                0x100065a8       0x44 CMakeFiles/mellivora_picocalc.dir/src/fat.c.o
                0x100065a8                fat_is_dir
 .text.fat_mkdir
                0x100065ec      0x1b8 CMakeFiles/mellivora_picocalc.dir/src/fat.c.o
                0x100065ec                fat_mkdir
 .text.fat_unlink
                0x100067a4      0x34c CMakeFiles/mellivora_picocalc.dir/src/fat.c.o
                0x100067a4                fat_unlink
 .text.fat_create
                0x10006af0      0x154 CMakeFiles/mellivora_picocalc.dir/src/fat.c.o
                0x10006af0                fat_create
 .text.sys_more_set
                0x10006c44       0x24 CMakeFiles/mellivora_picocalc.dir/src/syscall.c.o
                0x10006c44                sys_more_set
 .text.sys_console_write_char
                0x10006c68      0x1c8 CMakeFiles/mellivora_picocalc.dir/src/syscall.c.o
                0x10006c68                sys_console_write_char
 .text.str_casecmp_local
                0x10006e30       0x8c CMakeFiles/mellivora_picocalc.dir/src/apps.c.o
 .text.expr_lookup_basic
                0x10006ebc       0x28 CMakeFiles/mellivora_picocalc.dir/src/apps.c.o
 .text.app_noop
                0x10006ee4        0x4 CMakeFiles/mellivora_picocalc.dir/src/apps.c.o
 .text.rtrim_in_place
                0x10006ee8       0x38 CMakeFiles/mellivora_picocalc.dir/src/apps.c.o
 .text.find_word_ci
                0x10006f20       0xc0 CMakeFiles/mellivora_picocalc.dir/src/apps.c.o
 .text.planner_sort
                0x10006fe0       0x98 CMakeFiles/mellivora_picocalc.dir/src/apps.c.o
 .text.journal_sort
                0x10007078       0x98 CMakeFiles/mellivora_picocalc.dir/src/apps.c.o
 .text.sys_getchar
                0x10007110       0x1c CMakeFiles/mellivora_picocalc.dir/src/apps.c.o
 .text.browser_refresh
                0x1000712c      0x110 CMakeFiles/mellivora_picocalc.dir/src/apps.c.o
 .text.planner_valid_date
                0x1000723c       0xe4 CMakeFiles/mellivora_picocalc.dir/src/apps.c.o
 .text.copy_cstr.part.0
                0x10007320       0x40 CMakeFiles/mellivora_picocalc.dir/src/apps.c.o
 .text.browser_collect_cb
                0x10007360       0x70 CMakeFiles/mellivora_picocalc.dir/src/apps.c.o
 .text.app_stat_dir_cb
                0x100073d0       0x40 CMakeFiles/mellivora_picocalc.dir/src/apps.c.o
 .text.sample_body.constprop.0
                0x10007410      0x118 CMakeFiles/mellivora_picocalc.dir/src/apps.c.o
 .text.browser_parent_dir.constprop.0
                0x10007528       0x84 CMakeFiles/mellivora_picocalc.dir/src/apps.c.o
 .text.app_format_size.constprop.0
                0x100075ac      0x100 CMakeFiles/mellivora_picocalc.dir/src/apps.c.o
 .text.next_token.constprop.0
                0x100076ac       0x10 CMakeFiles/mellivora_picocalc.dir/src/apps.c.o
 .text.next_token.constprop.1
                0x100076bc      0x1a0 CMakeFiles/mellivora_picocalc.dir/src/apps.c.o
 .text.next_token.constprop.2
                0x1000785c       0x64 CMakeFiles/mellivora_picocalc.dir/src/apps.c.o
 .text.next_token.constprop.3
                0x100078c0       0x64 CMakeFiles/mellivora_picocalc.dir/src/apps.c.o
 .text.copy_cstr.part.0.constprop.0
                0x10007924       0x40 CMakeFiles/mellivora_picocalc.dir/src/apps.c.o
 .text.app_du_path
                0x10007964       0x74 CMakeFiles/mellivora_picocalc.dir/src/apps.c.o
 .text._sys_append_str.part.0.constprop.0
                0x100079d8       0x4c CMakeFiles/mellivora_picocalc.dir/src/apps.c.o
 .text.sys_print.isra.0
                0x10007a24       0x1c CMakeFiles/mellivora_picocalc.dir/src/apps.c.o
 .text.tinyc_set_var.constprop.0
                0x10007a40      0x10c CMakeFiles/mellivora_picocalc.dir/src/apps.c.o
 .text.expr_lookup_tinyc
                0x10007b4c      0x108 CMakeFiles/mellivora_picocalc.dir/src/apps.c.o
 .text.planner_today_string.constprop.0
                0x10007c54       0x78 CMakeFiles/mellivora_picocalc.dir/src/apps.c.o
 .text.app_hexedit_dump.part.0.constprop.0
                0x10007ccc      0x150 CMakeFiles/mellivora_picocalc.dir/src/apps.c.o
 .text.app_id   0x10007e1c       0x24 CMakeFiles/mellivora_picocalc.dir/src/apps.c.o
 .text.app_hello
                0x10007e40       0x30 CMakeFiles/mellivora_picocalc.dir/src/apps.c.o
 .text.app_terminal
                0x10007e70       0x98 CMakeFiles/mellivora_picocalc.dir/src/apps.c.o
 .text.app_sleep_ms
                0x10007f08       0x6c CMakeFiles/mellivora_picocalc.dir/src/apps.c.o
 .text.expr_parse_mul
                0x10007f74      0x1b0 CMakeFiles/mellivora_picocalc.dir/src/apps.c.o
 .text.expr_parse_add
                0x10008124      0x204 CMakeFiles/mellivora_picocalc.dir/src/apps.c.o
 .text.expr_parse_cmp
                0x10008328       0xe0 CMakeFiles/mellivora_picocalc.dir/src/apps.c.o
 .text.expr_parse_unary
                0x10008408       0xe8 CMakeFiles/mellivora_picocalc.dir/src/apps.c.o
 .text.expr_eval.constprop.0
                0x100084f0      0x31c CMakeFiles/mellivora_picocalc.dir/src/apps.c.o
 .text.basic_assign
                0x1000880c       0xb8 CMakeFiles/mellivora_picocalc.dir/src/apps.c.o
 .text.basic_exec_stmt
                0x100088c4      0x8b0 CMakeFiles/mellivora_picocalc.dir/src/apps.c.o
 .text.app_seq  0x10009174       0xa4 CMakeFiles/mellivora_picocalc.dir/src/apps.c.o
 .text.settings_show
                0x10009218      0x180 CMakeFiles/mellivora_picocalc.dir/src/apps.c.o
 .text.app_read_line.constprop.0
                0x10009398       0xb8 CMakeFiles/mellivora_picocalc.dir/src/apps.c.o
 .text.app_guess
                0x10009450      0x18c CMakeFiles/mellivora_picocalc.dir/src/apps.c.o
 .text.app_read_line.constprop.1
                0x100095dc       0xb8 CMakeFiles/mellivora_picocalc.dir/src/apps.c.o
 .text.journal_show.constprop.0
                0x10009694       0x80 CMakeFiles/mellivora_picocalc.dir/src/apps.c.o
 .text.planner_show
                0x10009714       0xac CMakeFiles/mellivora_picocalc.dir/src/apps.c.o
 .text.journal_show
                0x100097c0       0xa8 CMakeFiles/mellivora_picocalc.dir/src/apps.c.o
 .text.app_clock
                0x10009868      0x360 CMakeFiles/mellivora_picocalc.dir/src/apps.c.o
 .text.app_join_path.constprop.0
                0x10009bc8       0xac CMakeFiles/mellivora_picocalc.dir/src/apps.c.o
 .text.app_tree_cb
                0x10009c74      0x154 CMakeFiles/mellivora_picocalc.dir/src/apps.c.o
 .text.app_du_list_cb.part.0
                0x10009dc8       0x98 CMakeFiles/mellivora_picocalc.dir/src/apps.c.o
 .text.app_du_list_cb
                0x10009e60       0x34 CMakeFiles/mellivora_picocalc.dir/src/apps.c.o
 .text.tinyc_show_vars
                0x10009e94       0xd8 CMakeFiles/mellivora_picocalc.dir/src/apps.c.o
 .text.app_basename
                0x10009f6c       0x7c CMakeFiles/mellivora_picocalc.dir/src/apps.c.o
 .text.app_du_accum_cb.part.0
                0x10009fe8       0xf4 CMakeFiles/mellivora_picocalc.dir/src/apps.c.o
 .text.app_du_accum_cb
                0x1000a0dc       0x4c CMakeFiles/mellivora_picocalc.dir/src/apps.c.o
 .text._sys_make_abs.constprop.0
                0x1000a128       0xd4 CMakeFiles/mellivora_picocalc.dir/src/apps.c.o
 .text.bookmarks_save
                0x1000a1fc       0xd0 CMakeFiles/mellivora_picocalc.dir/src/apps.c.o
 .text.planner_save
                0x1000a2cc       0xd8 CMakeFiles/mellivora_picocalc.dir/src/apps.c.o
 .text.todo_save
                0x1000a3a4       0xdc CMakeFiles/mellivora_picocalc.dir/src/apps.c.o
 .text.journal_save
                0x1000a480       0xd8 CMakeFiles/mellivora_picocalc.dir/src/apps.c.o
 .text.habits_save
                0x1000a558       0xe8 CMakeFiles/mellivora_picocalc.dir/src/apps.c.o
 .text.sys_fwrite
                0x1000a640       0xf0 CMakeFiles/mellivora_picocalc.dir/src/apps.c.o
 .text.editor_insert_line.constprop.0.isra.0
                0x1000a730       0xa0 CMakeFiles/mellivora_picocalc.dir/src/apps.c.o
 .text.sys_fread.constprop.0
                0x1000a7d0       0xf0 CMakeFiles/mellivora_picocalc.dir/src/apps.c.o
 .text.app_dirname
                0x1000a8c0       0xa8 CMakeFiles/mellivora_picocalc.dir/src/apps.c.o
 .text.tinyc_print_arg
                0x1000a968       0xf4 CMakeFiles/mellivora_picocalc.dir/src/apps.c.o
 .text.tinyc_exec_stmt
                0x1000aa5c      0x8b4 CMakeFiles/mellivora_picocalc.dir/src/apps.c.o
 .text.app_tinyc
                0x1000b310      0x104 CMakeFiles/mellivora_picocalc.dir/src/apps.c.o
 .text.app_tinyc.constprop.0
                0x1000b414       0x78 CMakeFiles/mellivora_picocalc.dir/src/apps.c.o
 .text.sprite_render.constprop.0
                0x1000b48c      0x9dc CMakeFiles/mellivora_picocalc.dir/src/apps.c.o
 .text.app_cal  0x1000be68      0x2bc CMakeFiles/mellivora_picocalc.dir/src/apps.c.o
 .text.app_hexdump_core
                0x1000c124      0x348 CMakeFiles/mellivora_picocalc.dir/src/apps.c.o
 .text.app_od   0x1000c46c        0xc CMakeFiles/mellivora_picocalc.dir/src/apps.c.o
 .text.app_hexdump
                0x1000c478        0xc CMakeFiles/mellivora_picocalc.dir/src/apps.c.o
 .text.app_script
                0x1000c484      0x15c CMakeFiles/mellivora_picocalc.dir/src/apps.c.o
 .text.app_coin
                0x1000c5e0      0x100 CMakeFiles/mellivora_picocalc.dir/src/apps.c.o
 .text.app_tail
                0x1000c6e0      0x194 CMakeFiles/mellivora_picocalc.dir/src/apps.c.o
 .text.basic_store_line
                0x1000c874      0x108 CMakeFiles/mellivora_picocalc.dir/src/apps.c.o
 .text.app_df   0x1000c97c      0x1d0 CMakeFiles/mellivora_picocalc.dir/src/apps.c.o
 .text.app_make_abs.constprop.0
                0x1000cb4c      0x110 CMakeFiles/mellivora_picocalc.dir/src/apps.c.o
 .text.load_file_bytes.constprop.0
                0x1000cc5c       0xc4 CMakeFiles/mellivora_picocalc.dir/src/apps.c.o
 .text.settings_set_path.constprop.0
                0x1000cd20       0x64 CMakeFiles/mellivora_picocalc.dir/src/apps.c.o
 .text.settings_apply_pair
                0x1000cd84      0x118 CMakeFiles/mellivora_picocalc.dir/src/apps.c.o
 .text.app_hexedit
                0x1000ce9c      0x7c4 CMakeFiles/mellivora_picocalc.dir/src/apps.c.o
 .text.app_mv   0x1000d660      0x114 CMakeFiles/mellivora_picocalc.dir/src/apps.c.o
 .text.app_snake
                0x1000d774      0x528 CMakeFiles/mellivora_picocalc.dir/src/apps.c.o
 .text.editor_load.constprop.0
                0x1000dc9c      0x218 CMakeFiles/mellivora_picocalc.dir/src/apps.c.o
 .text.app_sort
                0x1000deb4      0x200 CMakeFiles/mellivora_picocalc.dir/src/apps.c.o
 .text.app_pager
                0x1000e0b4      0x1b8 CMakeFiles/mellivora_picocalc.dir/src/apps.c.o
 .text.app_sprite
                0x1000e26c      0x490 CMakeFiles/mellivora_picocalc.dir/src/apps.c.o
 .text.app_basic
                0x1000e6fc      0x348 CMakeFiles/mellivora_picocalc.dir/src/apps.c.o
 .text.app_samples
                0x1000ea44      0x274 CMakeFiles/mellivora_picocalc.dir/src/apps.c.o
 .text.app_grep
                0x1000ecb8      0x1cc CMakeFiles/mellivora_picocalc.dir/src/apps.c.o
 .text.app_wc   0x1000ee84      0x1a0 CMakeFiles/mellivora_picocalc.dir/src/apps.c.o
 .text.app_dice
                0x1000f024      0x170 CMakeFiles/mellivora_picocalc.dir/src/apps.c.o
 .text.app_games
                0x1000f194      0x184 CMakeFiles/mellivora_picocalc.dir/src/apps.c.o
 .text.app_games.constprop.0
                0x1000f318      0x108 CMakeFiles/mellivora_picocalc.dir/src/apps.c.o
 .text.app_tree
                0x1000f420      0x1ec CMakeFiles/mellivora_picocalc.dir/src/apps.c.o
 .text.settings_save.constprop.0.isra.0
                0x1000f60c       0xec CMakeFiles/mellivora_picocalc.dir/src/apps.c.o
 .text.app_head
                0x1000f6f8      0x230 CMakeFiles/mellivora_picocalc.dir/src/apps.c.o
 .text.editor_save.constprop.0.isra.0
                0x1000f928      0x1c0 CMakeFiles/mellivora_picocalc.dir/src/apps.c.o
 .text.journal_load.constprop.0
                0x1000fae8      0x11c CMakeFiles/mellivora_picocalc.dir/src/apps.c.o
 .text.app_sprite.constprop.0
                0x1000fc04      0x488 CMakeFiles/mellivora_picocalc.dir/src/apps.c.o
 .text.app_paint
                0x1001008c      0x4cc CMakeFiles/mellivora_picocalc.dir/src/apps.c.o
 .text.app_stat
                0x10010558      0x100 CMakeFiles/mellivora_picocalc.dir/src/apps.c.o
 .text.settings_apply_live
                0x10010658      0x118 CMakeFiles/mellivora_picocalc.dir/src/apps.c.o
 .text.app_find
                0x10010770      0x13c CMakeFiles/mellivora_picocalc.dir/src/apps.c.o
 .text.app_cut  0x100108ac      0x1cc CMakeFiles/mellivora_picocalc.dir/src/apps.c.o
 .text.app_samples.constprop.0
                0x10010a78       0xb0 CMakeFiles/mellivora_picocalc.dir/src/apps.c.o
 .text.app_edit
                0x10010b28      0x950 CMakeFiles/mellivora_picocalc.dir/src/apps.c.o
 .text.app_planner
                0x10011478      0x3e0 CMakeFiles/mellivora_picocalc.dir/src/apps.c.o
 .text.app_habits
                0x10011858      0x49c CMakeFiles/mellivora_picocalc.dir/src/apps.c.o
 .text.app_journal
                0x10011cf4      0x1e4 CMakeFiles/mellivora_picocalc.dir/src/apps.c.o
 .text.app_notes
                0x10011ed8       0x68 CMakeFiles/mellivora_picocalc.dir/src/apps.c.o
 .text.app_browse
                0x10011f40      0x6b8 CMakeFiles/mellivora_picocalc.dir/src/apps.c.o
 .text.app_bookmarks
                0x100125f8      0x598 CMakeFiles/mellivora_picocalc.dir/src/apps.c.o
 .text.app_journal.constprop.0
                0x10012b90       0x4c CMakeFiles/mellivora_picocalc.dir/src/apps.c.o
 .text.app_rev  0x10012bdc      0x168 CMakeFiles/mellivora_picocalc.dir/src/apps.c.o
 .text.app_calc
                0x10012d44      0x374 CMakeFiles/mellivora_picocalc.dir/src/apps.c.o
 .text.app_find_cb
                0x100130b8      0x134 CMakeFiles/mellivora_picocalc.dir/src/apps.c.o
 .text.app_du   0x100131ec      0x13c CMakeFiles/mellivora_picocalc.dir/src/apps.c.o
 .text.app_todo
                0x10013328      0x4cc CMakeFiles/mellivora_picocalc.dir/src/apps.c.o
 .text.app_cp   0x100137f4       0xec CMakeFiles/mellivora_picocalc.dir/src/apps.c.o
 .text.settings_load.isra.0
                0x100138e0      0x1ec CMakeFiles/mellivora_picocalc.dir/src/apps.c.o
 .text.app_settings
                0x10013acc      0x104 CMakeFiles/mellivora_picocalc.dir/src/apps.c.o
 .text.app_set  0x10013bd0        0x4 CMakeFiles/mellivora_picocalc.dir/src/apps.c.o
 .text.app_calc.constprop.0
                0x10013bd4       0xf0 CMakeFiles/mellivora_picocalc.dir/src/apps.c.o
 .text.app_dashboard
                0x10013cc4      0x648 CMakeFiles/mellivora_picocalc.dir/src/apps.c.o
 .text.app_home
                0x1001430c      0x4e4 CMakeFiles/mellivora_picocalc.dir/src/apps.c.o
 .text.app_sysmon
                0x100147f0      0x210 CMakeFiles/mellivora_picocalc.dir/src/apps.c.o
 .text.app_run  0x10014a00       0x40 CMakeFiles/mellivora_picocalc.dir/src/apps.c.o
                0x10014a00                app_run
 .text.gpio_set_function
                0x10014a40       0x3c CMakeFiles/mellivora_picocalc.dir/pico-sdk/src/rp2_common/hardware_gpio/gpio.c.o
                0x10014a40                gpio_set_function
 .text.gpio_set_pulls
                0x10014a7c       0x28 CMakeFiles/mellivora_picocalc.dir/pico-sdk/src/rp2_common/hardware_gpio/gpio.c.o
                0x10014a7c                gpio_set_pulls
 .text.gpio_set_input_hysteresis_enabled
                0x10014aa4       0x20 CMakeFiles/mellivora_picocalc.dir/pico-sdk/src/rp2_common/hardware_gpio/gpio.c.o
                0x10014aa4                gpio_set_input_hysteresis_enabled
 .text.gpio_set_drive_strength
                0x10014ac4       0x20 CMakeFiles/mellivora_picocalc.dir/pico-sdk/src/rp2_common/hardware_gpio/gpio.c.o
                0x10014ac4                gpio_set_drive_strength
 .text.gpio_init
                0x10014ae4       0x48 CMakeFiles/mellivora_picocalc.dir/pico-sdk/src/rp2_common/hardware_gpio/gpio.c.o
                0x10014ae4                gpio_init
 .text.panic    0x10014b2c       0x30 CMakeFiles/mellivora_picocalc.dir/pico-sdk/src/rp2_common/pico_platform_panic/panic.c.o
                0x10014b2c                panic
 .text.hw_claim_or_assert
                0x10014b5c       0x58 CMakeFiles/mellivora_picocalc.dir/pico-sdk/src/common/hardware_claim/claim.c.o
                0x10014b5c                hw_claim_or_assert
 .text.hw_claim_unused_from_range
                0x10014bb4       0x9c CMakeFiles/mellivora_picocalc.dir/pico-sdk/src/common/hardware_claim/claim.c.o
                0x10014bb4                hw_claim_unused_from_range
 .text.next_striped_spin_lock_num
                0x10014c50       0x18 CMakeFiles/mellivora_picocalc.dir/pico-sdk/src/rp2_common/hardware_sync/sync.c.o
                0x10014c50                next_striped_spin_lock_num
 .text.spin_lock_claim_unused
                0x10014c68       0x20 CMakeFiles/mellivora_picocalc.dir/pico-sdk/src/rp2_common/hardware_sync/sync.c.o
                0x10014c68                spin_lock_claim_unused
 .text.spinlock_set_extexclall
                0x10014c88       0x10 CMakeFiles/mellivora_picocalc.dir/pico-sdk/src/rp2_common/hardware_sync_spin_lock/sync_spin_lock.c.o
 .text.spin_locks_reset
                0x10014c98       0x18 CMakeFiles/mellivora_picocalc.dir/pico-sdk/src/rp2_common/hardware_sync_spin_lock/sync_spin_lock.c.o
                0x10014c98                spin_locks_reset
 .text.runtime_init_per_core_irq_priorities
                0x10014cb0       0x40 CMakeFiles/mellivora_picocalc.dir/pico-sdk/src/rp2_common/hardware_irq/irq.c.o
                0x10014cb0                runtime_init_per_core_irq_priorities
 .text.irq_set_enabled
                0x10014cf0       0x2c CMakeFiles/mellivora_picocalc.dir/pico-sdk/src/rp2_common/hardware_irq/irq.c.o
                0x10014cf0                irq_set_enabled
 .text.irq_is_enabled
                0x10014d1c       0x20 CMakeFiles/mellivora_picocalc.dir/pico-sdk/src/rp2_common/hardware_irq/irq.c.o
                0x10014d1c                irq_is_enabled
 .text.irq_set_pending
                0x10014d3c       0x18 CMakeFiles/mellivora_picocalc.dir/pico-sdk/src/rp2_common/hardware_irq/irq.c.o
                0x10014d3c                irq_set_pending
 .text.irq_has_shared_handler
                0x10014d54       0x20 CMakeFiles/mellivora_picocalc.dir/pico-sdk/src/rp2_common/hardware_irq/irq.c.o
                0x10014d54                irq_has_shared_handler
 .text.irq_set_exclusive_handler
                0x10014d74       0x60 CMakeFiles/mellivora_picocalc.dir/pico-sdk/src/rp2_common/hardware_irq/irq.c.o
                0x10014d74                irq_set_exclusive_handler
 .text.irq_add_shared_handler
                0x10014dd4      0x204 CMakeFiles/mellivora_picocalc.dir/pico-sdk/src/rp2_common/hardware_irq/irq.c.o
                0x10014dd4                irq_add_shared_handler
 .text.irq_remove_handler
                0x10014fd8      0x1fc CMakeFiles/mellivora_picocalc.dir/pico-sdk/src/rp2_common/hardware_irq/irq.c.o
                0x10014fd8                irq_remove_handler
 .text.irq_add_tail_to_free_list
                0x100151d4       0xbc CMakeFiles/mellivora_picocalc.dir/pico-sdk/src/rp2_common/hardware_irq/irq.c.o
                0x100151d4                irq_add_tail_to_free_list
 .text.user_irq_claim_unused
                0x10015290       0x28 CMakeFiles/mellivora_picocalc.dir/pico-sdk/src/rp2_common/hardware_irq/irq.c.o
                0x10015290                user_irq_claim_unused
 .text.lock_init
                0x100152b8        0xc CMakeFiles/mellivora_picocalc.dir/pico-sdk/src/common/pico_sync/lock_core.c.o
                0x100152b8                lock_init
 .text.runtime_init_mutex
                0x100152c4       0x54 CMakeFiles/mellivora_picocalc.dir/pico-sdk/src/common/pico_sync/mutex.c.o
                0x100152c4                runtime_init_mutex
 .text.mutex_init
                0x10015318       0x1c CMakeFiles/mellivora_picocalc.dir/pico-sdk/src/common/pico_sync/mutex.c.o
                0x10015318                mutex_init
 .text.critical_section_init
                0x10015334       0x1c CMakeFiles/mellivora_picocalc.dir/pico-sdk/src/common/pico_sync/critical_section.c.o
                0x10015334                critical_section_init
 .text.critical_section_init_with_lock_num
                0x10015350       0x10 CMakeFiles/mellivora_picocalc.dir/pico-sdk/src/common/pico_sync/critical_section.c.o
                0x10015350                critical_section_init_with_lock_num
 .text.sleep_until_callback
                0x10015360       0x3c CMakeFiles/mellivora_picocalc.dir/pico-sdk/src/common/pico_time/time.c.o
 *fill*         0x1001539c        0x4 
 .text.alarm_pool_irq_handler
                0x100153a0      0x2e8 CMakeFiles/mellivora_picocalc.dir/pico-sdk/src/common/pico_time/time.c.o
 .text.runtime_init_default_alarm_pool
                0x10015688      0x100 CMakeFiles/mellivora_picocalc.dir/pico-sdk/src/common/pico_time/time.c.o
                0x10015688                runtime_init_default_alarm_pool
 .text.alarm_pool_get_default
                0x10015788        0x8 CMakeFiles/mellivora_picocalc.dir/pico-sdk/src/common/pico_time/time.c.o
                0x10015788                alarm_pool_get_default
 .text.alarm_pool_add_alarm_at
                0x10015790       0xdc CMakeFiles/mellivora_picocalc.dir/pico-sdk/src/common/pico_time/time.c.o
                0x10015790                alarm_pool_add_alarm_at
 .text.alarm_pool_add_alarm_at_force_in_context
                0x1001586c       0xc8 CMakeFiles/mellivora_picocalc.dir/pico-sdk/src/common/pico_time/time.c.o
                0x1001586c                alarm_pool_add_alarm_at_force_in_context
 .text.alarm_pool_cancel_alarm
                0x10015934       0x80 CMakeFiles/mellivora_picocalc.dir/pico-sdk/src/common/pico_time/time.c.o
                0x10015934                alarm_pool_cancel_alarm
 .text.alarm_pool_core_num
                0x100159b4        0x4 CMakeFiles/mellivora_picocalc.dir/pico-sdk/src/common/pico_time/time.c.o
                0x100159b4                alarm_pool_core_num
 .text.sleep_until
                0x100159b8       0xbc CMakeFiles/mellivora_picocalc.dir/pico-sdk/src/common/pico_time/time.c.o
                0x100159b8                sleep_until
 .text.sleep_us
                0x10015a74       0x30 CMakeFiles/mellivora_picocalc.dir/pico-sdk/src/common/pico_time/time.c.o
                0x10015a74                sleep_us
 .text.sleep_ms
                0x10015aa4       0x2c CMakeFiles/mellivora_picocalc.dir/pico-sdk/src/common/pico_time/time.c.o
                0x10015aa4                sleep_ms
 .text.best_effort_wfe_or_timeout
                0x10015ad0       0xdc CMakeFiles/mellivora_picocalc.dir/pico-sdk/src/common/pico_time/time.c.o
                0x10015ad0                best_effort_wfe_or_timeout
 .text.check_single_timeout_us
                0x10015bac       0x28 CMakeFiles/mellivora_picocalc.dir/pico-sdk/src/common/pico_time/timeout_helper.c.o
 .text.init_single_timeout_until
                0x10015bd4       0x10 CMakeFiles/mellivora_picocalc.dir/pico-sdk/src/common/pico_time/timeout_helper.c.o
                0x10015bd4                init_single_timeout_until
 .text.timer_hardware_alarm_claim
                0x10015be4       0x24 CMakeFiles/mellivora_picocalc.dir/pico-sdk/src/rp2_common/hardware_timer/timer.c.o
                0x10015be4                timer_hardware_alarm_claim
 .text.timer_time_us_64
                0x10015c08       0x10 CMakeFiles/mellivora_picocalc.dir/pico-sdk/src/rp2_common/hardware_timer/timer.c.o
                0x10015c08                timer_time_us_64
 .text.time_us_64
                0x10015c18       0x14 CMakeFiles/mellivora_picocalc.dir/pico-sdk/src/rp2_common/hardware_timer/timer.c.o
                0x10015c18                time_us_64
 .text.busy_wait_us_32
                0x10015c2c       0x74 CMakeFiles/mellivora_picocalc.dir/pico-sdk/src/rp2_common/hardware_timer/timer.c.o
                0x10015c2c                busy_wait_us_32
 .text.busy_wait_us
                0x10015ca0       0x5c CMakeFiles/mellivora_picocalc.dir/pico-sdk/src/rp2_common/hardware_timer/timer.c.o
                0x10015ca0                busy_wait_us
 .text.busy_wait_until
                0x10015cfc       0x24 CMakeFiles/mellivora_picocalc.dir/pico-sdk/src/rp2_common/hardware_timer/timer.c.o
                0x10015cfc                busy_wait_until
 .text.uart_init
                0x10015d20      0x104 CMakeFiles/mellivora_picocalc.dir/pico-sdk/src/rp2_common/hardware_uart/uart.c.o
                0x10015d20                uart_init
 .text.clock_configure_undivided
                0x10015e24       0xd0 CMakeFiles/mellivora_picocalc.dir/pico-sdk/src/rp2_common/hardware_clocks/clocks.c.o
                0x10015e24                clock_configure_undivided
 .text.clock_get_hz
                0x10015ef4        0xc CMakeFiles/mellivora_picocalc.dir/pico-sdk/src/rp2_common/hardware_clocks/clocks.c.o
                0x10015ef4                clock_get_hz
 .text.set_sys_clock_pll
                0x10015f00      0x184 CMakeFiles/mellivora_picocalc.dir/pico-sdk/src/rp2_common/hardware_clocks/clocks.c.o
                0x10015f00                set_sys_clock_pll
 .text.check_sys_clock_khz
                0x10016084      0x190 CMakeFiles/mellivora_picocalc.dir/pico-sdk/src/rp2_common/hardware_clocks/clocks.c.o
                0x10016084                check_sys_clock_khz
 .text.pll_init
                0x10016214       0x8c CMakeFiles/mellivora_picocalc.dir/pico-sdk/src/rp2_common/hardware_pll/pll.c.o
                0x10016214                pll_init
 .text.watchdog_reboot
                0x100162a0       0x98 CMakeFiles/mellivora_picocalc.dir/pico-sdk/src/rp2_common/hardware_watchdog/watchdog.c.o
                0x100162a0                watchdog_reboot
 .text.tick_start
                0x10016338       0x18 CMakeFiles/mellivora_picocalc.dir/pico-sdk/src/rp2_common/hardware_ticks/ticks.c.o
                0x10016338                tick_start
 .text.rom_reboot.constprop.0.isra.0
                0x10016350       0x34 CMakeFiles/mellivora_picocalc.dir/pico-sdk/src/rp2_common/pico_bootrom/bootrom.c.o
 .text.rom_func_lookup
                0x10016384       0x18 CMakeFiles/mellivora_picocalc.dir/pico-sdk/src/rp2_common/pico_bootrom/bootrom.c.o
                0x10016384                rom_func_lookup
 .text.rom_reset_usb_boot_extra
                0x1001639c       0x1c CMakeFiles/mellivora_picocalc.dir/pico-sdk/src/rp2_common/pico_bootrom/bootrom.c.o
                0x1001639c                rom_reset_usb_boot_extra
 .text.runtime_init_bootrom_locking_enable
                0x100163b8       0x14 CMakeFiles/mellivora_picocalc.dir/pico-sdk/src/rp2_common/pico_bootrom/bootrom_lock.c.o
                0x100163b8                runtime_init_bootrom_locking_enable
 .text.runtime_init_boot_locks_reset
                0x100163cc       0x1c CMakeFiles/mellivora_picocalc.dir/pico-sdk/src/rp2_common/hardware_boot_lock/boot_lock.c.o
                0x100163cc                runtime_init_boot_locks_reset
 .text.xosc_init
                0x100163e8       0x30 CMakeFiles/mellivora_picocalc.dir/pico-sdk/src/rp2_common/hardware_xosc/xosc.c.o
                0x100163e8                xosc_init
 .text.first_per_core_initializer
                0x10016418        0x4 CMakeFiles/mellivora_picocalc.dir/pico-sdk/src/rp2_common/pico_runtime/runtime.c.o
 .text.hard_assertion_failure
                0x1001641c        0xc CMakeFiles/mellivora_picocalc.dir/pico-sdk/src/rp2_common/pico_runtime/runtime.c.o
                0x1001641c                hard_assertion_failure
 .text.runtime_run_initializers
                0x10016428       0x20 CMakeFiles/mellivora_picocalc.dir/pico-sdk/src/rp2_common/pico_runtime/runtime.c.o
                0x10016428                runtime_run_initializers
 .text.runtime_init_early_resets
                0x10016448       0x34 CMakeFiles/mellivora_picocalc.dir/pico-sdk/src/rp2_common/pico_runtime_init/runtime_init.c.o
                0x10016448                runtime_init_early_resets
 .text.runtime_init_usb_power_down
                0x1001647c       0x1c CMakeFiles/mellivora_picocalc.dir/pico-sdk/src/rp2_common/pico_runtime_init/runtime_init.c.o
                0x1001647c                runtime_init_usb_power_down
 .text.runtime_init_per_core_enable_coprocessors
                0x10016498       0x1c CMakeFiles/mellivora_picocalc.dir/pico-sdk/src/rp2_common/pico_runtime_init/runtime_init.c.o
                0x10016498                runtime_init_per_core_enable_coprocessors
 .text.runtime_init_post_clock_resets
                0x100164b4       0x20 CMakeFiles/mellivora_picocalc.dir/pico-sdk/src/rp2_common/pico_runtime_init/runtime_init.c.o
                0x100164b4                runtime_init_post_clock_resets
 .text.runtime_init_bootrom_reset
                0x100164d4       0x14 CMakeFiles/mellivora_picocalc.dir/pico-sdk/src/rp2_common/pico_runtime_init/runtime_init.c.o
                0x100164d4                runtime_init_bootrom_reset
 .text.runtime_init_per_core_bootrom_reset
                0x100164e8       0x14 CMakeFiles/mellivora_picocalc.dir/pico-sdk/src/rp2_common/pico_runtime_init/runtime_init.c.o
                0x100164e8                runtime_init_per_core_bootrom_reset
 .text.runtime_init_spin_locks_reset
                0x100164fc        0x4 CMakeFiles/mellivora_picocalc.dir/pico-sdk/src/rp2_common/pico_runtime_init/runtime_init.c.o
                0x100164fc                runtime_init_spin_locks_reset
 .text.runtime_init_install_ram_vector_table
                0x10016500       0x74 CMakeFiles/mellivora_picocalc.dir/pico-sdk/src/rp2_common/pico_runtime_init/runtime_init.c.o
                0x10016500                runtime_init_install_ram_vector_table
 .text.runtime_init_clocks
                0x10016574       0xdc CMakeFiles/mellivora_picocalc.dir/pico-sdk/src/rp2_common/pico_runtime_init/runtime_init_clocks.c.o
                0x10016574                runtime_init_clocks
 .text.__rp2350_dcp_engaged_state_save_restore
                0x10016650       0x3a CMakeFiles/mellivora_picocalc.dir/pico-sdk/src/rp2_common/pico_double/double_aeabi_dcp.S.o
 *fill*         0x1001668a        0x2 
 .text.__wrap___aeabi_dadd
                0x1001668c       0x28 CMakeFiles/mellivora_picocalc.dir/pico-sdk/src/rp2_common/pico_double/double_aeabi_dcp.S.o
                0x10016694                __wrap___aeabi_dadd
 .text.__wrap___aeabi_dsub
                0x100166b4       0x28 CMakeFiles/mellivora_picocalc.dir/pico-sdk/src/rp2_common/pico_double/double_aeabi_dcp.S.o
                0x100166bc                __wrap___aeabi_dsub
 .text.__wrap___aeabi_dmul
                0x100166dc       0x4c CMakeFiles/mellivora_picocalc.dir/pico-sdk/src/rp2_common/pico_double/double_aeabi_dcp.S.o
                0x100166e4                __wrap___aeabi_dmul
 .text.__wrap___aeabi_ddiv
                0x10016728       0x9c CMakeFiles/mellivora_picocalc.dir/pico-sdk/src/rp2_common/pico_double/double_aeabi_dcp.S.o
                0x10016730                __wrap___aeabi_ddiv
 .text.__wrap___aeabi_i2d
                0x100167c4       0x24 CMakeFiles/mellivora_picocalc.dir/pico-sdk/src/rp2_common/pico_double/double_aeabi_dcp.S.o
                0x100167cc                __wrap___aeabi_i2d
                0x100167cc                int2double
 .text.__wrap___aeabi_ui2d
                0x100167e8       0x24 CMakeFiles/mellivora_picocalc.dir/pico-sdk/src/rp2_common/pico_double/double_aeabi_dcp.S.o
                0x100167f0                __wrap___aeabi_ui2d
                0x100167f0                uint2double
 .text.__wrap___aeabi_d2iz
                0x1001680c       0x24 CMakeFiles/mellivora_picocalc.dir/pico-sdk/src/rp2_common/pico_double/double_aeabi_dcp.S.o
                0x10016814                __wrap___aeabi_d2iz
                0x10016814                double2int_z
 .text.__wrap___aeabi_d2uiz
                0x10016830       0x24 CMakeFiles/mellivora_picocalc.dir/pico-sdk/src/rp2_common/pico_double/double_aeabi_dcp.S.o
                0x10016838                double2uint_z
                0x10016838                double2uint
                0x10016838                __wrap___aeabi_d2uiz
 .text.__wrap___aeabi_dcmpun
                0x10016854       0x24 CMakeFiles/mellivora_picocalc.dir/pico-sdk/src/rp2_common/pico_double/double_aeabi_dcp.S.o
                0x1001685c                __wrap___aeabi_dcmpun
 .text.__wrap___aeabi_dcmplt
                0x10016878       0x28 CMakeFiles/mellivora_picocalc.dir/pico-sdk/src/rp2_common/pico_double/double_aeabi_dcp.S.o
                0x10016880                __wrap___aeabi_dcmplt
 .text.__wrap___aeabi_dcmpge
                0x100168a0       0x28 CMakeFiles/mellivora_picocalc.dir/pico-sdk/src/rp2_common/pico_double/double_aeabi_dcp.S.o
                0x100168a8                __wrap___aeabi_dcmpge
 .text.__wrap___aeabi_dcmpgt
                0x100168c8       0x28 CMakeFiles/mellivora_picocalc.dir/pico-sdk/src/rp2_common/pico_double/double_aeabi_dcp.S.o
                0x100168d0                __wrap___aeabi_dcmpgt
 .text._out_buffer
                0x100168f0        0x8 CMakeFiles/mellivora_picocalc.dir/pico-sdk/src/rp2_common/pico_printf/printf.c.o
 .text._out_null
                0x100168f8        0x4 CMakeFiles/mellivora_picocalc.dir/pico-sdk/src/rp2_common/pico_printf/printf.c.o
 .text._out_rev
                0x100168fc       0x98 CMakeFiles/mellivora_picocalc.dir/pico-sdk/src/rp2_common/pico_printf/printf.c.o
 .text._ntoa_format
                0x10016994      0x294 CMakeFiles/mellivora_picocalc.dir/pico-sdk/src/rp2_common/pico_printf/printf.c.o
 .text._out_char
                0x10016c28        0x8 CMakeFiles/mellivora_picocalc.dir/pico-sdk/src/rp2_common/pico_printf/printf.c.o
 .text._etoa    0x10016c30      0x458 CMakeFiles/mellivora_picocalc.dir/pico-sdk/src/rp2_common/pico_printf/printf.c.o
 .text._ftoa    0x10017088      0x3f8 CMakeFiles/mellivora_picocalc.dir/pico-sdk/src/rp2_common/pico_printf/printf.c.o
 .text._vsnprintf
                0x10017480      0x9e4 CMakeFiles/mellivora_picocalc.dir/pico-sdk/src/rp2_common/pico_printf/printf.c.o
 .text.__wrap_snprintf
                0x10017e64       0x2c CMakeFiles/mellivora_picocalc.dir/pico-sdk/src/rp2_common/pico_printf/printf.c.o
                0x10017e64                __wrap_snprintf
 .text.__wrap_vsnprintf
                0x10017e90       0x24 CMakeFiles/mellivora_picocalc.dir/pico-sdk/src/rp2_common/pico_printf/printf.c.o
                0x10017e90                __wrap_vsnprintf
 .text.weak_raw_vprintf
                0x10017eb4       0x30 CMakeFiles/mellivora_picocalc.dir/pico-sdk/src/rp2_common/pico_printf/printf.c.o
                0x10017eb4                weak_raw_vprintf
 .text._exit    0x10017ee4        0x4 CMakeFiles/mellivora_picocalc.dir/pico-sdk/src/rp2_common/pico_clib_interface/newlib_interface.c.o
                0x10017ee4                _exit
 .text.exit     0x10017ee8        0x8 CMakeFiles/mellivora_picocalc.dir/pico-sdk/src/rp2_common/pico_clib_interface/newlib_interface.c.o
                0x10017ee8                exit
 .text.runtime_init
                0x10017ef0       0x24 CMakeFiles/mellivora_picocalc.dir/pico-sdk/src/rp2_common/pico_clib_interface/newlib_interface.c.o
                0x10017ef0                runtime_init
 .text.stdio_out_chars_no_crlf
                0x10017f14        0x8 CMakeFiles/mellivora_picocalc.dir/pico-sdk/src/rp2_common/pico_stdio/stdio.c.o
 .text.stdio_out_chars_crlf
                0x10017f1c       0xb8 CMakeFiles/mellivora_picocalc.dir/pico-sdk/src/rp2_common/pico_stdio/stdio.c.o
 .text.stdio_put_string
                0x10017fd4       0xf0 CMakeFiles/mellivora_picocalc.dir/pico-sdk/src/rp2_common/pico_stdio/stdio.c.o
                0x10017fd4                stdio_put_string
 .text.stdio_putchar_raw
                0x100180c4       0x84 CMakeFiles/mellivora_picocalc.dir/pico-sdk/src/rp2_common/pico_stdio/stdio.c.o
                0x100180c4                stdio_putchar_raw
 .text.stdio_set_driver_enabled
                0x10018148       0x28 CMakeFiles/mellivora_picocalc.dir/pico-sdk/src/rp2_common/pico_stdio/stdio.c.o
                0x10018148                stdio_set_driver_enabled
 .text.stdio_init_all
                0x10018170       0x10 CMakeFiles/mellivora_picocalc.dir/pico-sdk/src/rp2_common/pico_stdio/stdio.c.o
                0x10018170                stdio_init_all
 .text.stdio_getchar_timeout_us
                0x10018180       0x8c CMakeFiles/mellivora_picocalc.dir/pico-sdk/src/rp2_common/pico_stdio/stdio.c.o
                0x10018180                stdio_getchar_timeout_us
 .text.__wrap_putchar
                0x1001820c       0x84 CMakeFiles/mellivora_picocalc.dir/pico-sdk/src/rp2_common/pico_stdio/stdio.c.o
                0x1001820c                stdio_putchar
                0x1001820c                __wrap_putchar
 .text.__wrap_puts
                0x10018290       0x3c CMakeFiles/mellivora_picocalc.dir/pico-sdk/src/rp2_common/pico_stdio/stdio.c.o
                0x10018290                __wrap_puts
                0x10018290                stdio_puts
 .text.stdio_uart_out_chars
                0x100182cc       0x50 CMakeFiles/mellivora_picocalc.dir/pico-sdk/src/rp2_common/pico_stdio_uart/stdio_uart.c.o
 .text.stdio_uart_in_chars
                0x1001831c       0x90 CMakeFiles/mellivora_picocalc.dir/pico-sdk/src/rp2_common/pico_stdio_uart/stdio_uart.c.o
                0x1001831c                stdio_uart_in_chars
 .text.on_uart_rx
                0x100183ac       0x24 CMakeFiles/mellivora_picocalc.dir/pico-sdk/src/rp2_common/pico_stdio_uart/stdio_uart.c.o
 .text.stdio_uart_out_flush
                0x100183d0       0x10 CMakeFiles/mellivora_picocalc.dir/pico-sdk/src/rp2_common/pico_stdio_uart/stdio_uart.c.o
 .text.stdio_uart_set_chars_available_callback
                0x100183e0       0x84 CMakeFiles/mellivora_picocalc.dir/pico-sdk/src/rp2_common/pico_stdio_uart/stdio_uart.c.o
 .text.stdio_uart_init
                0x10018464       0x54 CMakeFiles/mellivora_picocalc.dir/pico-sdk/src/rp2_common/pico_stdio_uart/stdio_uart.c.o
                0x10018464                stdio_uart_init
 .text.resetd_init
                0x100184b8        0x4 CMakeFiles/mellivora_picocalc.dir/pico-sdk/src/rp2_common/pico_stdio_usb/reset_interface.c.o
 .text.resetd_reset
                0x100184bc        0xc CMakeFiles/mellivora_picocalc.dir/pico-sdk/src/rp2_common/pico_stdio_usb/reset_interface.c.o
 .text.resetd_open
                0x100184c8       0x28 CMakeFiles/mellivora_picocalc.dir/pico-sdk/src/rp2_common/pico_stdio_usb/reset_interface.c.o
 .text.resetd_xfer_cb
                0x100184f0        0x4 CMakeFiles/mellivora_picocalc.dir/pico-sdk/src/rp2_common/pico_stdio_usb/reset_interface.c.o
 .text.resetd_control_xfer_cb
                0x100184f4       0x50 CMakeFiles/mellivora_picocalc.dir/pico-sdk/src/rp2_common/pico_stdio_usb/reset_interface.c.o
 .text.tud_descriptor_bos_cb
                0x10018544        0x8 CMakeFiles/mellivora_picocalc.dir/pico-sdk/src/rp2_common/pico_stdio_usb/reset_interface.c.o
                0x10018544                tud_descriptor_bos_cb
 .text.tud_vendor_control_xfer_cb
                0x1001854c       0x28 CMakeFiles/mellivora_picocalc.dir/pico-sdk/src/rp2_common/pico_stdio_usb/reset_interface.c.o
                0x1001854c                tud_vendor_control_xfer_cb
 .text.usbd_app_driver_get_cb
                0x10018574       0x10 CMakeFiles/mellivora_picocalc.dir/pico-sdk/src/rp2_common/pico_stdio_usb/reset_interface.c.o
                0x10018574                usbd_app_driver_get_cb
 .text.tud_cdc_line_coding_cb
                0x10018584       0x18 CMakeFiles/mellivora_picocalc.dir/pico-sdk/src/rp2_common/pico_stdio_usb/reset_interface.c.o
                0x10018584                tud_cdc_line_coding_cb
 .text.stdio_usb_set_chars_available_callback
                0x1001859c       0x14 CMakeFiles/mellivora_picocalc.dir/pico-sdk/src/rp2_common/pico_stdio_usb/stdio_usb.c.o
                0x1001859c                stdio_usb_set_chars_available_callback
 .text.timer_task
                0x100185b0       0x70 CMakeFiles/mellivora_picocalc.dir/pico-sdk/src/rp2_common/pico_stdio_usb/stdio_usb.c.o
 .text.usb_irq  0x10018620        0xc CMakeFiles/mellivora_picocalc.dir/pico-sdk/src/rp2_common/pico_stdio_usb/stdio_usb.c.o
 .text.stdio_usb_in_chars
                0x1001862c       0x88 CMakeFiles/mellivora_picocalc.dir/pico-sdk/src/rp2_common/pico_stdio_usb/stdio_usb.c.o
                0x1001862c                stdio_usb_in_chars
 .text.stdio_usb_out_flush
                0x100186b4       0x54 CMakeFiles/mellivora_picocalc.dir/pico-sdk/src/rp2_common/pico_stdio_usb/stdio_usb.c.o
 .text.stdio_usb_out_chars
                0x10018708       0xf8 CMakeFiles/mellivora_picocalc.dir/pico-sdk/src/rp2_common/pico_stdio_usb/stdio_usb.c.o
 .text.low_priority_worker_irq
                0x10018800       0xd8 CMakeFiles/mellivora_picocalc.dir/pico-sdk/src/rp2_common/pico_stdio_usb/stdio_usb.c.o
 .text.stdio_usb_init
                0x100188d8       0xe8 CMakeFiles/mellivora_picocalc.dir/pico-sdk/src/rp2_common/pico_stdio_usb/stdio_usb.c.o
                0x100188d8                stdio_usb_init
 .text.tud_descriptor_device_cb
                0x100189c0        0x8 CMakeFiles/mellivora_picocalc.dir/pico-sdk/src/rp2_common/pico_stdio_usb/stdio_usb_descriptors.c.o
                0x100189c0                tud_descriptor_device_cb
 .text.tud_descriptor_configuration_cb
                0x100189c8        0x8 CMakeFiles/mellivora_picocalc.dir/pico-sdk/src/rp2_common/pico_stdio_usb/stdio_usb_descriptors.c.o
                0x100189c8                tud_descriptor_configuration_cb
 .text.tud_descriptor_string_cb
                0x100189d0       0x70 CMakeFiles/mellivora_picocalc.dir/pico-sdk/src/rp2_common/pico_stdio_usb/stdio_usb_descriptors.c.o
                0x100189d0                tud_descriptor_string_cb
 .text.startup._retrieve_unique_id_on_boot
                0x10018a40       0x30 CMakeFiles/mellivora_picocalc.dir/pico-sdk/src/rp2_common/pico_unique_id/unique_id.c.o
 .text.pico_get_unique_board_id_string
                0x10018a70      0x184 CMakeFiles/mellivora_picocalc.dir/pico-sdk/src/rp2_common/pico_unique_id/unique_id.c.o
                0x10018a70                pico_get_unique_board_id_string
 .text.dcd_init
                0x10018bf4       0x94 CMakeFiles/mellivora_picocalc.dir/pico-sdk/lib/tinyusb/src/portable/raspberrypi/rp2040/dcd_rp2040.c.o
                0x10018bf4                dcd_init
 .text.dcd_int_enable
                0x10018c88        0x8 CMakeFiles/mellivora_picocalc.dir/pico-sdk/lib/tinyusb/src/portable/raspberrypi/rp2040/dcd_rp2040.c.o
                0x10018c88                dcd_int_enable
 .text.dcd_set_address
                0x10018c90       0x10 CMakeFiles/mellivora_picocalc.dir/pico-sdk/lib/tinyusb/src/portable/raspberrypi/rp2040/dcd_rp2040.c.o
                0x10018c90                dcd_set_address
 .text.dcd_sof_enable
                0x10018ca0       0x1c CMakeFiles/mellivora_picocalc.dir/pico-sdk/lib/tinyusb/src/portable/raspberrypi/rp2040/dcd_rp2040.c.o
                0x10018ca0                dcd_sof_enable
 .text.dcd_edpt0_status_complete
                0x10018cbc       0x1c CMakeFiles/mellivora_picocalc.dir/pico-sdk/lib/tinyusb/src/portable/raspberrypi/rp2040/dcd_rp2040.c.o
                0x10018cbc                dcd_edpt0_status_complete
 .text.dcd_edpt_open
                0x10018cd8      0x108 CMakeFiles/mellivora_picocalc.dir/pico-sdk/lib/tinyusb/src/portable/raspberrypi/rp2040/dcd_rp2040.c.o
                0x10018cd8                dcd_edpt_open
 .text.dcd_edpt_close_all
                0x10018de0        0x4 CMakeFiles/mellivora_picocalc.dir/pico-sdk/lib/tinyusb/src/portable/raspberrypi/rp2040/dcd_rp2040.c.o
                0x10018de0                dcd_edpt_close_all
 .text.dcd_edpt_xfer
                0x10018de4       0x28 CMakeFiles/mellivora_picocalc.dir/pico-sdk/lib/tinyusb/src/portable/raspberrypi/rp2040/dcd_rp2040.c.o
                0x10018de4                dcd_edpt_xfer
 .text.dcd_edpt_stall
                0x10018e0c       0x30 CMakeFiles/mellivora_picocalc.dir/pico-sdk/lib/tinyusb/src/portable/raspberrypi/rp2040/dcd_rp2040.c.o
                0x10018e0c                dcd_edpt_stall
 .text.dcd_edpt_clear_stall
                0x10018e3c       0x2c CMakeFiles/mellivora_picocalc.dir/pico-sdk/lib/tinyusb/src/portable/raspberrypi/rp2040/dcd_rp2040.c.o
                0x10018e3c                dcd_edpt_clear_stall
 .text.rp2040_usb_init
                0x10018e68       0x40 CMakeFiles/mellivora_picocalc.dir/pico-sdk/lib/tinyusb/src/portable/raspberrypi/rp2040/rp2040_usb.c.o
                0x10018e68                rp2040_usb_init
 .text.hw_endpoint_xfer_start
                0x10018ea8       0x40 CMakeFiles/mellivora_picocalc.dir/pico-sdk/lib/tinyusb/src/portable/raspberrypi/rp2040/rp2040_usb.c.o
                0x10018ea8                hw_endpoint_xfer_start
 .text.configuration_reset
                0x10018ee8       0x8c CMakeFiles/mellivora_picocalc.dir/pico-sdk/lib/tinyusb/src/device/usbd.c.o
 .text.tud_event_hook_cb
                0x10018f74        0x4 CMakeFiles/mellivora_picocalc.dir/pico-sdk/lib/tinyusb/src/device/usbd.c.o
                0x10018f74                tud_event_hook_cb
 .text.tud_sof_cb
                0x10018f78        0x4 CMakeFiles/mellivora_picocalc.dir/pico-sdk/lib/tinyusb/src/device/usbd.c.o
                0x10018f78                tud_sof_cb
 .text.tud_descriptor_device_qualifier_cb
                0x10018f7c        0x4 CMakeFiles/mellivora_picocalc.dir/pico-sdk/lib/tinyusb/src/device/usbd.c.o
                0x10018f7c                tud_descriptor_device_qualifier_cb
 .text.tud_descriptor_other_speed_configuration_cb
                0x10018f80        0x4 CMakeFiles/mellivora_picocalc.dir/pico-sdk/lib/tinyusb/src/device/usbd.c.o
                0x10018f80                tud_descriptor_other_speed_configuration_cb
 .text.tud_mount_cb
                0x10018f84        0x4 CMakeFiles/mellivora_picocalc.dir/pico-sdk/lib/tinyusb/src/device/usbd.c.o
                0x10018f84                tud_mount_cb
 .text.tud_umount_cb
                0x10018f88        0x4 CMakeFiles/mellivora_picocalc.dir/pico-sdk/lib/tinyusb/src/device/usbd.c.o
                0x10018f88                tud_umount_cb
 .text.tud_suspend_cb
                0x10018f8c        0x4 CMakeFiles/mellivora_picocalc.dir/pico-sdk/lib/tinyusb/src/device/usbd.c.o
                0x10018f8c                tud_suspend_cb
 .text.tud_resume_cb
                0x10018f90        0x4 CMakeFiles/mellivora_picocalc.dir/pico-sdk/lib/tinyusb/src/device/usbd.c.o
                0x10018f90                tud_resume_cb
 .text.tud_mounted
                0x10018f94       0x10 CMakeFiles/mellivora_picocalc.dir/pico-sdk/lib/tinyusb/src/device/usbd.c.o
                0x10018f94                tud_mounted
 .text.tud_suspended
                0x10018fa4       0x10 CMakeFiles/mellivora_picocalc.dir/pico-sdk/lib/tinyusb/src/device/usbd.c.o
                0x10018fa4                tud_suspended
 .text.tud_rhport_init
                0x10018fb4       0xf8 CMakeFiles/mellivora_picocalc.dir/pico-sdk/lib/tinyusb/src/device/usbd.c.o
                0x10018fb4                tud_rhport_init
 .text.tud_task_ext
                0x100190ac      0x7ac CMakeFiles/mellivora_picocalc.dir/pico-sdk/lib/tinyusb/src/device/usbd.c.o
                0x100190ac                tud_task_ext
 .text.usbd_open_edpt_pair
                0x10019858       0x9c CMakeFiles/mellivora_picocalc.dir/pico-sdk/lib/tinyusb/src/device/usbd.c.o
                0x10019858                usbd_open_edpt_pair
 .text.usbd_edpt_open
                0x100198f4       0x44 CMakeFiles/mellivora_picocalc.dir/pico-sdk/lib/tinyusb/src/device/usbd.c.o
                0x100198f4                usbd_edpt_open
 .text.usbd_edpt_claim
                0x10019938       0x24 CMakeFiles/mellivora_picocalc.dir/pico-sdk/lib/tinyusb/src/device/usbd.c.o
                0x10019938                usbd_edpt_claim
 .text.usbd_edpt_release
                0x1001995c       0x24 CMakeFiles/mellivora_picocalc.dir/pico-sdk/lib/tinyusb/src/device/usbd.c.o
                0x1001995c                usbd_edpt_release
 .text.usbd_edpt_xfer
                0x10019980       0x70 CMakeFiles/mellivora_picocalc.dir/pico-sdk/lib/tinyusb/src/device/usbd.c.o
                0x10019980                usbd_edpt_xfer
 .text.tud_control_status
                0x100199f0       0x34 CMakeFiles/mellivora_picocalc.dir/pico-sdk/lib/tinyusb/src/device/usbd_control.c.o
                0x100199f0                tud_control_status
 .text.tud_control_xfer
                0x10019a24       0xac CMakeFiles/mellivora_picocalc.dir/pico-sdk/lib/tinyusb/src/device/usbd_control.c.o
                0x10019a24                tud_control_xfer
 .text.usbd_control_reset
                0x10019ad0       0x14 CMakeFiles/mellivora_picocalc.dir/pico-sdk/lib/tinyusb/src/device/usbd_control.c.o
                0x10019ad0                usbd_control_reset
 .text.usbd_control_set_complete_callback
                0x10019ae4        0xc CMakeFiles/mellivora_picocalc.dir/pico-sdk/lib/tinyusb/src/device/usbd_control.c.o
                0x10019ae4                usbd_control_set_complete_callback
 .text.usbd_control_set_request
                0x10019af0       0x1c CMakeFiles/mellivora_picocalc.dir/pico-sdk/lib/tinyusb/src/device/usbd_control.c.o
                0x10019af0                usbd_control_set_request
 .text.usbd_control_xfer_cb
                0x10019b0c       0xfc CMakeFiles/mellivora_picocalc.dir/pico-sdk/lib/tinyusb/src/device/usbd_control.c.o
                0x10019b0c                usbd_control_xfer_cb
 .text._prep_out_transaction.isra.0
                0x10019c08       0x74 CMakeFiles/mellivora_picocalc.dir/pico-sdk/lib/tinyusb/src/class/cdc/cdc_device.c.o
 .text.tud_cdc_n_connected
                0x10019c7c       0x2c CMakeFiles/mellivora_picocalc.dir/pico-sdk/lib/tinyusb/src/class/cdc/cdc_device.c.o
                0x10019c7c                tud_cdc_n_connected
 .text.tud_cdc_n_available
                0x10019ca8       0x18 CMakeFiles/mellivora_picocalc.dir/pico-sdk/lib/tinyusb/src/class/cdc/cdc_device.c.o
                0x10019ca8                tud_cdc_n_available
 .text.tud_cdc_n_read
                0x10019cc0       0x8c CMakeFiles/mellivora_picocalc.dir/pico-sdk/lib/tinyusb/src/class/cdc/cdc_device.c.o
                0x10019cc0                tud_cdc_n_read
 .text.tud_cdc_n_write_flush
                0x10019d4c       0x8c CMakeFiles/mellivora_picocalc.dir/pico-sdk/lib/tinyusb/src/class/cdc/cdc_device.c.o
                0x10019d4c                tud_cdc_n_write_flush
 .text.tud_cdc_n_write
                0x10019dd8       0x44 CMakeFiles/mellivora_picocalc.dir/pico-sdk/lib/tinyusb/src/class/cdc/cdc_device.c.o
                0x10019dd8                tud_cdc_n_write
 .text.tud_cdc_n_write_available
                0x10019e1c       0x18 CMakeFiles/mellivora_picocalc.dir/pico-sdk/lib/tinyusb/src/class/cdc/cdc_device.c.o
                0x10019e1c                tud_cdc_n_write_available
 .text.cdcd_init
                0x10019e34       0x70 CMakeFiles/mellivora_picocalc.dir/pico-sdk/lib/tinyusb/src/class/cdc/cdc_device.c.o
                0x10019e34                cdcd_init
 .text.cdcd_deinit
                0x10019ea4       0x2c CMakeFiles/mellivora_picocalc.dir/pico-sdk/lib/tinyusb/src/class/cdc/cdc_device.c.o
                0x10019ea4                cdcd_deinit
 .text.cdcd_reset
                0x10019ed0       0x4c CMakeFiles/mellivora_picocalc.dir/pico-sdk/lib/tinyusb/src/class/cdc/cdc_device.c.o
                0x10019ed0                cdcd_reset
 .text.cdcd_open
                0x10019f1c       0xbc CMakeFiles/mellivora_picocalc.dir/pico-sdk/lib/tinyusb/src/class/cdc/cdc_device.c.o
                0x10019f1c                cdcd_open
 .text.cdcd_control_xfer_cb
                0x10019fd8       0xc0 CMakeFiles/mellivora_picocalc.dir/pico-sdk/lib/tinyusb/src/class/cdc/cdc_device.c.o
                0x10019fd8                cdcd_control_xfer_cb
 .text.cdcd_xfer_cb
                0x1001a098       0xfc CMakeFiles/mellivora_picocalc.dir/pico-sdk/lib/tinyusb/src/class/cdc/cdc_device.c.o
                0x1001a098                cdcd_xfer_cb
 .text.vendord_init
                0x1001a194       0x5c CMakeFiles/mellivora_picocalc.dir/pico-sdk/lib/tinyusb/src/class/vendor/vendor_device.c.o
                0x1001a194                vendord_init
 .text.vendord_deinit
                0x1001a1f0       0x1c CMakeFiles/mellivora_picocalc.dir/pico-sdk/lib/tinyusb/src/class/vendor/vendor_device.c.o
                0x1001a1f0                vendord_deinit
 .text.vendord_reset
                0x1001a20c       0x24 CMakeFiles/mellivora_picocalc.dir/pico-sdk/lib/tinyusb/src/class/vendor/vendor_device.c.o
                0x1001a20c                vendord_reset
 .text.vendord_open
                0x1001a230      0x100 CMakeFiles/mellivora_picocalc.dir/pico-sdk/lib/tinyusb/src/class/vendor/vendor_device.c.o
                0x1001a230                vendord_open
 .text.vendord_xfer_cb
                0x1001a330       0x88 CMakeFiles/mellivora_picocalc.dir/pico-sdk/lib/tinyusb/src/class/vendor/vendor_device.c.o
                0x1001a330                vendord_xfer_cb
 .text.tusb_rhport_init
                0x1001a3b8       0x60 CMakeFiles/mellivora_picocalc.dir/pico-sdk/lib/tinyusb/src/tusb.c.o
                0x1001a3b8                tusb_rhport_init
 .text.tu_edpt_claim
                0x1001a418       0x54 CMakeFiles/mellivora_picocalc.dir/pico-sdk/lib/tinyusb/src/tusb.c.o
                0x1001a418                tu_edpt_claim
 .text.tu_edpt_release
                0x1001a46c       0x38 CMakeFiles/mellivora_picocalc.dir/pico-sdk/lib/tinyusb/src/tusb.c.o
                0x1001a46c                tu_edpt_release
 .text.tu_edpt_validate
                0x1001a4a4       0x64 CMakeFiles/mellivora_picocalc.dir/pico-sdk/lib/tinyusb/src/tusb.c.o
                0x1001a4a4                tu_edpt_validate
 .text.tu_edpt_bind_driver
                0x1001a508       0x58 CMakeFiles/mellivora_picocalc.dir/pico-sdk/lib/tinyusb/src/tusb.c.o
                0x1001a508                tu_edpt_bind_driver
 .text.tu_edpt_stream_init
                0x1001a560       0x58 CMakeFiles/mellivora_picocalc.dir/pico-sdk/lib/tinyusb/src/tusb.c.o
                0x1001a560                tu_edpt_stream_init
 .text.tu_edpt_stream_deinit
                0x1001a5b8        0x4 CMakeFiles/mellivora_picocalc.dir/pico-sdk/lib/tinyusb/src/tusb.c.o
                0x1001a5b8                tu_edpt_stream_deinit
 .text.tu_edpt_stream_write_zlp_if_needed
                0x1001a5bc       0x68 CMakeFiles/mellivora_picocalc.dir/pico-sdk/lib/tinyusb/src/tusb.c.o
                0x1001a5bc                tu_edpt_stream_write_zlp_if_needed
 .text.tu_edpt_stream_write_xfer
                0x1001a624       0x70 CMakeFiles/mellivora_picocalc.dir/pico-sdk/lib/tinyusb/src/tusb.c.o
                0x1001a624                tu_edpt_stream_write_xfer
 .text.tu_edpt_stream_read_xfer
                0x1001a694       0xd4 CMakeFiles/mellivora_picocalc.dir/pico-sdk/lib/tinyusb/src/tusb.c.o
                0x1001a694                tu_edpt_stream_read_xfer
 .text.tu_fifo_config
                0x1001a768       0x60 CMakeFiles/mellivora_picocalc.dir/pico-sdk/lib/tinyusb/src/common/tusb_fifo.c.o
                0x1001a768                tu_fifo_config
 .text.tu_fifo_count
                0x1001a7c8       0x20 CMakeFiles/mellivora_picocalc.dir/pico-sdk/lib/tinyusb/src/common/tusb_fifo.c.o
                0x1001a7c8                tu_fifo_count
 .text.tu_fifo_empty
                0x1001a7e8       0x14 CMakeFiles/mellivora_picocalc.dir/pico-sdk/lib/tinyusb/src/common/tusb_fifo.c.o
                0x1001a7e8                tu_fifo_empty
 .text.tu_fifo_remaining
                0x1001a7fc       0x24 CMakeFiles/mellivora_picocalc.dir/pico-sdk/lib/tinyusb/src/common/tusb_fifo.c.o
                0x1001a7fc                tu_fifo_remaining
 .text.tu_fifo_read
                0x1001a820       0x94 CMakeFiles/mellivora_picocalc.dir/pico-sdk/lib/tinyusb/src/common/tusb_fifo.c.o
                0x1001a820                tu_fifo_read
 .text.tu_fifo_read_n
                0x1001a8b4       0xd8 CMakeFiles/mellivora_picocalc.dir/pico-sdk/lib/tinyusb/src/common/tusb_fifo.c.o
                0x1001a8b4                tu_fifo_read_n
 .text.tu_fifo_write
                0x1001a98c       0x84 CMakeFiles/mellivora_picocalc.dir/pico-sdk/lib/tinyusb/src/common/tusb_fifo.c.o
                0x1001a98c                tu_fifo_write
 .text.tu_fifo_write_n
                0x1001aa10      0x194 CMakeFiles/mellivora_picocalc.dir/pico-sdk/lib/tinyusb/src/common/tusb_fifo.c.o
                0x1001aa10                tu_fifo_write_n
 .text.tu_fifo_clear
                0x1001aba4       0x38 CMakeFiles/mellivora_picocalc.dir/pico-sdk/lib/tinyusb/src/common/tusb_fifo.c.o
                0x1001aba4                tu_fifo_clear
 .text.tu_fifo_set_overwritable
                0x1001abdc       0x3c CMakeFiles/mellivora_picocalc.dir/pico-sdk/lib/tinyusb/src/common/tusb_fifo.c.o
                0x1001abdc                tu_fifo_set_overwritable
 .text.spi_init
                0x1001ac18       0xf8 CMakeFiles/mellivora_picocalc.dir/pico-sdk/src/rp2_common/hardware_spi/spi.c.o
                0x1001ac18                spi_init
 .text.i2c_write_blocking_internal
                0x1001ad10      0x188 CMakeFiles/mellivora_picocalc.dir/pico-sdk/src/rp2_common/hardware_i2c/i2c.c.o
 .text.i2c_read_blocking_internal
                0x1001ae98       0xac CMakeFiles/mellivora_picocalc.dir/pico-sdk/src/rp2_common/hardware_i2c/i2c.c.o
 .text.i2c_set_baudrate
                0x1001af44       0xa8 CMakeFiles/mellivora_picocalc.dir/pico-sdk/src/rp2_common/hardware_i2c/i2c.c.o
                0x1001af44                i2c_set_baudrate
 .text.i2c_init
                0x1001afec       0x4c CMakeFiles/mellivora_picocalc.dir/pico-sdk/src/rp2_common/hardware_i2c/i2c.c.o
                0x1001afec                i2c_init
 .text.i2c_write_blocking_until
                0x1001b038       0x3c CMakeFiles/mellivora_picocalc.dir/pico-sdk/src/rp2_common/hardware_i2c/i2c.c.o
                0x1001b038                i2c_write_blocking_until
 .text.i2c_read_blocking_until
                0x1001b074       0x3c CMakeFiles/mellivora_picocalc.dir/pico-sdk/src/rp2_common/hardware_i2c/i2c.c.o
                0x1001b074                i2c_read_blocking_until
 .text          0x1001b0b0       0x10 /usr/lib/gcc/arm-none-eabi/12.2.1/../../../arm-none-eabi/lib/thumb/v8-m.main+fp/softfp/libg.a(lib_a-atoi.o)
                0x1001b0b0                atoi
                0x1001b0b8                _atoi_r
 .text          0x1001b0c0        0xc /usr/lib/gcc/arm-none-eabi/12.2.1/../../../arm-none-eabi/lib/thumb/v8-m.main+fp/softfp/libg.a(lib_a-errno.o)
                0x1001b0c0                __errno
 .text          0x1001b0cc       0xec /usr/lib/gcc/arm-none-eabi/12.2.1/../../../arm-none-eabi/lib/thumb/v8-m.main+fp/softfp/libg.a(lib_a-memcpy.o)
                0x1001b0cc                memcpy
 .text          0x1001b1b8      0x100 /usr/lib/gcc/arm-none-eabi/12.2.1/../../../arm-none-eabi/lib/thumb/v8-m.main+fp/softfp/libg.a(lib_a-memmove.o)
                0x1001b1b8                memmove
 .text          0x1001b2b8       0xa8 /usr/lib/gcc/arm-none-eabi/12.2.1/../../../arm-none-eabi/lib/thumb/v8-m.main+fp/softfp/libg.a(lib_a-memset.o)
                0x1001b2b8                memset
 .text          0x1001b360       0xd0 /usr/lib/gcc/arm-none-eabi/12.2.1/../../../arm-none-eabi/lib/thumb/v8-m.main+fp/softfp/libg.a(lib_a-strchr.o)
                0x1001b360                strchr
 .text          0x1001b430      0x1bc /usr/lib/gcc/arm-none-eabi/12.2.1/../../../arm-none-eabi/lib/thumb/v8-m.main+fp/softfp/libg.a(lib_a-strcmp.o)
                0x1001b430                strcmp
 .text          0x1001b5ec       0x5c /usr/lib/gcc/arm-none-eabi/12.2.1/../../../arm-none-eabi/lib/thumb/v8-m.main+fp/softfp/libg.a(lib_a-strlen-stub.o)
                0x1001b5ec                strlen
 .text          0x1001b648       0x84 /usr/lib/gcc/arm-none-eabi/12.2.1/../../../arm-none-eabi/lib/thumb/v8-m.main+fp/softfp/libg.a(lib_a-strncmp.o)
                0x1001b648                strncmp
 .text          0x1001b6cc       0x68 /usr/lib/gcc/arm-none-eabi/12.2.1/../../../arm-none-eabi/lib/thumb/v8-m.main+fp/softfp/libg.a(lib_a-strncpy.o)
                0x1001b6cc                strncpy
 .text          0x1001b734       0x24 /usr/lib/gcc/arm-none-eabi/12.2.1/../../../arm-none-eabi/lib/thumb/v8-m.main+fp/softfp/libg.a(lib_a-strrchr.o)
                0x1001b734                strrchr
 .text          0x1001b758       0x70 /usr/lib/gcc/arm-none-eabi/12.2.1/../../../arm-none-eabi/lib/thumb/v8-m.main+fp/softfp/libg.a(lib_a-strtok_r.o)
                0x1001b758                __strtok_r
                0x1001b7c0                strtok_r
 .text          0x1001b7c8      0x170 /usr/lib/gcc/arm-none-eabi/12.2.1/../../../arm-none-eabi/lib/thumb/v8-m.main+fp/softfp/libg.a(lib_a-strtol.o)
                0x1001b8c8                _strtol_r
                0x1001b8e0                strtol_l
                0x1001b90c                strtol
 .text          0x1001b938      0x150 /usr/lib/gcc/arm-none-eabi/12.2.1/../../../arm-none-eabi/lib/thumb/v8-m.main+fp/softfp/libg.a(lib_a-strtoul.o)
                0x1001ba54                _strtoul_r
                0x1001ba58                strtoul_l
                0x1001ba70                strtoul
 *(.fini)
 .fini          0x1001ba88        0x4 /usr/lib/gcc/arm-none-eabi/12.2.1/thumb/v8-m.main+fp/softfp/crti.o
                0x1001ba88                _fini
 *fill*         0x1001ba8c        0x4 
 .fini.__stub   0x1001ba90       0x60 linker stubs
 *crtbegin.o(.ctors)
 *crtbegin?.o(.ctors)
 *(EXCLUDE_FILE(*crtend.o *crtend?.o) .ctors)
 *(SORT_BY_NAME(.ctors.*))
 *(.ctors)
 *crtbegin.o(.dtors)
 *crtbegin?.o(.dtors)
 *(EXCLUDE_FILE(*crtend.o *crtend?.o) .dtors)
 *(SORT_BY_NAME(.dtors.*))
 *(.dtors)
                0x1001baf0                        . = ALIGN (0x4)
                0x1001baf0                        PROVIDE (__preinit_array_start = .)
 *(SORT_BY_NAME(.preinit_array.*))
 .preinit_array.00050
                0x1001baf0        0x4 CMakeFiles/mellivora_picocalc.dir/pico-sdk/src/rp2_common/pico_runtime_init/runtime_init.c.o
                0x1001baf0                __pre_init_runtime_init_bootrom_reset
 .preinit_array.00100
                0x1001baf4        0x4 CMakeFiles/mellivora_picocalc.dir/pico-sdk/src/rp2_common/pico_runtime_init/runtime_init.c.o
                0x1001baf4                __pre_init_runtime_init_early_resets
 .preinit_array.00101
                0x1001baf8        0x4 CMakeFiles/mellivora_picocalc.dir/pico-sdk/src/rp2_common/pico_runtime_init/runtime_init.c.o
                0x1001baf8                __pre_init_runtime_init_usb_power_down
 .preinit_array.00500
                0x1001bafc        0x4 CMakeFiles/mellivora_picocalc.dir/pico-sdk/src/rp2_common/pico_runtime_init/runtime_init.c.o
                0x1001bafc                __pre_init_runtime_init_clocks
 .preinit_array.00600
                0x1001bb00        0x4 CMakeFiles/mellivora_picocalc.dir/pico-sdk/src/rp2_common/pico_runtime_init/runtime_init.c.o
                0x1001bb00                __pre_init_runtime_init_post_clock_resets
 .preinit_array.01000
                0x1001bb04        0x4 CMakeFiles/mellivora_picocalc.dir/pico-sdk/src/rp2_common/hardware_boot_lock/boot_lock.c.o
                0x1001bb04                __pre_init_runtime_init_boot_locks_reset
 .preinit_array.01000
                0x1001bb08        0x4 CMakeFiles/mellivora_picocalc.dir/pico-sdk/src/rp2_common/pico_runtime_init/runtime_init.c.o
                0x1001bb08                __pre_init_runtime_init_spin_locks_reset
 .preinit_array.01010
                0x1001bb0c        0x4 CMakeFiles/mellivora_picocalc.dir/pico-sdk/src/rp2_common/pico_bootrom/bootrom_lock.c.o
                0x1001bb0c                __pre_init_runtime_init_bootrom_locking_enable
 .preinit_array.01100
                0x1001bb10        0x4 CMakeFiles/mellivora_picocalc.dir/pico-sdk/src/common/pico_sync/mutex.c.o
                0x1001bb10                __pre_init_runtime_init_mutex
 .preinit_array.10080
                0x1001bb14        0x4 CMakeFiles/mellivora_picocalc.dir/pico-sdk/src/rp2_common/pico_runtime_init/runtime_init.c.o
                0x1001bb14                __pre_init_runtime_init_install_ram_vector_table
 .preinit_array.11000
                0x1001bb18        0x4 CMakeFiles/mellivora_picocalc.dir/pico-sdk/src/common/pico_time/time.c.o
                0x1001bb18                __pre_init_runtime_init_default_alarm_pool
 .preinit_array.YYYYY
                0x1001bb1c        0x4 CMakeFiles/mellivora_picocalc.dir/pico-sdk/src/rp2_common/pico_runtime/runtime.c.o
                0x1001bb1c                __pre_init_first_per_core_initializer
 .preinit_array.ZZZZZ.00051
                0x1001bb20        0x4 CMakeFiles/mellivora_picocalc.dir/pico-sdk/src/rp2_common/pico_runtime_init/runtime_init.c.o
                0x1001bb20                __pre_init_runtime_init_per_core_bootrom_reset
 .preinit_array.ZZZZZ.00200
                0x1001bb24        0x4 CMakeFiles/mellivora_picocalc.dir/pico-sdk/src/rp2_common/pico_runtime_init/runtime_init.c.o
                0x1001bb24                __pre_init_runtime_init_per_core_enable_coprocessors
 .preinit_array.ZZZZZ.01000
                0x1001bb28        0x4 CMakeFiles/mellivora_picocalc.dir/pico-sdk/src/rp2_common/hardware_sync_spin_lock/sync_spin_lock.c.o
                0x1001bb28                __pre_init_spinlock_set_extexclall
 .preinit_array.ZZZZZ.01200
                0x1001bb2c        0x4 CMakeFiles/mellivora_picocalc.dir/pico-sdk/src/rp2_common/hardware_irq/irq.c.o
                0x1001bb2c                __pre_init_runtime_init_per_core_irq_priorities
 *(.preinit_array)
                0x1001bb30                        PROVIDE (__preinit_array_end = .)
                0x1001bb30                        . = ALIGN (0x4)
                0x1001bb30                        PROVIDE (__init_array_start = .)
 *(SORT_BY_NAME(.init_array.*))
 .init_array.01000
                0x1001bb30        0x4 CMakeFiles/mellivora_picocalc.dir/pico-sdk/src/rp2_common/pico_unique_id/unique_id.c.o
 *(.init_array)
 .init_array    0x1001bb34        0x4 /usr/lib/gcc/arm-none-eabi/12.2.1/thumb/v8-m.main+fp/softfp/crtbegin.o
                0x1001bb38                        PROVIDE (__init_array_end = .)
                0x1001bb38                        . = ALIGN (0x4)
                0x1001bb38                        PROVIDE (__fini_array_start = .)
 *(SORT_BY_NAME(.fini_array.*))
 *(.fini_array)
                0x1001bb38                        PROVIDE (__fini_array_end = .)
 *(.eh_frame*)
 .eh_frame      0x1001bb38        0x0 /usr/lib/gcc/arm-none-eabi/12.2.1/thumb/v8-m.main+fp/softfp/crtbegin.o
                0x1001bb38                        . = ALIGN (0x4)

.glue_7         0x1001bb38        0x0
 .glue_7        0x1001bb38        0x0 linker stubs

.glue_7t        0x1001bb38        0x0
 .glue_7t       0x1001bb38        0x0 linker stubs

.vfp11_veneer   0x1001bb38        0x0
 .vfp11_veneer  0x1001bb38        0x0 linker stubs

.v4_bx          0x1001bb38        0x0
 .v4_bx         0x1001bb38        0x0 linker stubs

.iplt           0x1001bb38        0x0
 .iplt          0x1001bb38        0x0 /usr/lib/gcc/arm-none-eabi/12.2.1/thumb/v8-m.main+fp/softfp/crtbegin.o

.boot2          0x1001bb38        0x0
                0x1001bb38                        __boot2_start__ = .
 *(.boot2)
                0x1001bb38                        __boot2_end__ = .
                0x00000001                        ASSERT (((__boot2_end__ - __boot2_start__) <= 0x100), ERROR: Pico second stage bootloader must be no more than 256 bytes in size)

.rodata         0x1001bb38     0x575c
 *(EXCLUDE_FILE(*libm.a: *libc.a:*lib_a-mem*.o *libgcc.a:) .rodata*)
 .rodata.resolve_abs.str1.4
                0x1001bb38       0x13 CMakeFiles/mellivora_picocalc.dir/src/main.c.o
                                 0x17 (size before relaxing)
 *fill*         0x1001bb4b        0x1 
 .rodata._ls_entry.str1.4
                0x1001bb4c       0x1c CMakeFiles/mellivora_picocalc.dir/src/main.c.o
 .rodata.cmd_ls.str1.4
                0x1001bb68       0x2c CMakeFiles/mellivora_picocalc.dir/src/main.c.o
 .rodata.cmd_sdread.str1.4
                0x1001bb94       0x63 CMakeFiles/mellivora_picocalc.dir/src/main.c.o
 *fill*         0x1001bbf7        0x1 
 .rodata.cmd_cat.str1.4
                0x1001bbf8       0x31 CMakeFiles/mellivora_picocalc.dir/src/main.c.o
 *fill*         0x1001bc29        0x3 
 .rodata.alias_save.str1.4
                0x1001bc2c       0x15 CMakeFiles/mellivora_picocalc.dir/src/main.c.o
 *fill*         0x1001bc41        0x3 
 .rodata.cmd_write.str1.4
                0x1001bc44       0x2b CMakeFiles/mellivora_picocalc.dir/src/main.c.o
 *fill*         0x1001bc6f        0x1 
 .rodata.alias_set_entry.isra.0.str1.4
                0x1001bc70       0x63 CMakeFiles/mellivora_picocalc.dir/src/main.c.o
 .rodata.alias_load.str1.4
                0x1001bcd3       0x63 CMakeFiles/mellivora_picocalc.dir/src/main.c.o
                                  0x2 (size before relaxing)
 *fill*         0x1001bcd3        0x1 
 .rodata.cmd_help.str1.4
                0x1001bcd4      0xf4e CMakeFiles/mellivora_picocalc.dir/src/main.c.o
 *fill*         0x1001cc22        0x2 
 .rodata.dispatch.str1.4
                0x1001cc24      0x6d4 CMakeFiles/mellivora_picocalc.dir/src/main.c.o
                                0x6ec (size before relaxing)
 .rodata.main.str1.4
                0x1001d2f8       0x68 CMakeFiles/mellivora_picocalc.dir/src/main.c.o
 .rodata._font8x16
                0x1001d360      0x5f0 CMakeFiles/mellivora_picocalc.dir/src/lcd.c.o
 .rodata.sd_result_str.str1.4
                0x1001d950        0x8 CMakeFiles/mellivora_picocalc.dir/src/sd.c.o
 .rodata.str1.4
                0x1001d958       0x14 CMakeFiles/mellivora_picocalc.dir/src/sd.c.o
                                 0x1c (size before relaxing)
 .rodata.CSWTCH.43
                0x1001d96c       0x10 CMakeFiles/mellivora_picocalc.dir/src/sd.c.o
 .rodata.fat_result_str.str1.4
                0x1001d97c        0x8 CMakeFiles/mellivora_picocalc.dir/src/fat.c.o
 .rodata.str1.4
                0x1001d97c       0x82 CMakeFiles/mellivora_picocalc.dir/src/fat.c.o
                                 0xa3 (size before relaxing)
 *fill*         0x1001d9fe        0x2 
 .rodata.CSWTCH.139
                0x1001da00       0x2c CMakeFiles/mellivora_picocalc.dir/src/fat.c.o
 .rodata.clear.0
                0x1001da2c       0x33 CMakeFiles/mellivora_picocalc.dir/src/syscall.c.o
 *fill*         0x1001da5f        0x1 
 .rodata.prompt.1
                0x1001da60       0x2e CMakeFiles/mellivora_picocalc.dir/src/syscall.c.o
 .rodata.copy_cstr.part.0.str1.4
                0x1001da8e        0x1 CMakeFiles/mellivora_picocalc.dir/src/apps.c.o
 *fill*         0x1001da8e        0x2 
 .rodata.sample_body.constprop.0.str1.4
                0x1001da90      0x19d CMakeFiles/mellivora_picocalc.dir/src/apps.c.o
                                0x1ad (size before relaxing)
 .rodata.browser_parent_dir.constprop.0.str1.4
                0x1001dc2d        0x2 CMakeFiles/mellivora_picocalc.dir/src/apps.c.o
 *fill*         0x1001dc2d        0x3 
 .rodata.app_format_size.constprop.0.str1.4
                0x1001dc30       0x37 CMakeFiles/mellivora_picocalc.dir/src/apps.c.o
 *fill*         0x1001dc67        0x1 
 .rodata.planner_today_string.constprop.0.str1.4
                0x1001dc68       0x1b CMakeFiles/mellivora_picocalc.dir/src/apps.c.o
 *fill*         0x1001dc83        0x1 
 .rodata.app_hexedit_dump.part.0.constprop.0.str1.4
                0x1001dc84        0xc CMakeFiles/mellivora_picocalc.dir/src/apps.c.o
                                 0x17 (size before relaxing)
 .rodata.app_id.str1.4
                0x1001dc90       0x33 CMakeFiles/mellivora_picocalc.dir/src/apps.c.o
 *fill*         0x1001dcc3        0x1 
 .rodata.app_hello.str1.4
                0x1001dcc4       0x60 CMakeFiles/mellivora_picocalc.dir/src/apps.c.o
 .rodata.app_terminal.str1.4
                0x1001dd24       0x5b CMakeFiles/mellivora_picocalc.dir/src/apps.c.o
                                 0x63 (size before relaxing)
 *fill*         0x1001dd7f        0x1 
 .rodata.app_sleep_ms.str1.4
                0x1001dd80       0x10 CMakeFiles/mellivora_picocalc.dir/src/apps.c.o
 .rodata.basic_assign.str1.4
                0x1001dd90       0x16 CMakeFiles/mellivora_picocalc.dir/src/apps.c.o
 *fill*         0x1001dda6        0x2 
 .rodata.basic_exec_stmt.str1.4
                0x1001dda8      0x1d9 CMakeFiles/mellivora_picocalc.dir/src/apps.c.o
                                0x1e1 (size before relaxing)
 *fill*         0x1001df81        0x3 
 .rodata.app_seq.str1.4
                0x1001df84       0x15 CMakeFiles/mellivora_picocalc.dir/src/apps.c.o
 *fill*         0x1001df99        0x3 
 .rodata.settings_show.str1.4
                0x1001df9c       0xa4 CMakeFiles/mellivora_picocalc.dir/src/apps.c.o
 .rodata.app_guess.str1.4
                0x1001e040       0x94 CMakeFiles/mellivora_picocalc.dir/src/apps.c.o
 .rodata.journal_show.constprop.0.str1.4
                0x1001e0d4       0x31 CMakeFiles/mellivora_picocalc.dir/src/apps.c.o
 *fill*         0x1001e105        0x3 
 .rodata.planner_show.str1.4
                0x1001e108       0x2f CMakeFiles/mellivora_picocalc.dir/src/apps.c.o
 *fill*         0x1001e137        0x1 
 .rodata.app_clock.str1.4
                0x1001e138      0x125 CMakeFiles/mellivora_picocalc.dir/src/apps.c.o
 *fill*         0x1001e25d        0x3 
 .rodata.app_tree_cb.str1.4
                0x1001e260       0x17 CMakeFiles/mellivora_picocalc.dir/src/apps.c.o
 *fill*         0x1001e277        0x1 
 .rodata.app_du_list_cb.part.0.str1.4
                0x1001e278        0xb CMakeFiles/mellivora_picocalc.dir/src/apps.c.o
 *fill*         0x1001e283        0x1 
 .rodata.tinyc_show_vars.str1.4
                0x1001e284       0x1f CMakeFiles/mellivora_picocalc.dir/src/apps.c.o
                                 0x23 (size before relaxing)
 *fill*         0x1001e2a3        0x1 
 .rodata.app_basename.str1.4
                0x1001e2a4       0x15 CMakeFiles/mellivora_picocalc.dir/src/apps.c.o
 *fill*         0x1001e2b9        0x3 
 .rodata.bookmarks_save.str1.4
                0x1001e2bc       0x53 CMakeFiles/mellivora_picocalc.dir/src/apps.c.o
 *fill*         0x1001e30f        0x1 
 .rodata.planner_save.str1.4
                0x1001e310       0x45 CMakeFiles/mellivora_picocalc.dir/src/apps.c.o
 *fill*         0x1001e355        0x3 
 .rodata.todo_save.str1.4
                0x1001e358       0x4a CMakeFiles/mellivora_picocalc.dir/src/apps.c.o
 *fill*         0x1001e3a2        0x2 
 .rodata.journal_save.str1.4
                0x1001e3a4       0x45 CMakeFiles/mellivora_picocalc.dir/src/apps.c.o
 *fill*         0x1001e3e9        0x3 
 .rodata.habits_save.str1.4
                0x1001e3ec       0x54 CMakeFiles/mellivora_picocalc.dir/src/apps.c.o
 .rodata.editor_insert_line.constprop.0.isra.0.str1.4
                0x1001e440       0x12 CMakeFiles/mellivora_picocalc.dir/src/apps.c.o
 *fill*         0x1001e452        0x2 
 .rodata.app_dirname.str1.4
                0x1001e454       0x14 CMakeFiles/mellivora_picocalc.dir/src/apps.c.o
                                 0x16 (size before relaxing)
 .rodata.tinyc_print_arg.str1.4
                0x1001e468       0x16 CMakeFiles/mellivora_picocalc.dir/src/apps.c.o
 *fill*         0x1001e47e        0x2 
 .rodata.tinyc_exec_stmt.str1.4
                0x1001e480      0x185 CMakeFiles/mellivora_picocalc.dir/src/apps.c.o
                                0x19d (size before relaxing)
 *fill*         0x1001e605        0x3 
 .rodata.app_tinyc.str1.4
                0x1001e608       0x8c CMakeFiles/mellivora_picocalc.dir/src/apps.c.o
                                 0x94 (size before relaxing)
 .rodata.sprite_render.constprop.0.str1.4
                0x1001e694       0x4a CMakeFiles/mellivora_picocalc.dir/src/apps.c.o
 *fill*         0x1001e6de        0x2 
 .rodata.app_hexdump_core.str1.4
                0x1001e6e0       0x17 CMakeFiles/mellivora_picocalc.dir/src/apps.c.o
 *fill*         0x1001e6f7        0x1 
 .rodata.app_od.str1.4
                0x1001e6f8        0x3 CMakeFiles/mellivora_picocalc.dir/src/apps.c.o
 *fill*         0x1001e6fb        0x1 
 .rodata.app_hexdump.str1.4
                0x1001e6fc        0x8 CMakeFiles/mellivora_picocalc.dir/src/apps.c.o
 .rodata.app_script.str1.4
                0x1001e704       0x3c CMakeFiles/mellivora_picocalc.dir/src/apps.c.o
 .rodata.app_coin.str1.4
                0x1001e740       0x39 CMakeFiles/mellivora_picocalc.dir/src/apps.c.o
 *fill*         0x1001e779        0x3 
 .rodata.app_tail.str1.4
                0x1001e77c       0x21 CMakeFiles/mellivora_picocalc.dir/src/apps.c.o
 *fill*         0x1001e79d        0x3 
 .rodata.basic_store_line.str1.4
                0x1001e7a0       0x1c CMakeFiles/mellivora_picocalc.dir/src/apps.c.o
 .rodata.app_df.str1.4
                0x1001e7bc       0xa4 CMakeFiles/mellivora_picocalc.dir/src/apps.c.o
 .rodata.load_file_bytes.constprop.0.str1.4
                0x1001e860       0x4e CMakeFiles/mellivora_picocalc.dir/src/apps.c.o
 *fill*         0x1001e8ae        0x2 
 .rodata.settings_set_path.constprop.0.str1.4
                0x1001e8b0        0xc CMakeFiles/mellivora_picocalc.dir/src/apps.c.o
 .rodata.settings_apply_pair.str1.4
                0x1001e8bc       0x50 CMakeFiles/mellivora_picocalc.dir/src/apps.c.o
                                 0x64 (size before relaxing)
 .rodata.app_hexedit.str1.4
                0x1001e90c      0x411 CMakeFiles/mellivora_picocalc.dir/src/apps.c.o
                                0x42d (size before relaxing)
 *fill*         0x1001ed1d        0x3 
 .rodata.app_mv.str1.4
                0x1001ed20       0xba CMakeFiles/mellivora_picocalc.dir/src/apps.c.o
                                 0xbe (size before relaxing)
 *fill*         0x1001edda        0x2 
 .rodata.app_snake.str1.4
                0x1001eddc       0x89 CMakeFiles/mellivora_picocalc.dir/src/apps.c.o
 *fill*         0x1001ee65        0x3 
 .rodata.app_sort.str1.4
                0x1001ee68       0x2b CMakeFiles/mellivora_picocalc.dir/src/apps.c.o
 *fill*         0x1001ee93        0x1 
 .rodata.app_pager.str1.4
                0x1001ee94       0x8f CMakeFiles/mellivora_picocalc.dir/src/apps.c.o
 *fill*         0x1001ef23        0x1 
 .rodata.app_sprite.str1.4
                0x1001ef24       0x63 CMakeFiles/mellivora_picocalc.dir/src/apps.c.o
 *fill*         0x1001ef87        0x1 
 .rodata.app_basic.str1.4
                0x1001ef88       0xb0 CMakeFiles/mellivora_picocalc.dir/src/apps.c.o
 .rodata.app_samples.str1.4
                0x1001f038      0x1c3 CMakeFiles/mellivora_picocalc.dir/src/apps.c.o
                                0x1c7 (size before relaxing)
 *fill*         0x1001f1fb        0x1 
 .rodata.app_grep.str1.4
                0x1001f1fc       0x78 CMakeFiles/mellivora_picocalc.dir/src/apps.c.o
 .rodata.app_wc.str1.4
                0x1001f274       0x23 CMakeFiles/mellivora_picocalc.dir/src/apps.c.o
 *fill*         0x1001f297        0x1 
 .rodata.app_dice.str1.4
                0x1001f298       0x32 CMakeFiles/mellivora_picocalc.dir/src/apps.c.o
 *fill*         0x1001f2ca        0x2 
 .rodata.app_games.str1.4
                0x1001f2cc       0x81 CMakeFiles/mellivora_picocalc.dir/src/apps.c.o
                                 0xa1 (size before relaxing)
 *fill*         0x1001f34d        0x3 
 .rodata.app_tree.str1.4
                0x1001f350       0x87 CMakeFiles/mellivora_picocalc.dir/src/apps.c.o
 *fill*         0x1001f3d7        0x1 
 .rodata.settings_save.constprop.0.isra.0.str1.4
                0x1001f3d8       0xb4 CMakeFiles/mellivora_picocalc.dir/src/apps.c.o
 .rodata.app_head.str1.4
                0x1001f48c       0x33 CMakeFiles/mellivora_picocalc.dir/src/apps.c.o
 *fill*         0x1001f4bf        0x1 
 .rodata.editor_save.constprop.0.isra.0.str1.4
                0x1001f4c0       0x54 CMakeFiles/mellivora_picocalc.dir/src/apps.c.o
 .rodata.app_paint.str1.4
                0x1001f514       0xac CMakeFiles/mellivora_picocalc.dir/src/apps.c.o
 .rodata.app_stat.str1.4
                0x1001f5c0       0x90 CMakeFiles/mellivora_picocalc.dir/src/apps.c.o
 .rodata.app_find.str1.4
                0x1001f650       0x6b CMakeFiles/mellivora_picocalc.dir/src/apps.c.o
 *fill*         0x1001f6bb        0x1 
 .rodata.app_cut.str1.4
                0x1001f6bc       0x50 CMakeFiles/mellivora_picocalc.dir/src/apps.c.o
 .rodata.app_edit.str1.4
                0x1001f70c      0x3ae CMakeFiles/mellivora_picocalc.dir/src/apps.c.o
 *fill*         0x1001faba        0x2 
 .rodata.app_planner.str1.4
                0x1001fabc      0x190 CMakeFiles/mellivora_picocalc.dir/src/apps.c.o
                                0x1a0 (size before relaxing)
 .rodata.app_habits.str1.4
                0x1001fc4c      0x1a3 CMakeFiles/mellivora_picocalc.dir/src/apps.c.o
                                0x1b3 (size before relaxing)
 *fill*         0x1001fdef        0x1 
 .rodata.app_journal.str1.4
                0x1001fdf0       0xe1 CMakeFiles/mellivora_picocalc.dir/src/apps.c.o
 *fill*         0x1001fed1        0x3 
 .rodata.app_notes.str1.4
                0x1001fed4       0x16 CMakeFiles/mellivora_picocalc.dir/src/apps.c.o
 *fill*         0x1001feea        0x2 
 .rodata.app_browse.str1.4
                0x1001feec      0x15a CMakeFiles/mellivora_picocalc.dir/src/apps.c.o
 *fill*         0x10020046        0x2 
 .rodata.app_bookmarks.str1.4
                0x10020048      0x186 CMakeFiles/mellivora_picocalc.dir/src/apps.c.o
 *fill*         0x100201ce        0x2 
 .rodata.app_rev.str1.4
                0x100201d0       0x26 CMakeFiles/mellivora_picocalc.dir/src/apps.c.o
 *fill*         0x100201f6        0x2 
 .rodata.app_calc.str1.4
                0x100201f8       0x88 CMakeFiles/mellivora_picocalc.dir/src/apps.c.o
 .rodata.app_du.str1.4
                0x10020280       0x7e CMakeFiles/mellivora_picocalc.dir/src/apps.c.o
 *fill*         0x100202fe        0x2 
 .rodata.app_todo.str1.4
                0x10020300      0x1c5 CMakeFiles/mellivora_picocalc.dir/src/apps.c.o
 *fill*         0x100204c5        0x3 