Archive member included to satisfy reference by file (symbol)

/usr/lib/gcc/arm-none-eabi/12.2.1/thumb/v6-m/nofp/libgcc.a(_dvmd_tls.o)
                              CMakeFiles/mellivora_picocalc.dir/pico-sdk/src/rp2_common/pico_divider/divider_hardware.S.o (__aeabi_idiv0)
/usr/lib/gcc/arm-none-eabi/12.2.1/../../../arm-none-eabi/lib/thumb/v6-m/nofp/libg.a(lib_a-atexit.o)
                              /usr/lib/gcc/arm-none-eabi/12.2.1/../../../arm-none-eabi/lib/thumb/v6-m/nofp/crt0.o (atexit)
/usr/lib/gcc/arm-none-eabi/12.2.1/../../../arm-none-eabi/lib/thumb/v6-m/nofp/libg.a(lib_a-atoi.o)
                              CMakeFiles/mellivora_picocalc.dir/src/main.c.o (atoi)
/usr/lib/gcc/arm-none-eabi/12.2.1/../../../arm-none-eabi/lib/thumb/v6-m/nofp/libg.a(lib_a-calloc.o)
                              CMakeFiles/mellivora_picocalc.dir/pico-sdk/src/rp2_common/pico_malloc/malloc.c.o (calloc)
/usr/lib/gcc/arm-none-eabi/12.2.1/../../../arm-none-eabi/lib/thumb/v6-m/nofp/libg.a(lib_a-callocr.o)
                              /usr/lib/gcc/arm-none-eabi/12.2.1/../../../arm-none-eabi/lib/thumb/v6-m/nofp/libg.a(lib_a-calloc.o) (_calloc_r)
/usr/lib/gcc/arm-none-eabi/12.2.1/../../../arm-none-eabi/lib/thumb/v6-m/nofp/libg.a(lib_a-ctype_.o)
                              CMakeFiles/mellivora_picocalc.dir/src/main.c.o (_ctype_)
/usr/lib/gcc/arm-none-eabi/12.2.1/../../../arm-none-eabi/lib/thumb/v6-m/nofp/libg.a(lib_a-fini.o)
                              /usr/lib/gcc/arm-none-eabi/12.2.1/../../../arm-none-eabi/lib/thumb/v6-m/nofp/crt0.o (__libc_fini_array)
/usr/lib/gcc/arm-none-eabi/12.2.1/../../../arm-none-eabi/lib/thumb/v6-m/nofp/libg.a(lib_a-impure.o)
                              /usr/lib/gcc/arm-none-eabi/12.2.1/../../../arm-none-eabi/lib/thumb/v6-m/nofp/libg.a(lib_a-calloc.o) (_impure_ptr)
/usr/lib/gcc/arm-none-eabi/12.2.1/../../../arm-none-eabi/lib/thumb/v6-m/nofp/libg.a(lib_a-init.o)
                              /usr/lib/gcc/arm-none-eabi/12.2.1/../../../arm-none-eabi/lib/thumb/v6-m/nofp/crt0.o (__libc_init_array)
/usr/lib/gcc/arm-none-eabi/12.2.1/../../../arm-none-eabi/lib/thumb/v6-m/nofp/libg.a(lib_a-lcltime_r.o)
                              CMakeFiles/mellivora_picocalc.dir/pico-sdk/src/common/pico_util/datetime.c.o (localtime_r)
/usr/lib/gcc/arm-none-eabi/12.2.1/../../../arm-none-eabi/lib/thumb/v6-m/nofp/libg.a(lib_a-malloc.o)
                              CMakeFiles/mellivora_picocalc.dir/pico-sdk/src/rp2_common/pico_malloc/malloc.c.o (malloc)
/usr/lib/gcc/arm-none-eabi/12.2.1/../../../arm-none-eabi/lib/thumb/v6-m/nofp/libg.a(lib_a-mallocr.o)
                              /usr/lib/gcc/arm-none-eabi/12.2.1/../../../arm-none-eabi/lib/thumb/v6-m/nofp/libg.a(lib_a-callocr.o) (_malloc_r)
/usr/lib/gcc/arm-none-eabi/12.2.1/../../../arm-none-eabi/lib/thumb/v6-m/nofp/libg.a(lib_a-memcmp.o)
                              CMakeFiles/mellivora_picocalc.dir/pico-sdk/src/rp2_common/pico_atomic/atomic.c.o (memcmp)
/usr/lib/gcc/arm-none-eabi/12.2.1/../../../arm-none-eabi/lib/thumb/v6-m/nofp/libg.a(lib_a-memmove.o)
                              CMakeFiles/mellivora_picocalc.dir/src/lcd.c.o (memmove)
/usr/lib/gcc/arm-none-eabi/12.2.1/../../../arm-none-eabi/lib/thumb/v6-m/nofp/libg.a(lib_a-mktime.o)
                              CMakeFiles/mellivora_picocalc.dir/pico-sdk/src/common/pico_util/datetime.c.o (mktime)
/usr/lib/gcc/arm-none-eabi/12.2.1/../../../arm-none-eabi/lib/thumb/v6-m/nofp/libg.a(lib_a-mlock.o)
                              /usr/lib/gcc/arm-none-eabi/12.2.1/../../../arm-none-eabi/lib/thumb/v6-m/nofp/libg.a(lib_a-mallocr.o) (__malloc_lock)
/usr/lib/gcc/arm-none-eabi/12.2.1/../../../arm-none-eabi/lib/thumb/v6-m/nofp/libg.a(lib_a-month_lengths.o)
                              /usr/lib/gcc/arm-none-eabi/12.2.1/../../../arm-none-eabi/lib/thumb/v6-m/nofp/libg.a(lib_a-lcltime_r.o) (__month_lengths)
/usr/lib/gcc/arm-none-eabi/12.2.1/../../../arm-none-eabi/lib/thumb/v6-m/nofp/libg.a(lib_a-realloc.o)
                              CMakeFiles/mellivora_picocalc.dir/pico-sdk/src/rp2_common/pico_malloc/malloc.c.o (realloc)
/usr/lib/gcc/arm-none-eabi/12.2.1/../../../arm-none-eabi/lib/thumb/v6-m/nofp/libg.a(lib_a-reallocr.o)
                              /usr/lib/gcc/arm-none-eabi/12.2.1/../../../arm-none-eabi/lib/thumb/v6-m/nofp/libg.a(lib_a-realloc.o) (_realloc_r)
/usr/lib/gcc/arm-none-eabi/12.2.1/../../../arm-none-eabi/lib/thumb/v6-m/nofp/libg.a(lib_a-sbrkr.o)
                              /usr/lib/gcc/arm-none-eabi/12.2.1/../../../arm-none-eabi/lib/thumb/v6-m/nofp/libg.a(lib_a-mallocr.o) (_sbrk_r)
/usr/lib/gcc/arm-none-eabi/12.2.1/../../../arm-none-eabi/lib/thumb/v6-m/nofp/libg.a(lib_a-strchr.o)
                              CMakeFiles/mellivora_picocalc.dir/src/main.c.o (strchr)
/usr/lib/gcc/arm-none-eabi/12.2.1/../../../arm-none-eabi/lib/thumb/v6-m/nofp/libg.a(lib_a-strcmp.o)
                              CMakeFiles/mellivora_picocalc.dir/src/main.c.o (strcmp)
[...]
Memory Configuration

Name             Origin             Length             Attributes
FLASH            0x10000000         0x00200000         xr
RAM              0x20000000         0x00040000         xrw
SCRATCH_X        0x20040000         0x00001000         xrw
SCRATCH_Y        0x20041000         0x00001000         xrw
*default*        0x00000000         0xffffffff

Linker script and memory map

LOAD /usr/lib/gcc/arm-none-eabi/12.2.1/thumb/v6-m/nofp/crti.o
LOAD /usr/lib/gcc/arm-none-eabi/12.2.1/thumb/v6-m/nofp/crtbegin.o
LOAD /usr/lib/gcc/arm-none-eabi/12.2.1/../../../arm-none-eabi/lib/thumb/v6-m/nofp/crt0.o

.flash_begin    0x10000000        0x0
                0x10000000                        __flash_binary_start = .

.boot2          0x10000000      0x100
                0x10000000                        __boot2_start__ = .
 *(.boot2)
 .boot2         0x10000000      0x100 pico-sdk/src/rp2040/boot_stage2/CMakeFiles/bs2_default_library.dir/bs2_default_padded_checksummed.S.o
                0x10000100                        __boot2_end__ = .
                0x00000001                        ASSERT (((__boot2_end__ - __boot2_start__) == 0x100), ERROR: Pico second stage bootloader must be 256 bytes in size)

.text           0x10000100    0x1d0dc
                0x10000100                        __logical_binary_start = .
 *(.vectors)
 .vectors       0x10000100       0xd4 CMakeFiles/mellivora_picocalc.dir/pico-sdk/src/rp2_common/pico_crt0/crt0.S.o
                0x10000100                __vectors
                0x10000100                __VECTOR_TABLE
                0x100001c0                isr_irq30
                0x100001c0                __unhandled_user_irq
                0x100001c0                isr_irq13
                0x100001c0                isr_irq27
                0x100001c0                isr_irq31
                0x100001c0                isr_irq5
                0x100001c0                isr_irq11
                0x100001c0                isr_irq23
                0x100001c0                isr_irq18
                0x100001c0                isr_irq28
                0x100001c0                isr_irq19
                0x100001c0                isr_irq0
                0x100001c0                isr_irq6
                0x100001c0                isr_irq22
                0x100001c0                isr_irq17
                0x100001c0                isr_irq14
                0x100001c0                __vectors_end
                0x100001c0                __default_isrs_start
                0x100001c0                isr_irq2
                0x100001c0                isr_irq10
                0x100001c0                isr_irq8
                0x100001c0                isr_irq24
                0x100001c0                isr_irq1
                0x100001c0                isr_irq7
                0x100001c0                isr_irq21
                0x100001c0                isr_irq20
                0x100001c0                isr_irq15
                0x100001c0                isr_irq25
                0x100001c0                isr_irq4
                0x100001c0                isr_irq16
                0x100001c0                isr_irq29
                0x100001c0                isr_irq26
                0x100001c0                isr_irq3
                0x100001c0                isr_irq12
                0x100001c0                isr_irq9
                0x100001c6                unhandled_user_irq_num_in_r0
                0x100001c8                isr_invalid
                0x100001ca                isr_nmi
                0x100001cc                isr_hardfault
                0x100001ce                isr_svcall
                0x100001d0                isr_pendsv
                0x100001d2                isr_systick
                0x100001d4                __default_isrs_end
 *(.binary_info_header)
 .binary_info_header
                0x100001d4       0x14 CMakeFiles/mellivora_picocalc.dir/pico-sdk/src/rp2_common/pico_crt0/crt0.S.o
                0x100001e8                        __binary_info_header_end = .
 *(.embedded_block)
                0x100001e8                        __embedded_block_end = .
 *(.reset)
 .reset         0x100001e8       0x9c CMakeFiles/mellivora_picocalc.dir/pico-sdk/src/rp2_common/pico_crt0/crt0.S.o
                0x100001e8                _entry_point
 *(.init)
 .init          0x10000284        0x4 /usr/lib/gcc/arm-none-eabi/12.2.1/thumb/v6-m/nofp/crti.o
                0x10000284                _init
 *(EXCLUDE_FILE(*libm.a: *libc.a:*lib_a-mem*.o *libgcc.a:) .text*)
 .text          0x10000288       0x98 /usr/lib/gcc/arm-none-eabi/12.2.1/thumb/v6-m/nofp/crtbegin.o
 .text.resolve_abs
                0x10000320      0x19c CMakeFiles/mellivora_picocalc.dir/src/main.c.o
 .text.out_char
                0x100004bc       0x1c CMakeFiles/mellivora_picocalc.dir/src/main.c.o
 .text.out_fmt  0x100004d8       0x4c CMakeFiles/mellivora_picocalc.dir/src/main.c.o
 .text._ls_entry
                0x10000524       0x28 CMakeFiles/mellivora_picocalc.dir/src/main.c.o
 .text.cmd_ls   0x1000054c       0x98 CMakeFiles/mellivora_picocalc.dir/src/main.c.o
 .text.cmd_sdread
                0x100005e4      0x194 CMakeFiles/mellivora_picocalc.dir/src/main.c.o
 .text.cmd_cat  0x10000778      0x104 CMakeFiles/mellivora_picocalc.dir/src/main.c.o
 .text.alias_save
                0x1000087c       0xa4 CMakeFiles/mellivora_picocalc.dir/src/main.c.o
 .text.cmd_write
                0x10000920      0x11c CMakeFiles/mellivora_picocalc.dir/src/main.c.o
 .text.alias_set_entry.isra.0
                0x10000a3c      0x2c4 CMakeFiles/mellivora_picocalc.dir/src/main.c.o
 .text.alias_load
                0x10000d00      0x178 CMakeFiles/mellivora_picocalc.dir/src/main.c.o
 .text.cmd_help
                0x10000e78      0xc74 CMakeFiles/mellivora_picocalc.dir/src/main.c.o
 .text.dispatch
                0x10001aec     0x18b0 CMakeFiles/mellivora_picocalc.dir/src/main.c.o
 .text.startup.main
                0x1000339c      0x230 CMakeFiles/mellivora_picocalc.dir/src/main.c.o
                0x1000339c                main
 .text._spi_write_cd.constprop.0
                0x100035cc       0x58 CMakeFiles/mellivora_picocalc.dir/src/lcd.c.o
 .text._set_window
                0x10003624       0xc8 CMakeFiles/mellivora_picocalc.dir/src/lcd.c.o
 .text._scroll_up
                0x100036ec      0x31c CMakeFiles/mellivora_picocalc.dir/src/lcd.c.o
 .text.lcd_init
                0x10003a08      0x710 CMakeFiles/mellivora_picocalc.dir/src/lcd.c.o
                0x10003a08                lcd_init
 .text.lcd_fill
                0x10004118       0xbc CMakeFiles/mellivora_picocalc.dir/src/lcd.c.o
                0x10004118                lcd_fill
 .text.lcd_draw_pixel
                0x100041d4       0x54 CMakeFiles/mellivora_picocalc.dir/src/lcd.c.o
                0x100041d4                lcd_draw_pixel
 .text.lcd_draw_char
                0x10004228      0x2f0 CMakeFiles/mellivora_picocalc.dir/src/lcd.c.o
                0x10004228                lcd_draw_char
 .text.lcd_cls  0x10004518       0x38 CMakeFiles/mellivora_picocalc.dir/src/lcd.c.o
                0x10004518                lcd_cls
 .text.lcd_putc
                0x10004550       0xc4 CMakeFiles/mellivora_picocalc.dir/src/lcd.c.o
                0x10004550                lcd_putc
 .text._kbd_write_reg.part.0
                0x10004614       0x84 CMakeFiles/mellivora_picocalc.dir/src/kbd.c.o
 .text.kbd_init
                0x10004698       0x44 CMakeFiles/mellivora_picocalc.dir/src/kbd.c.o
                0x10004698                kbd_init
 .text.kbd_getc
                0x100046dc       0xec CMakeFiles/mellivora_picocalc.dir/src/kbd.c.o
                0x100046dc                kbd_getc
 .text.kbd_set_backlight
                0x100047c8       0x48 CMakeFiles/mellivora_picocalc.dir/src/kbd.c.o
                0x100047c8                kbd_set_backlight
 .text.kbd_battery_percent
                0x10004810       0xac CMakeFiles/mellivora_picocalc.dir/src/kbd.c.o
                0x10004810                kbd_battery_percent
 .text._spi_xchg.constprop.0
                0x100048bc       0x64 CMakeFiles/mellivora_picocalc.dir/src/sd.c.o
 .text._spi_xchg.isra.0
                0x10004920       0x4c CMakeFiles/mellivora_picocalc.dir/src/sd.c.o
 .text._cmd     0x1000496c      0x4c8 CMakeFiles/mellivora_picocalc.dir/src/sd.c.o
 .text.sd_init  0x10004e34      0x3a0 CMakeFiles/mellivora_picocalc.dir/src/sd.c.o
                0x10004e34                sd_init
 .text.sd_read_block
                0x100051d4       0xf0 CMakeFiles/mellivora_picocalc.dir/src/sd.c.o
                0x100051d4                sd_read_block
 .text.sd_write_block
                0x100052c4      0x104 CMakeFiles/mellivora_picocalc.dir/src/sd.c.o
                0x100052c4                sd_write_block
 .text.sd_result_str
                0x100053c8       0x18 CMakeFiles/mellivora_picocalc.dir/src/sd.c.o
                0x100053c8                sd_result_str
 .text.ls_visitor
                0x100053e0       0xf0 CMakeFiles/mellivora_picocalc.dir/src/fat.c.o
 .text.to_83    0x100054d0       0x94 CMakeFiles/mellivora_picocalc.dir/src/fat.c.o
 .text.write_fat_entry
                0x10005564       0xc8 CMakeFiles/mellivora_picocalc.dir/src/fat.c.o
 .text.alloc_cluster
                0x1000562c       0xd0 CMakeFiles/mellivora_picocalc.dir/src/fat.c.o
 .text.fat_entry
                0x100056fc       0x98 CMakeFiles/mellivora_picocalc.dir/src/fat.c.o
 .text.append_dirent
                0x10005794      0x4e4 CMakeFiles/mellivora_picocalc.dir/src/fat.c.o
 .text.resolve_path
                0x10005c78      0x3dc CMakeFiles/mellivora_picocalc.dir/src/fat.c.o
 .text.resolve_parent
                0x10006054       0xc8 CMakeFiles/mellivora_picocalc.dir/src/fat.c.o
 .text.fat_mount
                0x1000611c      0x280 CMakeFiles/mellivora_picocalc.dir/src/fat.c.o
                0x1000611c                fat_mount
 .text.fat_ls   0x1000639c      0x1ec CMakeFiles/mellivora_picocalc.dir/src/fat.c.o
                0x1000639c                fat_ls
 .text.fat_open
                0x10006588       0x4c CMakeFiles/mellivora_picocalc.dir/src/fat.c.o
                0x10006588                fat_open
 .text.fat_read
                0x100065d4      0x120 CMakeFiles/mellivora_picocalc.dir/src/fat.c.o
                0x100065d4                fat_read
 .text.fat_get_usage
                0x100066f4      0x1a8 CMakeFiles/mellivora_picocalc.dir/src/fat.c.o
                0x100066f4                fat_get_usage
 .text.fat_result_str
                0x1000689c       0x1c CMakeFiles/mellivora_picocalc.dir/src/fat.c.o
                0x1000689c                fat_result_str
 .text.fat_is_dir
                0x100068b8       0x44 CMakeFiles/mellivora_picocalc.dir/src/fat.c.o
                0x100068b8                fat_is_dir
 .text.fat_mkdir
                0x100068fc      0x1bc CMakeFiles/mellivora_picocalc.dir/src/fat.c.o
                0x100068fc                fat_mkdir
 .text.fat_unlink
                0x10006ab8      0x3b0 CMakeFiles/mellivora_picocalc.dir/src/fat.c.o
                0x10006ab8                fat_unlink
 .text.fat_create
                0x10006e68      0x170 CMakeFiles/mellivora_picocalc.dir/src/fat.c.o
                0x10006e68                fat_create
 .text.sys_more_set
                0x10006fd8       0x1c CMakeFiles/mellivora_picocalc.dir/src/syscall.c.o
                0x10006fd8                sys_more_set
 .text.sys_console_write_char
                0x10006ff4      0x1b0 CMakeFiles/mellivora_picocalc.dir/src/syscall.c.o
                0x10006ff4                sys_console_write_char
 .text.str_casecmp_local
                0x100071a4       0x74 CMakeFiles/mellivora_picocalc.dir/src/apps.c.o
 .text.expr_lookup_basic
                0x10007218       0x30 CMakeFiles/mellivora_picocalc.dir/src/apps.c.o
 .text.app_noop
                0x10007248        0x4 CMakeFiles/mellivora_picocalc.dir/src/apps.c.o
 .text.rtrim_in_place
                0x1000724c       0x2c CMakeFiles/mellivora_picocalc.dir/src/apps.c.o
 .text.find_word_ci
                0x10007278       0xd0 CMakeFiles/mellivora_picocalc.dir/src/apps.c.o
 .text.planner_sort
                0x10007348       0x84 CMakeFiles/mellivora_picocalc.dir/src/apps.c.o
 .text.journal_sort
                0x100073cc       0x84 CMakeFiles/mellivora_picocalc.dir/src/apps.c.o
 .text.browser_refresh
                0x10007450      0x110 CMakeFiles/mellivora_picocalc.dir/src/apps.c.o
 .text.planner_valid_date
                0x10007560       0xd0 CMakeFiles/mellivora_picocalc.dir/src/apps.c.o
 .text.copy_cstr.part.0
                0x10007630       0x34 CMakeFiles/mellivora_picocalc.dir/src/apps.c.o
 .text.browser_collect_cb
                0x10007664       0x74 CMakeFiles/mellivora_picocalc.dir/src/apps.c.o
 .text.app_stat_dir_cb
                0x100076d8       0x44 CMakeFiles/mellivora_picocalc.dir/src/apps.c.o
 .text.sample_body.constprop.0
                0x1000771c      0x12c CMakeFiles/mellivora_picocalc.dir/src/apps.c.o
 .text.browser_parent_dir.constprop.0
                0x10007848       0x78 CMakeFiles/mellivora_picocalc.dir/src/apps.c.o
 .text.app_format_size.constprop.0
                0x100078c0       0xe8 CMakeFiles/mellivora_picocalc.dir/src/apps.c.o
 .text.next_token.constprop.0
                0x100079a8        0xc CMakeFiles/mellivora_picocalc.dir/src/apps.c.o
 .text.next_token.constprop.1
                0x100079b4      0x198 CMakeFiles/mellivora_picocalc.dir/src/apps.c.o
 .text.next_token.constprop.2
                0x10007b4c       0x68 CMakeFiles/mellivora_picocalc.dir/src/apps.c.o
 .text.next_token.constprop.3
                0x10007bb4       0x68 CMakeFiles/mellivora_picocalc.dir/src/apps.c.o
 .text.copy_cstr.part.0.constprop.0
                0x10007c1c       0x34 CMakeFiles/mellivora_picocalc.dir/src/apps.c.o
 .text.app_du_path
                0x10007c50       0x78 CMakeFiles/mellivora_picocalc.dir/src/apps.c.o
 .text._sys_append_str.part.0.constprop.0
                0x10007cc8       0x3c CMakeFiles/mellivora_picocalc.dir/src/apps.c.o
 .text.sys_print.isra.0
                0x10007d04       0x1c CMakeFiles/mellivora_picocalc.dir/src/apps.c.o
 .text.tinyc_set_var.constprop.0
                0x10007d20      0x10c CMakeFiles/mellivora_picocalc.dir/src/apps.c.o
 .text.expr_lookup_tinyc
                0x10007e2c      0x110 CMakeFiles/mellivora_picocalc.dir/src/apps.c.o
 .text.planner_today_string.constprop.0
                0x10007f3c       0x74 CMakeFiles/mellivora_picocalc.dir/src/apps.c.o
 .text.app_hexedit_dump.part.0.constprop.0
                0x10007fb0      0x19c CMakeFiles/mellivora_picocalc.dir/src/apps.c.o
 .text.app_id   0x1000814c       0x20 CMakeFiles/mellivora_picocalc.dir/src/apps.c.o
 .text.app_hello
                0x1000816c       0x30 CMakeFiles/mellivora_picocalc.dir/src/apps.c.o
 .text.app_terminal
                0x1000819c       0x90 CMakeFiles/mellivora_picocalc.dir/src/apps.c.o
 .text.app_sleep_ms
                0x1000822c       0x6c CMakeFiles/mellivora_picocalc.dir/src/apps.c.o
 .text.expr_parse_mul
                0x10008298      0x220 CMakeFiles/mellivora_picocalc.dir/src/apps.c.o
 .text.expr_parse_add
                0x100084b8      0x274 CMakeFiles/mellivora_picocalc.dir/src/apps.c.o
 .text.expr_parse_cmp
                0x1000872c       0xe8 CMakeFiles/mellivora_picocalc.dir/src/apps.c.o
 .text.expr_parse_unary
                0x10008814      0x104 CMakeFiles/mellivora_picocalc.dir/src/apps.c.o
 .text.expr_eval.constprop.0
                0x10008918      0x3a4 CMakeFiles/mellivora_picocalc.dir/src/apps.c.o
 .text.basic_assign
                0x10008cbc       0xb8 CMakeFiles/mellivora_picocalc.dir/src/apps.c.o
 .text.basic_exec_stmt
                0x10008d74      0x96c CMakeFiles/mellivora_picocalc.dir/src/apps.c.o
 .text.app_seq  0x100096e0       0xa8 CMakeFiles/mellivora_picocalc.dir/src/apps.c.o
 .text.settings_show
                0x10009788      0x18c CMakeFiles/mellivora_picocalc.dir/src/apps.c.o
 .text.app_read_line.constprop.0
                0x10009914       0xcc CMakeFiles/mellivora_picocalc.dir/src/apps.c.o
 .text.app_guess
                0x100099e0      0x188 CMakeFiles/mellivora_picocalc.dir/src/apps.c.o
 .text.app_read_line.constprop.1
                0x10009b68       0xcc CMakeFiles/mellivora_picocalc.dir/src/apps.c.o
 .text.journal_show.constprop.0
                0x10009c34       0x80 CMakeFiles/mellivora_picocalc.dir/src/apps.c.o
 .text.planner_show
                0x10009cb4       0xb8 CMakeFiles/mellivora_picocalc.dir/src/apps.c.o
 .text.journal_show
                0x10009d6c       0xb8 CMakeFiles/mellivora_picocalc.dir/src/apps.c.o
 .text.app_clock
                0x10009e24      0x334 CMakeFiles/mellivora_picocalc.dir/src/apps.c.o
 .text.app_join_path.constprop.0
                0x1000a158       0xb0 CMakeFiles/mellivora_picocalc.dir/src/apps.c.o
 .text.app_tree_cb
                0x1000a208      0x18c CMakeFiles/mellivora_picocalc.dir/src/apps.c.o
 .text.app_du_list_cb.part.0
                0x1000a394       0xa4 CMakeFiles/mellivora_picocalc.dir/src/apps.c.o
 .text.app_du_list_cb
                0x1000a438       0x34 CMakeFiles/mellivora_picocalc.dir/src/apps.c.o
 .text.tinyc_show_vars
                0x1000a46c      0x104 CMakeFiles/mellivora_picocalc.dir/src/apps.c.o
 .text.app_basename
                0x1000a570       0x80 CMakeFiles/mellivora_picocalc.dir/src/apps.c.o
 .text.app_du_accum_cb.part.0
                0x1000a5f0      0x10c CMakeFiles/mellivora_picocalc.dir/src/apps.c.o
 .text.app_du_accum_cb
                0x1000a6fc       0x54 CMakeFiles/mellivora_picocalc.dir/src/apps.c.o
 .text._sys_make_abs.constprop.0
                0x1000a750       0xc4 CMakeFiles/mellivora_picocalc.dir/src/apps.c.o
 .text.bookmarks_save
                0x1000a814       0xdc CMakeFiles/mellivora_picocalc.dir/src/apps.c.o
 .text.planner_save
                0x1000a8f0       0xe0 CMakeFiles/mellivora_picocalc.dir/src/apps.c.o
 .text.todo_save
                0x1000a9d0       0xec CMakeFiles/mellivora_picocalc.dir/src/apps.c.o
 .text.journal_save
                0x1000aabc       0xe0 CMakeFiles/mellivora_picocalc.dir/src/apps.c.o
 .text.habits_save
                0x1000ab9c      0x100 CMakeFiles/mellivora_picocalc.dir/src/apps.c.o
 .text.sys_fwrite
                0x1000ac9c      0x10c CMakeFiles/mellivora_picocalc.dir/src/apps.c.o
 .text.editor_insert_line.constprop.0.isra.0
                0x1000ada8       0xa4 CMakeFiles/mellivora_picocalc.dir/src/apps.c.o
 .text.sys_fread.constprop.0
                0x1000ae4c      0x110 CMakeFiles/mellivora_picocalc.dir/src/apps.c.o
 .text.app_dirname
                0x1000af5c       0x9c CMakeFiles/mellivora_picocalc.dir/src/apps.c.o
 .text.tinyc_print_arg
                0x1000aff8       0xe8 CMakeFiles/mellivora_picocalc.dir/src/apps.c.o
 .text.tinyc_exec_stmt
                0x1000b0e0      0x8fc CMakeFiles/mellivora_picocalc.dir/src/apps.c.o
 .text.app_tinyc
                0x1000b9dc      0x11c CMakeFiles/mellivora_picocalc.dir/src/apps.c.o
 .text.app_tinyc.constprop.0
                0x1000baf8       0x80 CMakeFiles/mellivora_picocalc.dir/src/apps.c.o
 .text.sprite_render.constprop.0
                0x1000bb78      0xb0c CMakeFiles/mellivora_picocalc.dir/src/apps.c.o
 .text.app_cal  0x1000c684      0x270 CMakeFiles/mellivora_picocalc.dir/src/apps.c.o
 .text.app_hexdump_core
                0x1000c8f4      0x358 CMakeFiles/mellivora_picocalc.dir/src/apps.c.o
 .text.app_od   0x1000cc4c       0x10 CMakeFiles/mellivora_picocalc.dir/src/apps.c.o
 .text.app_hexdump
                0x1000cc5c       0x10 CMakeFiles/mellivora_picocalc.dir/src/apps.c.o
 .text.app_script
                0x1000cc6c      0x184 CMakeFiles/mellivora_picocalc.dir/src/apps.c.o
 .text.app_coin
                0x1000cdf0      0x10c CMakeFiles/mellivora_picocalc.dir/src/apps.c.o
 .text.app_tail
                0x1000cefc      0x174 CMakeFiles/mellivora_picocalc.dir/src/apps.c.o
 .text.basic_store_line
                0x1000d070      0x124 CMakeFiles/mellivora_picocalc.dir/src/apps.c.o
 .text.app_df   0x1000d194      0x1c8 CMakeFiles/mellivora_picocalc.dir/src/apps.c.o
 .text.app_make_abs.constprop.0
                0x1000d35c       0xf0 CMakeFiles/mellivora_picocalc.dir/src/apps.c.o
 .text.load_file_bytes.constprop.0
                0x1000d44c       0xc4 CMakeFiles/mellivora_picocalc.dir/src/apps.c.o
 .text.settings_set_path.constprop.0
                0x1000d510       0x64 CMakeFiles/mellivora_picocalc.dir/src/apps.c.o
 .text.settings_apply_pair
                0x1000d574      0x138 CMakeFiles/mellivora_picocalc.dir/src/apps.c.o
 .text.app_hexedit
                0x1000d6ac      0x7e0 CMakeFiles/mellivora_picocalc.dir/src/apps.c.o
 .text.app_mv   0x1000de8c      0x124 CMakeFiles/mellivora_picocalc.dir/src/apps.c.o
 .text.editor_load.constprop.0
                0x1000dfb0      0x268 CMakeFiles/mellivora_picocalc.dir/src/apps.c.o
 .text.app_sort
                0x1000e218      0x250 CMakeFiles/mellivora_picocalc.dir/src/apps.c.o
 .text.app_pager
                0x1000e468      0x218 CMakeFiles/mellivora_picocalc.dir/src/apps.c.o
 .text.app_sprite
                0x1000e680      0x458 CMakeFiles/mellivora_picocalc.dir/src/apps.c.o
 .text.app_basic
                0x1000ead8      0x3a0 CMakeFiles/mellivora_picocalc.dir/src/apps.c.o
 .text.app_samples
                0x1000ee78      0x280 CMakeFiles/mellivora_picocalc.dir/src/apps.c.o
 .text.app_grep
                0x1000f0f8      0x204 CMakeFiles/mellivora_picocalc.dir/src/apps.c.o
 .text.app_wc   0x1000f2fc      0x210 CMakeFiles/mellivora_picocalc.dir/src/apps.c.o
 .text.app_dice
                0x1000f50c      0x178 CMakeFiles/mellivora_picocalc.dir/src/apps.c.o
 .text.app_tree
                0x1000f684      0x1fc CMakeFiles/mellivora_picocalc.dir/src/apps.c.o
 .text.settings_save.constprop.0.isra.0
                0x1000f880       0xf8 CMakeFiles/mellivora_picocalc.dir/src/apps.c.o
 .text.app_head
                0x1000f978      0x25c CMakeFiles/mellivora_picocalc.dir/src/apps.c.o
 .text.editor_save.constprop.0.isra.0
                0x1000fbd4      0x220 CMakeFiles/mellivora_picocalc.dir/src/apps.c.o
 .text.journal_load.constprop.0
                0x1000fdf4      0x134 CMakeFiles/mellivora_picocalc.dir/src/apps.c.o
 .text.app_sprite.constprop.0
                0x1000ff28      0x454 CMakeFiles/mellivora_picocalc.dir/src/apps.c.o
 .text.app_paint
                0x1001037c      0x4d0 CMakeFiles/mellivora_picocalc.dir/src/apps.c.o
 .text.app_stat
                0x1001084c       0xf4 CMakeFiles/mellivora_picocalc.dir/src/apps.c.o
 .text.settings_apply_live
                0x10010940      0x134 CMakeFiles/mellivora_picocalc.dir/src/apps.c.o
 .text.app_find
                0x10010a74      0x158 CMakeFiles/mellivora_picocalc.dir/src/apps.c.o
 .text.app_cut  0x10010bcc      0x1dc CMakeFiles/mellivora_picocalc.dir/src/apps.c.o
 .text.app_samples.constprop.0
                0x10010da8       0xac CMakeFiles/mellivora_picocalc.dir/src/apps.c.o
 .text.app_edit
                0x10010e54      0xa04 CMakeFiles/mellivora_picocalc.dir/src/apps.c.o
 .text.app_planner
                0x10011858      0x404 CMakeFiles/mellivora_picocalc.dir/src/apps.c.o
 .text.app_habits
                0x10011c5c      0x51c CMakeFiles/mellivora_picocalc.dir/src/apps.c.o
 .text.app_journal
                0x10012178      0x200 CMakeFiles/mellivora_picocalc.dir/src/apps.c.o
 .text.app_notes
                0x10012378       0x7c CMakeFiles/mellivora_picocalc.dir/src/apps.c.o
 .text.app_browse
                0x100123f4      0x698 CMakeFiles/mellivora_picocalc.dir/src/apps.c.o
 .text.app_bookmarks
                0x10012a8c      0x60c CMakeFiles/mellivora_picocalc.dir/src/apps.c.o
 .text.app_journal.constprop.0
                0x10013098       0x50 CMakeFiles/mellivora_picocalc.dir/src/apps.c.o
 .text.settings_load.isra.0
                0x100130e8      0x1fc CMakeFiles/mellivora_picocalc.dir/src/apps.c.o
 .text.app_settings
                0x100132e4      0x11c CMakeFiles/mellivora_picocalc.dir/src/apps.c.o
 .text.app_set  0x10013400        0x8 CMakeFiles/mellivora_picocalc.dir/src/apps.c.o
 .text.app_snake
                0x10013408      0x538 CMakeFiles/mellivora_picocalc.dir/src/apps.c.o
 .text.app_games
                0x10013940      0x188 CMakeFiles/mellivora_picocalc.dir/src/apps.c.o
 .text.app_games.constprop.0
                0x10013ac8      0x100 CMakeFiles/mellivora_picocalc.dir/src/apps.c.o
 .text.app_rev  0x10013bc8      0x1ac CMakeFiles/mellivora_picocalc.dir/src/apps.c.o
 .text.app_calc
                0x10013d74      0x36c CMakeFiles/mellivora_picocalc.dir/src/apps.c.o
 .text.app_calc.constprop.0
                0x100140e0      0x108 CMakeFiles/mellivora_picocalc.dir/src/apps.c.o
 .text.app_dashboard
                0x100141e8      0x468 CMakeFiles/mellivora_picocalc.dir/src/apps.c.o
 .text.app_home
                0x10014650      0x37c CMakeFiles/mellivora_picocalc.dir/src/apps.c.o
 .text.app_sysmon
                0x100149cc      0x238 CMakeFiles/mellivora_picocalc.dir/src/apps.c.o
 .text.app_find_cb
                0x10014c04      0x170 CMakeFiles/mellivora_picocalc.dir/src/apps.c.o
 .text.app_du   0x10014d74      0x148 CMakeFiles/mellivora_picocalc.dir/src/apps.c.o
 .text.app_todo
                0x10014ebc      0x4fc CMakeFiles/mellivora_picocalc.dir/src/apps.c.o
 .text.app_cp   0x100153b8       0xf8 CMakeFiles/mellivora_picocalc.dir/src/apps.c.o
 .text.app_run  0x100154b0       0x50 CMakeFiles/mellivora_picocalc.dir/src/apps.c.o
                0x100154b0                app_run
 .text.gpio_set_function
                0x10015500       0x34 CMakeFiles/mellivora_picocalc.dir/pico-sdk/src/rp2_common/hardware_gpio/gpio.c.o
                0x10015500                gpio_set_function
 .text.gpio_set_pulls
                0x10015534       0x28 CMakeFiles/mellivora_picocalc.dir/pico-sdk/src/rp2_common/hardware_gpio/gpio.c.o
                0x10015534                gpio_set_pulls
 .text.gpio_set_input_hysteresis_enabled
                0x1001555c       0x28 CMakeFiles/mellivora_picocalc.dir/pico-sdk/src/rp2_common/hardware_gpio/gpio.c.o
                0x1001555c                gpio_set_input_hysteresis_enabled
 .text.gpio_set_drive_strength
                0x10015584       0x24 CMakeFiles/mellivora_picocalc.dir/pico-sdk/src/rp2_common/hardware_gpio/gpio.c.o
                0x10015584                gpio_set_drive_strength
 .text.gpio_init
                0x100155a8       0x40 CMakeFiles/mellivora_picocalc.dir/pico-sdk/src/rp2_common/hardware_gpio/gpio.c.o
                0x100155a8                gpio_init
 .text.rp2040_chip_version
                0x100155e8        0xc CMakeFiles/mellivora_picocalc.dir/pico-sdk/src/rp2040/pico_platform/platform.c.o
                0x100155e8                rp2040_chip_version
 .text.panic    0x100155f4       0x30 CMakeFiles/mellivora_picocalc.dir/pico-sdk/src/rp2_common/pico_platform_panic/panic.c.o
                0x100155f4                panic
 .text.hw_claim_or_assert
                0x10015624       0x44 CMakeFiles/mellivora_picocalc.dir/pico-sdk/src/common/hardware_claim/claim.c.o
                0x10015624                hw_claim_or_assert
 .text.hw_claim_unused_from_range
                0x10015668       0x9c CMakeFiles/mellivora_picocalc.dir/pico-sdk/src/common/hardware_claim/claim.c.o
                0x10015668                hw_claim_unused_from_range
 .text.next_striped_spin_lock_num
                0x10015704       0x18 CMakeFiles/mellivora_picocalc.dir/pico-sdk/src/rp2_common/hardware_sync/sync.c.o
                0x10015704                next_striped_spin_lock_num
 .text.spin_lock_claim_unused
                0x1001571c       0x24 CMakeFiles/mellivora_picocalc.dir/pico-sdk/src/rp2_common/hardware_sync/sync.c.o
                0x1001571c                spin_lock_claim_unused
 .text.spin_locks_reset
                0x10015740       0x1c CMakeFiles/mellivora_picocalc.dir/pico-sdk/src/rp2_common/hardware_sync_spin_lock/sync_spin_lock.c.o
                0x10015740                spin_locks_reset
 .text.runtime_init_per_core_irq_priorities
                0x1001575c       0x24 CMakeFiles/mellivora_picocalc.dir/pico-sdk/src/rp2_common/hardware_irq/irq.c.o
                0x1001575c                runtime_init_per_core_irq_priorities
 .text.irq_set_enabled
                0x10015780       0x24 CMakeFiles/mellivora_picocalc.dir/pico-sdk/src/rp2_common/hardware_irq/irq.c.o
                0x10015780                irq_set_enabled
 .text.irq_is_enabled
                0x100157a4       0x18 CMakeFiles/mellivora_picocalc.dir/pico-sdk/src/rp2_common/hardware_irq/irq.c.o
                0x100157a4                irq_is_enabled
 .text.irq_set_pending
                0x100157bc       0x10 CMakeFiles/mellivora_picocalc.dir/pico-sdk/src/rp2_common/hardware_irq/irq.c.o
                0x100157bc                irq_set_pending
 .text.irq_has_shared_handler
                0x100157cc       0x24 CMakeFiles/mellivora_picocalc.dir/pico-sdk/src/rp2_common/hardware_irq/irq.c.o
                0x100157cc                irq_has_shared_handler
 .text.irq_set_exclusive_handler
                0x100157f0       0x54 CMakeFiles/mellivora_picocalc.dir/pico-sdk/src/rp2_common/hardware_irq/irq.c.o
                0x100157f0                irq_set_exclusive_handler
 .text.irq_add_shared_handler
                0x10015844      0x1f4 CMakeFiles/mellivora_picocalc.dir/pico-sdk/src/rp2_common/hardware_irq/irq.c.o
                0x10015844                irq_add_shared_handler
 .text.irq_remove_handler
                0x10015a38      0x1d4 CMakeFiles/mellivora_picocalc.dir/pico-sdk/src/rp2_common/hardware_irq/irq.c.o
                0x10015a38                irq_remove_handler
 .text.irq_add_tail_to_free_list
                0x10015c0c       0xb4 CMakeFiles/mellivora_picocalc.dir/pico-sdk/src/rp2_common/hardware_irq/irq.c.o
                0x10015c0c                irq_add_tail_to_free_list
 .text.user_irq_claim_unused
                0x10015cc0       0x2c CMakeFiles/mellivora_picocalc.dir/pico-sdk/src/rp2_common/hardware_irq/irq.c.o
                0x10015cc0                user_irq_claim_unused
 .text.lock_init
                0x10015cec       0x10 CMakeFiles/mellivora_picocalc.dir/pico-sdk/src/common/pico_sync/lock_core.c.o
                0x10015cec                lock_init
 .text.runtime_init_mutex
                0x10015cfc       0x58 CMakeFiles/mellivora_picocalc.dir/pico-sdk/src/common/pico_sync/mutex.c.o
                0x10015cfc                runtime_init_mutex
 .text.mutex_init
                0x10015d54       0x1c CMakeFiles/mellivora_picocalc.dir/pico-sdk/src/common/pico_sync/mutex.c.o
                0x10015d54                mutex_init
 .text.critical_section_init
                0x10015d70       0x1c CMakeFiles/mellivora_picocalc.dir/pico-sdk/src/common/pico_sync/critical_section.c.o
                0x10015d70                critical_section_init
 .text.critical_section_init_with_lock_num
                0x10015d8c       0x14 CMakeFiles/mellivora_picocalc.dir/pico-sdk/src/common/pico_sync/critical_section.c.o
                0x10015d8c                critical_section_init_with_lock_num
 .text.sleep_until_callback
                0x10015da0       0x30 CMakeFiles/mellivora_picocalc.dir/pico-sdk/src/common/pico_time/time.c.o
 .text.alarm_pool_irq_handler
                0x10015dd0      0x300 CMakeFiles/mellivora_picocalc.dir/pico-sdk/src/common/pico_time/time.c.o
 .text.runtime_init_default_alarm_pool
                0x100160d0       0xdc CMakeFiles/mellivora_picocalc.dir/pico-sdk/src/common/pico_time/time.c.o
                0x100160d0                runtime_init_default_alarm_pool
 .text.alarm_pool_get_default
                0x100161ac        0x8 CMakeFiles/mellivora_picocalc.dir/pico-sdk/src/common/pico_time/time.c.o
                0x100161ac                alarm_pool_get_default
 .text.alarm_pool_add_alarm_at
                0x100161b4       0xd4 CMakeFiles/mellivora_picocalc.dir/pico-sdk/src/common/pico_time/time.c.o
                0x100161b4                alarm_pool_add_alarm_at
 .text.alarm_pool_add_alarm_at_force_in_context
                0x10016288       0xb0 CMakeFiles/mellivora_picocalc.dir/pico-sdk/src/common/pico_time/time.c.o
                0x10016288                alarm_pool_add_alarm_at_force_in_context
 .text.alarm_pool_cancel_alarm
                0x10016338       0x74 CMakeFiles/mellivora_picocalc.dir/pico-sdk/src/common/pico_time/time.c.o
                0x10016338                alarm_pool_cancel_alarm
 .text.alarm_pool_core_num
                0x100163ac        0x4 CMakeFiles/mellivora_picocalc.dir/pico-sdk/src/common/pico_time/time.c.o
                0x100163ac                alarm_pool_core_num
 .text.sleep_until
                0x100163b0       0xd8 CMakeFiles/mellivora_picocalc.dir/pico-sdk/src/common/pico_time/time.c.o
                0x100163b0                sleep_until
 .text.sleep_us
                0x10016488       0x28 CMakeFiles/mellivora_picocalc.dir/pico-sdk/src/common/pico_time/time.c.o
                0x10016488                sleep_us
 .text.sleep_ms
                0x100164b0       0x38 CMakeFiles/mellivora_picocalc.dir/pico-sdk/src/common/pico_time/time.c.o
                0x100164b0                sleep_ms
 .text.best_effort_wfe_or_timeout
                0x100164e8       0xfc CMakeFiles/mellivora_picocalc.dir/pico-sdk/src/common/pico_time/time.c.o
                0x100164e8                best_effort_wfe_or_timeout
 .text.check_single_timeout_us
                0x100165e4       0x28 CMakeFiles/mellivora_picocalc.dir/pico-sdk/src/common/pico_time/timeout_helper.c.o
 .text.init_single_timeout_until
                0x1001660c        0xc CMakeFiles/mellivora_picocalc.dir/pico-sdk/src/common/pico_time/timeout_helper.c.o
                0x1001660c                init_single_timeout_until
 .text.timer_hardware_alarm_claim
                0x10016618       0x14 CMakeFiles/mellivora_picocalc.dir/pico-sdk/src/rp2_common/hardware_timer/timer.c.o
                0x10016618                timer_hardware_alarm_claim
 .text.timer_time_us_64
                0x1001662c       0x10 CMakeFiles/mellivora_picocalc.dir/pico-sdk/src/rp2_common/hardware_timer/timer.c.o
                0x1001662c                timer_time_us_64
 .text.time_us_64
                0x1001663c       0x14 CMakeFiles/mellivora_picocalc.dir/pico-sdk/src/rp2_common/hardware_timer/timer.c.o
                0x1001663c                time_us_64
 .text.busy_wait_us_32
                0x10016650       0x7c CMakeFiles/mellivora_picocalc.dir/pico-sdk/src/rp2_common/hardware_timer/timer.c.o
                0x10016650                busy_wait_us_32
 .text.busy_wait_us
                0x100166cc       0x68 CMakeFiles/mellivora_picocalc.dir/pico-sdk/src/rp2_common/hardware_timer/timer.c.o
                0x100166cc                busy_wait_us
 .text.busy_wait_until
                0x10016734       0x20 CMakeFiles/mellivora_picocalc.dir/pico-sdk/src/rp2_common/hardware_timer/timer.c.o
                0x10016734                busy_wait_until
 .text.uart_init
                0x10016754      0x11c CMakeFiles/mellivora_picocalc.dir/pico-sdk/src/rp2_common/hardware_uart/uart.c.o
                0x10016754                uart_init
 .text.clock_configure_int_divider
                0x10016870       0xf4 CMakeFiles/mellivora_picocalc.dir/pico-sdk/src/rp2_common/hardware_clocks/clocks.c.o
                0x10016870                clock_configure_int_divider
 .text.clock_configure_undivided
                0x10016964       0xe8 CMakeFiles/mellivora_picocalc.dir/pico-sdk/src/rp2_common/hardware_clocks/clocks.c.o
                0x10016964                clock_configure_undivided
 .text.clock_get_hz
                0x10016a4c        0xc CMakeFiles/mellivora_picocalc.dir/pico-sdk/src/rp2_common/hardware_clocks/clocks.c.o
                0x10016a4c                clock_get_hz
 .text.set_sys_clock_pll
                0x10016a58      0x1b8 CMakeFiles/mellivora_picocalc.dir/pico-sdk/src/rp2_common/hardware_clocks/clocks.c.o
                0x10016a58                set_sys_clock_pll
 .text.check_sys_clock_khz
                0x10016c10      0x210 CMakeFiles/mellivora_picocalc.dir/pico-sdk/src/rp2_common/hardware_clocks/clocks.c.o
                0x10016c10                check_sys_clock_khz
 .text.pll_init
                0x10016e20       0xa0 CMakeFiles/mellivora_picocalc.dir/pico-sdk/src/rp2_common/hardware_pll/pll.c.o
                0x10016e20                pll_init
 .text.watchdog_reboot
                0x10016ec0       0x9c CMakeFiles/mellivora_picocalc.dir/pico-sdk/src/rp2_common/hardware_watchdog/watchdog.c.o
                0x10016ec0                watchdog_reboot
 .text.tick_start
                0x10016f5c       0x10 CMakeFiles/mellivora_picocalc.dir/pico-sdk/src/rp2_common/hardware_ticks/ticks.c.o
                0x10016f5c                tick_start
 .text.rom_func_lookup
                0x10016f6c       0x10 CMakeFiles/mellivora_picocalc.dir/pico-sdk/src/rp2_common/pico_bootrom/bootrom.c.o
                0x10016f6c                rom_func_lookup
 .text.rom_data_lookup
                0x10016f7c       0x10 CMakeFiles/mellivora_picocalc.dir/pico-sdk/src/rp2_common/pico_bootrom/bootrom.c.o
                0x10016f7c                rom_data_lookup
 .text.rom_funcs_lookup
                0x10016f8c       0x44 CMakeFiles/mellivora_picocalc.dir/pico-sdk/src/rp2_common/pico_bootrom/bootrom.c.o
                0x10016f8c                rom_funcs_lookup
 .text.rom_reset_usb_boot_extra
                0x10016fd0       0x28 CMakeFiles/mellivora_picocalc.dir/pico-sdk/src/rp2_common/pico_bootrom/bootrom.c.o
                0x10016fd0                rom_reset_usb_boot_extra
 .text.xosc_init
                0x10016ff8       0x28 CMakeFiles/mellivora_picocalc.dir/pico-sdk/src/rp2_common/hardware_xosc/xosc.c.o
                0x10016ff8                xosc_init
 .text.first_per_core_initializer
                0x10017020        0x4 CMakeFiles/mellivora_picocalc.dir/pico-sdk/src/rp2_common/pico_runtime/runtime.c.o
 .text.hard_assertion_failure
                0x10017024        0xc CMakeFiles/mellivora_picocalc.dir/pico-sdk/src/rp2_common/pico_runtime/runtime.c.o
                0x10017024                hard_assertion_failure
 .text.runtime_run_initializers
                0x10017030       0x28 CMakeFiles/mellivora_picocalc.dir/pico-sdk/src/rp2_common/pico_runtime/runtime.c.o
                0x10017030                runtime_run_initializers
 .text.runtime_init_early_resets
                0x10017058       0x2c CMakeFiles/mellivora_picocalc.dir/pico-sdk/src/rp2_common/pico_runtime_init/runtime_init.c.o
                0x10017058                runtime_init_early_resets
 .text.runtime_init_usb_power_down
                0x10017084       0x1c CMakeFiles/mellivora_picocalc.dir/pico-sdk/src/rp2_common/pico_runtime_init/runtime_init.c.o
                0x10017084                runtime_init_usb_power_down
 .text.runtime_init_post_clock_resets
                0x100170a0       0x20 CMakeFiles/mellivora_picocalc.dir/pico-sdk/src/rp2_common/pico_runtime_init/runtime_init.c.o
                0x100170a0                runtime_init_post_clock_resets
 .text.runtime_init_rp2040_gpio_ie_disable
                0x100170c0       0x14 CMakeFiles/mellivora_picocalc.dir/pico-sdk/src/rp2_common/pico_runtime_init/runtime_init.c.o
                0x100170c0                runtime_init_rp2040_gpio_ie_disable
 .text.runtime_init_spin_locks_reset
                0x100170d4        0x8 CMakeFiles/mellivora_picocalc.dir/pico-sdk/src/rp2_common/pico_runtime_init/runtime_init.c.o
                0x100170d4                runtime_init_spin_locks_reset
 .text.runtime_init_install_ram_vector_table
                0x100170dc       0xc4 CMakeFiles/mellivora_picocalc.dir/pico-sdk/src/rp2_common/pico_runtime_init/runtime_init.c.o
                0x100170dc                runtime_init_install_ram_vector_table
 .text.runtime_init_clocks
                0x100171a0       0xd8 CMakeFiles/mellivora_picocalc.dir/pico-sdk/src/rp2_common/pico_runtime_init/runtime_init_clocks.c.o
                0x100171a0                runtime_init_clocks
 .text          0x10017278       0x10 CMakeFiles/mellivora_picocalc.dir/pico-sdk/src/rp2_common/pico_bit_ops/bit_ops_aeabi.S.o
 .text.__wrap___aeabi_idiv
                0x10017288       0x50 CMakeFiles/mellivora_picocalc.dir/pico-sdk/src/rp2_common/pico_divider/divider_hardware.S.o
                0x10017288                __wrap___aeabi_idivmod
                0x10017288                divmod_s32s32
                0x10017288                div_s32s32
                0x10017288                __wrap___aeabi_idiv
                0x10017290                divmod_s32s32_unsafe
                0x100172bc                divmod_s32s32_savestate
 .text.__wrap___aeabi_uidiv
                0x100172d8       0x4c CMakeFiles/mellivora_picocalc.dir/pico-sdk/src/rp2_common/pico_divider/divider_hardware.S.o
                0x100172d8                __wrap___aeabi_uidiv
                0x100172d8                __wrap___aeabi_uidivmod
                0x100172d8                div_u32u32
                0x100172d8                divmod_u32u32
                0x100172e0                divmod_u32u32_unsafe
                0x10017308                divmod_u32u32_savestate
 .text.__wrap___aeabi_ldiv
                0x10017324      0x424 CMakeFiles/mellivora_picocalc.dir/pico-sdk/src/rp2_common/pico_divider/divider_hardware.S.o
                0x10017324                div_s64s64
                0x10017324                divmod_s64s64
                0x10017324                __wrap___aeabi_ldivmod
                0x10017354                div_u64u64
                0x10017354                divmod_u64u64
                0x10017354                __wrap___aeabi_uldivmod
                0x10017364                divmod_u64u64_savestate
                0x10017384                divmod_s64s64_unsafe
                0x1001740c                divmod_u64u64_unsafe
 .text.__wrap___aeabi_darithmetic
                0x10017748       0x80 CMakeFiles/mellivora_picocalc.dir/pico-sdk/src/rp2_common/pico_double/double_aeabi_rp2040.S.o
                0x10017748                __wrap___aeabi_drsub
                0x1001774e                __wrap___aeabi_dsub
                0x10017760                __wrap___aeabi_dadd
                0x10017772                __wrap___aeabi_ddiv
                0x100177ae                __wrap___aeabi_dmul
 .text.__wrap___aeabi_cdcmple
                0x100177c8       0x6c CMakeFiles/mellivora_picocalc.dir/pico-sdk/src/rp2_common/pico_double/double_aeabi_rp2040.S.o
                0x100177c8                __wrap___aeabi_cdrcmple
                0x100177d8                __wrap___aeabi_cdcmple
                0x100177d8                __wrap___aeabi_cdcmpeq
 .text.__wrap___aeabi_dcmplt
                0x10017834        0xc CMakeFiles/mellivora_picocalc.dir/pico-sdk/src/rp2_common/pico_double/double_aeabi_rp2040.S.o
                0x10017834                __wrap___aeabi_dcmplt
 .text.__wrap___aeabi_dcmpge
                0x10017840       0x10 CMakeFiles/mellivora_picocalc.dir/pico-sdk/src/rp2_common/pico_double/double_aeabi_rp2040.S.o
                0x10017840                __wrap___aeabi_dcmpge
 .text.__wrap___aeabi_dcmpgt
                0x10017850        0xa CMakeFiles/mellivora_picocalc.dir/pico-sdk/src/rp2_common/pico_double/double_aeabi_rp2040.S.o
                0x10017850                __wrap___aeabi_dcmpgt
 .text.__wrap___aeabi_dcmpun
                0x1001785a       0x18 CMakeFiles/mellivora_picocalc.dir/pico-sdk/src/rp2_common/pico_double/double_aeabi_rp2040.S.o
                0x1001785a                __wrap___aeabi_dcmpun
 *fill*         0x10017872        0x2 
 .text.__wrap___aeabi_i2d
                0x10017874       0x38 CMakeFiles/mellivora_picocalc.dir/pico-sdk/src/rp2_common/pico_double/double_aeabi_rp2040.S.o
                0x10017874                __wrap___aeabi_ui2d
                0x10017874                uint2double
                0x1001787c                __wrap___aeabi_i2d
                0x1001787c                int2double
 .text.__wrap___aeabi_d2iz
                0x100178ac       0x48 CMakeFiles/mellivora_picocalc.dir/pico-sdk/src/rp2_common/pico_double/double_aeabi_rp2040.S.o
                0x100178ac                __wrap___aeabi_d2iz
                0x100178ac                double2int_z
 .text.__wrap___aeabi_d2uiz
                0x100178f4       0x18 CMakeFiles/mellivora_picocalc.dir/pico-sdk/src/rp2_common/pico_double/double_aeabi_rp2040.S.o
                0x100178f4                double2uint_z
                0x100178f4                double2uint
                0x100178f4                __wrap___aeabi_d2uiz
 .text.__aeabi_double_init
                0x1001790c       0xa4 CMakeFiles/mellivora_picocalc.dir/pico-sdk/src/rp2_common/pico_double/double_init_rom_rp2040.c.o
                0x1001790c                __aeabi_double_init
 .text.double_table_shim_on_use_helper
                0x100179b0       0x2c CMakeFiles/mellivora_picocalc.dir/pico-sdk/src/rp2_common/pico_double/double_v1_rom_shim_rp2040.S.o
                0x100179b0                double_table_shim_on_use_helper
 .text.__wrap___aeabi_dsub
                0x100179dc       0x10 CMakeFiles/mellivora_picocalc.dir/pico-sdk/src/rp2_common/pico_double/double_v1_rom_shim_rp2040.S.o
                0x100179dc                drsub_shim
                0x100179e2                dsub_shim
 .text.dadd_shim
                0x100179ec      0x15c CMakeFiles/mellivora_picocalc.dir/pico-sdk/src/rp2_common/pico_double/double_v1_rom_shim_rp2040.S.o
                0x100179ec                dadd_shim
 .text.dmul_shim
                0x10017b48      0x15c CMakeFiles/mellivora_picocalc.dir/pico-sdk/src/rp2_common/pico_double/double_v1_rom_shim_rp2040.S.o
                0x10017b48                dmul_shim
 .text.ddiv_shim
                0x10017ca4      0x1b0 CMakeFiles/mellivora_picocalc.dir/pico-sdk/src/rp2_common/pico_double/double_v1_rom_shim_rp2040.S.o
                0x10017ca4                ddiv_shim
 .text.double2uint_shim
                0x10017e54        0xe CMakeFiles/mellivora_picocalc.dir/pico-sdk/src/rp2_common/pico_double/double_v1_rom_shim_rp2040.S.o
                0x10017e54                double2uint_shim
                0x10017e56                double2ufix_shim
 *fill*         0x10017e62        0x2 
 .text.double2uint64_shim
                0x10017e64       0x70 CMakeFiles/mellivora_picocalc.dir/pico-sdk/src/rp2_common/pico_double/double_v1_rom_shim_rp2040.S.o
                0x10017e64                double2uint64_shim
                0x10017e66                double2ufix64_shim
                0x10017e86                d2fix_a
 .text.dunpacks
                0x10017ed4       0x3c CMakeFiles/mellivora_picocalc.dir/pico-sdk/src/rp2_common/pico_double/double_v1_rom_shim_rp2040.S.o
                0x10017ed4                dunpacks
 .text.__aeabi_lmul
                0x10017f10       0x32 CMakeFiles/mellivora_picocalc.dir/pico-sdk/src/rp2_common/pico_int64_ops/pico_int64_ops_aeabi.S.o
                0x10017f10                __wrap___aeabi_lmul
 *fill*         0x10017f42        0x2 
 .text.__aeabi_float_init
                0x10017f44       0x64 CMakeFiles/mellivora_picocalc.dir/pico-sdk/src/rp2_common/pico_float/float_init_rom_rp2040.c.o
                0x10017f44                __aeabi_float_init
 .text.float_table_shim_on_use_helper
                0x10017fa8       0x2c CMakeFiles/mellivora_picocalc.dir/pico-sdk/src/rp2_common/pico_float/float_v1_rom_shim_rp2040.S.o
                0x10017fa8                float_table_shim_on_use_helper
 .text          0x10017fd4       0x10 CMakeFiles/mellivora_picocalc.dir/pico-sdk/src/rp2_common/pico_mem_ops/mem_ops_aeabi.S.o
                0x10017fd4                __aeabi_mem_init
 .text.memset   0x10017fe4        0xc CMakeFiles/mellivora_picocalc.dir/pico-sdk/src/rp2_common/pico_mem_ops/mem_ops_aeabi.S.o
                0x10017fe4                __wrap_memset
 .text.memcpy   0x10017ff0        0xc CMakeFiles/mellivora_picocalc.dir/pico-sdk/src/rp2_common/pico_mem_ops/mem_ops_aeabi.S.o
                0x10017ff0                __wrap___aeabi_memcpy
                0x10017ff0                __wrap_memcpy
 .text._out_buffer
                0x10017ffc        0x8 CMakeFiles/mellivora_picocalc.dir/pico-sdk/src/rp2_common/pico_printf/printf.c.o
 .text._out_null
                0x10018004        0x4 CMakeFiles/mellivora_picocalc.dir/pico-sdk/src/rp2_common/pico_printf/printf.c.o
 .text._out_rev
                0x10018008       0x90 CMakeFiles/mellivora_picocalc.dir/pico-sdk/src/rp2_common/pico_printf/printf.c.o
 .text._ntoa_format
                0x10018098      0x1f4 CMakeFiles/mellivora_picocalc.dir/pico-sdk/src/rp2_common/pico_printf/printf.c.o
 .text._out_char
                0x1001828c       0x10 CMakeFiles/mellivora_picocalc.dir/pico-sdk/src/rp2_common/pico_printf/printf.c.o
 .text._etoa    0x1001829c      0x454 CMakeFiles/mellivora_picocalc.dir/pico-sdk/src/rp2_common/pico_printf/printf.c.o
 .text._ftoa    0x100186f0      0x3c4 CMakeFiles/mellivora_picocalc.dir/pico-sdk/src/rp2_common/pico_printf/printf.c.o
 .text._vsnprintf
                0x10018ab4      0xb24 CMakeFiles/mellivora_picocalc.dir/pico-sdk/src/rp2_common/pico_printf/printf.c.o
 .text.__wrap_snprintf
                0x100195d8       0x28 CMakeFiles/mellivora_picocalc.dir/pico-sdk/src/rp2_common/pico_printf/printf.c.o
                0x100195d8                __wrap_snprintf
 .text.__wrap_vsnprintf
                0x10019600       0x1c CMakeFiles/mellivora_picocalc.dir/pico-sdk/src/rp2_common/pico_printf/printf.c.o
                0x10019600                __wrap_vsnprintf
 .text.weak_raw_vprintf
                0x1001961c       0x30 CMakeFiles/mellivora_picocalc.dir/pico-sdk/src/rp2_common/pico_printf/printf.c.o
                0x1001961c                weak_raw_vprintf
 .text._exit    0x1001964c        0x4 CMakeFiles/mellivora_picocalc.dir/pico-sdk/src/rp2_common/pico_clib_interface/newlib_interface.c.o
                0x1001964c                _exit
 .text.exit     0x10019650        0x8 CMakeFiles/mellivora_picocalc.dir/pico-sdk/src/rp2_common/pico_clib_interface/newlib_interface.c.o
                0x10019650                exit
 .text.runtime_init
                0x10019658       0x2c CMakeFiles/mellivora_picocalc.dir/pico-sdk/src/rp2_common/pico_clib_interface/newlib_interface.c.o
                0x10019658                runtime_init
 .text.stdio_out_chars_no_crlf
                0x10019684       0x10 CMakeFiles/mellivora_picocalc.dir/pico-sdk/src/rp2_common/pico_stdio/stdio.c.o
 .text.stdio_out_chars_crlf
                0x10019694       0xbc CMakeFiles/mellivora_picocalc.dir/pico-sdk/src/rp2_common/pico_stdio/stdio.c.o
 .text.stdio_put_string
                0x10019750      0x100 CMakeFiles/mellivora_picocalc.dir/pico-sdk/src/rp2_common/pico_stdio/stdio.c.o
                0x10019750                stdio_put_string
 .text.stdio_putchar_raw
                0x10019850       0x98 CMakeFiles/mellivora_picocalc.dir/pico-sdk/src/rp2_common/pico_stdio/stdio.c.o
                0x10019850                stdio_putchar_raw
 .text.stdio_set_driver_enabled
                0x100198e8       0x30 CMakeFiles/mellivora_picocalc.dir/pico-sdk/src/rp2_common/pico_stdio/stdio.c.o
                0x100198e8                stdio_set_driver_enabled
 .text.stdio_init_all
                0x10019918       0x10 CMakeFiles/mellivora_picocalc.dir/pico-sdk/src/rp2_common/pico_stdio/stdio.c.o
                0x10019918                stdio_init_all
 .text.stdio_getchar_timeout_us
                0x10019928       0x98 CMakeFiles/mellivora_picocalc.dir/pico-sdk/src/rp2_common/pico_stdio/stdio.c.o
                0x10019928                stdio_getchar_timeout_us
 .text.__wrap_putchar
                0x100199c0       0x98 CMakeFiles/mellivora_picocalc.dir/pico-sdk/src/rp2_common/pico_stdio/stdio.c.o
                0x100199c0                stdio_putchar
                0x100199c0                __wrap_putchar
 .text.__wrap_puts
                0x10019a58       0x3c CMakeFiles/mellivora_picocalc.dir/pico-sdk/src/rp2_common/pico_stdio/stdio.c.o
                0x10019a58                __wrap_puts
                0x10019a58                stdio_puts
 .text.stdio_uart_out_chars
                0x10019a94       0x4c CMakeFiles/mellivora_picocalc.dir/pico-sdk/src/rp2_common/pico_stdio_uart/stdio_uart.c.o
 .text.stdio_uart_in_chars
                0x10019ae0       0x98 CMakeFiles/mellivora_picocalc.dir/pico-sdk/src/rp2_common/pico_stdio_uart/stdio_uart.c.o
                0x10019ae0                stdio_uart_in_chars
 .text.on_uart_rx
                0x10019b78       0x28 CMakeFiles/mellivora_picocalc.dir/pico-sdk/src/rp2_common/pico_stdio_uart/stdio_uart.c.o
 .text.stdio_uart_out_flush
                0x10019ba0       0x14 CMakeFiles/mellivora_picocalc.dir/pico-sdk/src/rp2_common/pico_stdio_uart/stdio_uart.c.o
 .text.stdio_uart_set_chars_available_callback
                0x10019bb4       0x88 CMakeFiles/mellivora_picocalc.dir/pico-sdk/src/rp2_common/pico_stdio_uart/stdio_uart.c.o
 .text.stdio_uart_init
                0x10019c3c       0x50 CMakeFiles/mellivora_picocalc.dir/pico-sdk/src/rp2_common/pico_stdio_uart/stdio_uart.c.o
                0x10019c3c                stdio_uart_init
 .text.resetd_init
                0x10019c8c        0x4 CMakeFiles/mellivora_picocalc.dir/pico-sdk/src/rp2_common/pico_stdio_usb/reset_interface.c.o
 .text.resetd_reset
                0x10019c90        0xc CMakeFiles/mellivora_picocalc.dir/pico-sdk/src/rp2_common/pico_stdio_usb/reset_interface.c.o
 .text.resetd_open
                0x10019c9c       0x28 CMakeFiles/mellivora_picocalc.dir/pico-sdk/src/rp2_common/pico_stdio_usb/reset_interface.c.o
 .text.resetd_xfer_cb
                0x10019cc4        0x4 CMakeFiles/mellivora_picocalc.dir/pico-sdk/src/rp2_common/pico_stdio_usb/reset_interface.c.o
 .text.resetd_control_xfer_cb
                0x10019cc8       0x5c CMakeFiles/mellivora_picocalc.dir/pico-sdk/src/rp2_common/pico_stdio_usb/reset_interface.c.o
 .text.tud_descriptor_bos_cb
                0x10019d24        0x8 CMakeFiles/mellivora_picocalc.dir/pico-sdk/src/rp2_common/pico_stdio_usb/reset_interface.c.o
                0x10019d24                tud_descriptor_bos_cb
 .text.tud_vendor_control_xfer_cb
                0x10019d2c       0x34 CMakeFiles/mellivora_picocalc.dir/pico-sdk/src/rp2_common/pico_stdio_usb/reset_interface.c.o
                0x10019d2c                tud_vendor_control_xfer_cb
 .text.usbd_app_driver_get_cb
                0x10019d60        0xc CMakeFiles/mellivora_picocalc.dir/pico-sdk/src/rp2_common/pico_stdio_usb/reset_interface.c.o
                0x10019d60                usbd_app_driver_get_cb
 .text.tud_cdc_line_coding_cb
                0x10019d6c       0x2c CMakeFiles/mellivora_picocalc.dir/pico-sdk/src/rp2_common/pico_stdio_usb/reset_interface.c.o
                0x10019d6c                tud_cdc_line_coding_cb
 .text.stdio_usb_set_chars_available_callback
                0x10019d98       0x14 CMakeFiles/mellivora_picocalc.dir/pico-sdk/src/rp2_common/pico_stdio_usb/stdio_usb.c.o
                0x10019d98                stdio_usb_set_chars_available_callback
 .text.usb_irq  0x10019dac       0x10 CMakeFiles/mellivora_picocalc.dir/pico-sdk/src/rp2_common/pico_stdio_usb/stdio_usb.c.o
 .text.timer_task
                0x10019dbc       0x64 CMakeFiles/mellivora_picocalc.dir/pico-sdk/src/rp2_common/pico_stdio_usb/stdio_usb.c.o
 .text.stdio_usb_in_chars
                0x10019e20       0x90 CMakeFiles/mellivora_picocalc.dir/pico-sdk/src/rp2_common/pico_stdio_usb/stdio_usb.c.o
                0x10019e20                stdio_usb_in_chars
 .text.stdio_usb_out_flush
                0x10019eb0       0x50 CMakeFiles/mellivora_picocalc.dir/pico-sdk/src/rp2_common/pico_stdio_usb/stdio_usb.c.o
 .text.stdio_usb_out_chars
                0x10019f00      0x104 CMakeFiles/mellivora_picocalc.dir/pico-sdk/src/rp2_common/pico_stdio_usb/stdio_usb.c.o
 .text.low_priority_worker_irq
                0x1001a004       0xcc CMakeFiles/mellivora_picocalc.dir/pico-sdk/src/rp2_common/pico_stdio_usb/stdio_usb.c.o
 .text.stdio_usb_init
                0x1001a0d0       0xec CMakeFiles/mellivora_picocalc.dir/pico-sdk/src/rp2_common/pico_stdio_usb/stdio_usb.c.o
                0x1001a0d0                stdio_usb_init
 .text.tud_descriptor_device_cb
                0x1001a1bc        0x8 CMakeFiles/mellivora_picocalc.dir/pico-sdk/src/rp2_common/pico_stdio_usb/stdio_usb_descriptors.c.o
                0x1001a1bc                tud_descriptor_device_cb
 .text.tud_descriptor_configuration_cb
                0x1001a1c4        0x8 CMakeFiles/mellivora_picocalc.dir/pico-sdk/src/rp2_common/pico_stdio_usb/stdio_usb_descriptors.c.o
                0x1001a1c4                tud_descriptor_configuration_cb
 .text.tud_descriptor_string_cb
                0x1001a1cc       0x78 CMakeFiles/mellivora_picocalc.dir/pico-sdk/src/rp2_common/pico_stdio_usb/stdio_usb_descriptors.c.o
                0x1001a1cc                tud_descriptor_string_cb
 .text.startup._retrieve_unique_id_on_boot
                0x1001a244       0x10 CMakeFiles/mellivora_picocalc.dir/pico-sdk/src/rp2_common/pico_unique_id/unique_id.c.o
 .text.pico_get_unique_board_id_string
                0x1001a254      0x1a8 CMakeFiles/mellivora_picocalc.dir/pico-sdk/src/rp2_common/pico_unique_id/unique_id.c.o
                0x1001a254                pico_get_unique_board_id_string
 .text.flash_get_unique_id
                0x1001a3fc       0x40 CMakeFiles/mellivora_picocalc.dir/pico-sdk/src/rp2_common/hardware_flash/flash.c.o
                0x1001a3fc                flash_get_unique_id
 .text.dcd_init
                0x1001a43c       0x90 CMakeFiles/mellivora_picocalc.dir/pico-sdk/lib/tinyusb/src/portable/raspberrypi/rp2040/dcd_rp2040.c.o
                0x1001a43c                dcd_init
 .text.dcd_int_enable
                0x1001a4cc        0xc CMakeFiles/mellivora_picocalc.dir/pico-sdk/lib/tinyusb/src/portable/raspberrypi/rp2040/dcd_rp2040.c.o
                0x1001a4cc                dcd_int_enable
 .text.dcd_set_address
                0x1001a4d8       0x14 CMakeFiles/mellivora_picocalc.dir/pico-sdk/lib/tinyusb/src/portable/raspberrypi/rp2040/dcd_rp2040.c.o
                0x1001a4d8                dcd_set_address
 .text.dcd_sof_enable
                0x1001a4ec       0x1c CMakeFiles/mellivora_picocalc.dir/pico-sdk/lib/tinyusb/src/portable/raspberrypi/rp2040/dcd_rp2040.c.o
                0x1001a4ec                dcd_sof_enable
 .text.dcd_edpt0_status_complete
                0x1001a508       0x1c CMakeFiles/mellivora_picocalc.dir/pico-sdk/lib/tinyusb/src/portable/raspberrypi/rp2040/dcd_rp2040.c.o
                0x1001a508                dcd_edpt0_status_complete
 .text.dcd_edpt_open
                0x1001a524      0x114 CMakeFiles/mellivora_picocalc.dir/pico-sdk/lib/tinyusb/src/portable/raspberrypi/rp2040/dcd_rp2040.c.o
                0x1001a524                dcd_edpt_open
 .text.dcd_edpt_close_all
                0x1001a638        0x8 CMakeFiles/mellivora_picocalc.dir/pico-sdk/lib/tinyusb/src/portable/raspberrypi/rp2040/dcd_rp2040.c.o
                0x1001a638                dcd_edpt_close_all
 .text.dcd_edpt_xfer
                0x1001a640       0x24 CMakeFiles/mellivora_picocalc.dir/pico-sdk/lib/tinyusb/src/portable/raspberrypi/rp2040/dcd_rp2040.c.o
                0x1001a640                dcd_edpt_xfer
 .text.dcd_edpt_stall
                0x1001a664       0x38 CMakeFiles/mellivora_picocalc.dir/pico-sdk/lib/tinyusb/src/portable/raspberrypi/rp2040/dcd_rp2040.c.o
                0x1001a664                dcd_edpt_stall
 .text.dcd_edpt_clear_stall
                0x1001a69c       0x30 CMakeFiles/mellivora_picocalc.dir/pico-sdk/lib/tinyusb/src/portable/raspberrypi/rp2040/dcd_rp2040.c.o
                0x1001a69c                dcd_edpt_clear_stall
 .text.rp2040_usb_init
                0x1001a6cc       0x40 CMakeFiles/mellivora_picocalc.dir/pico-sdk/lib/tinyusb/src/portable/raspberrypi/rp2040/rp2040_usb.c.o
                0x1001a6cc                rp2040_usb_init
 .text.hw_endpoint_xfer_start
                0x1001a70c       0x40 CMakeFiles/mellivora_picocalc.dir/pico-sdk/lib/tinyusb/src/portable/raspberrypi/rp2040/rp2040_usb.c.o
                0x1001a70c                hw_endpoint_xfer_start
 .text.tud_event_hook_cb
                0x1001a74c        0x4 CMakeFiles/mellivora_picocalc.dir/pico-sdk/lib/tinyusb/src/device/usbd.c.o
                0x1001a74c                tud_event_hook_cb
 .text.tud_sof_cb
                0x1001a750        0x4 CMakeFiles/mellivora_picocalc.dir/pico-sdk/lib/tinyusb/src/device/usbd.c.o
                0x1001a750                tud_sof_cb
 .text.tud_descriptor_device_qualifier_cb
                0x1001a754        0x4 CMakeFiles/mellivora_picocalc.dir/pico-sdk/lib/tinyusb/src/device/usbd.c.o
                0x1001a754                tud_descriptor_device_qualifier_cb
 .text.tud_descriptor_other_speed_configuration_cb
                0x1001a758        0x4 CMakeFiles/mellivora_picocalc.dir/pico-sdk/lib/tinyusb/src/device/usbd.c.o
                0x1001a758                tud_descriptor_other_speed_configuration_cb
 .text.tud_mount_cb
                0x1001a75c        0x4 CMakeFiles/mellivora_picocalc.dir/pico-sdk/lib/tinyusb/src/device/usbd.c.o
                0x1001a75c                tud_mount_cb
 .text.tud_umount_cb
                0x1001a760        0x4 CMakeFiles/mellivora_picocalc.dir/pico-sdk/lib/tinyusb/src/device/usbd.c.o
                0x1001a760                tud_umount_cb
 .text.tud_suspend_cb
                0x1001a764        0x4 CMakeFiles/mellivora_picocalc.dir/pico-sdk/lib/tinyusb/src/device/usbd.c.o
                0x1001a764                tud_suspend_cb
 .text.tud_resume_cb
                0x1001a768        0x4 CMakeFiles/mellivora_picocalc.dir/pico-sdk/lib/tinyusb/src/device/usbd.c.o
                0x1001a768                tud_resume_cb
 .text.tud_mounted
                0x1001a76c       0x10 CMakeFiles/mellivora_picocalc.dir/pico-sdk/lib/tinyusb/src/device/usbd.c.o
                0x1001a76c                tud_mounted
 .text.tud_suspended
                0x1001a77c       0x10 CMakeFiles/mellivora_picocalc.dir/pico-sdk/lib/tinyusb/src/device/usbd.c.o
                0x1001a77c                tud_suspended
 .text.tud_rhport_init
                0x1001a78c       0xfc CMakeFiles/mellivora_picocalc.dir/pico-sdk/lib/tinyusb/src/device/usbd.c.o
                0x1001a78c                tud_rhport_init
 .text.tud_task_ext
                0x1001a888      0x808 CMakeFiles/mellivora_picocalc.dir/pico-sdk/lib/tinyusb/src/device/usbd.c.o
                0x1001a888                tud_task_ext
 .text.usbd_open_edpt_pair
                0x1001b090       0x9c CMakeFiles/mellivora_picocalc.dir/pico-sdk/lib/tinyusb/src/device/usbd.c.o
                0x1001b090                usbd_open_edpt_pair
 .text.usbd_edpt_open
                0x1001b12c       0x34 CMakeFiles/mellivora_picocalc.dir/pico-sdk/lib/tinyusb/src/device/usbd.c.o
                0x1001b12c                usbd_edpt_open
 .text.usbd_edpt_claim
                0x1001b160       0x28 CMakeFiles/mellivora_picocalc.dir/pico-sdk/lib/tinyusb/src/device/usbd.c.o
                0x1001b160                usbd_edpt_claim
 .text.usbd_edpt_release
                0x1001b188       0x28 CMakeFiles/mellivora_picocalc.dir/pico-sdk/lib/tinyusb/src/device/usbd.c.o
                0x1001b188                usbd_edpt_release
 .text.usbd_edpt_xfer
                0x1001b1b0       0x4c CMakeFiles/mellivora_picocalc.dir/pico-sdk/lib/tinyusb/src/device/usbd.c.o
                0x1001b1b0                usbd_edpt_xfer
 .text.tud_control_status
                0x1001b1fc       0x2c CMakeFiles/mellivora_picocalc.dir/pico-sdk/lib/tinyusb/src/device/usbd_control.c.o
                0x1001b1fc                tud_control_status
 .text.tud_control_xfer
                0x1001b228       0xac CMakeFiles/mellivora_picocalc.dir/pico-sdk/lib/tinyusb/src/device/usbd_control.c.o
                0x1001b228                tud_control_xfer
 .text.usbd_control_reset
                0x1001b2d4       0x14 CMakeFiles/mellivora_picocalc.dir/pico-sdk/lib/tinyusb/src/device/usbd_control.c.o
                0x1001b2d4                usbd_control_reset
 .text.usbd_control_set_complete_callback
                0x1001b2e8        0xc CMakeFiles/mellivora_picocalc.dir/pico-sdk/lib/tinyusb/src/device/usbd_control.c.o
                0x1001b2e8                usbd_control_set_complete_callback
 .text.usbd_control_set_request
                0x1001b2f4       0x1c CMakeFiles/mellivora_picocalc.dir/pico-sdk/lib/tinyusb/src/device/usbd_control.c.o
                0x1001b2f4                usbd_control_set_request
 .text.usbd_control_xfer_cb
                0x1001b310       0xec CMakeFiles/mellivora_picocalc.dir/pico-sdk/lib/tinyusb/src/device/usbd_control.c.o
                0x1001b310                usbd_control_xfer_cb
 .text._prep_out_transaction.isra.0
                0x1001b3fc       0x6c CMakeFiles/mellivora_picocalc.dir/pico-sdk/lib/tinyusb/src/class/cdc/cdc_device.c.o
 .text.tud_cdc_n_connected
                0x1001b468       0x2c CMakeFiles/mellivora_picocalc.dir/pico-sdk/lib/tinyusb/src/class/cdc/cdc_device.c.o
                0x1001b468                tud_cdc_n_connected
 .text.tud_cdc_n_available
                0x1001b494       0x14 CMakeFiles/mellivora_picocalc.dir/pico-sdk/lib/tinyusb/src/class/cdc/cdc_device.c.o
                0x1001b494                tud_cdc_n_available
 .text.tud_cdc_n_read
                0x1001b4a8       0x94 CMakeFiles/mellivora_picocalc.dir/pico-sdk/lib/tinyusb/src/class/cdc/cdc_device.c.o
                0x1001b4a8                tud_cdc_n_read
 .text.tud_cdc_n_write_flush
                0x1001b53c       0x74 CMakeFiles/mellivora_picocalc.dir/pico-sdk/lib/tinyusb/src/class/cdc/cdc_device.c.o
                0x1001b53c                tud_cdc_n_write_flush
 .text.tud_cdc_n_write
                0x1001b5b0       0x40 CMakeFiles/mellivora_picocalc.dir/pico-sdk/lib/tinyusb/src/class/cdc/cdc_device.c.o
                0x1001b5b0                tud_cdc_n_write
 .text.tud_cdc_n_write_available
                0x1001b5f0       0x14 CMakeFiles/mellivora_picocalc.dir/pico-sdk/lib/tinyusb/src/class/cdc/cdc_device.c.o
                0x1001b5f0                tud_cdc_n_write_available
 .text.cdcd_init
                0x1001b604       0x70 CMakeFiles/mellivora_picocalc.dir/pico-sdk/lib/tinyusb/src/class/cdc/cdc_device.c.o
                0x1001b604                cdcd_init
 .text.cdcd_deinit
                0x1001b674       0x30 CMakeFiles/mellivora_picocalc.dir/pico-sdk/lib/tinyusb/src/class/cdc/cdc_device.c.o
                0x1001b674                cdcd_deinit
 .text.cdcd_reset
                0x1001b6a4       0x4c CMakeFiles/mellivora_picocalc.dir/pico-sdk/lib/tinyusb/src/class/cdc/cdc_device.c.o
                0x1001b6a4                cdcd_reset
 .text.cdcd_open
                0x1001b6f0       0xa8 CMakeFiles/mellivora_picocalc.dir/pico-sdk/lib/tinyusb/src/class/cdc/cdc_device.c.o
                0x1001b6f0                cdcd_open
 .text.cdcd_control_xfer_cb
                0x1001b798       0xe8 CMakeFiles/mellivora_picocalc.dir/pico-sdk/lib/tinyusb/src/class/cdc/cdc_device.c.o
                0x1001b798                cdcd_control_xfer_cb
 .text.cdcd_xfer_cb
                0x1001b880      0x100 CMakeFiles/mellivora_picocalc.dir/pico-sdk/lib/tinyusb/src/class/cdc/cdc_device.c.o
                0x1001b880                cdcd_xfer_cb
 .text.vendord_init
                0x1001b980       0x5c CMakeFiles/mellivora_picocalc.dir/pico-sdk/lib/tinyusb/src/class/vendor/vendor_device.c.o
                0x1001b980                vendord_init
 .text.vendord_deinit
                0x1001b9dc       0x1c CMakeFiles/mellivora_picocalc.dir/pico-sdk/lib/tinyusb/src/class/vendor/vendor_device.c.o
                0x1001b9dc                vendord_deinit
 .text.vendord_reset
                0x1001b9f8       0x28 CMakeFiles/mellivora_picocalc.dir/pico-sdk/lib/tinyusb/src/class/vendor/vendor_device.c.o
                0x1001b9f8                vendord_reset
 .text.vendord_open
                0x1001ba20      0x128 CMakeFiles/mellivora_picocalc.dir/pico-sdk/lib/tinyusb/src/class/vendor/vendor_device.c.o
                0x1001ba20                vendord_open
 .text.vendord_xfer_cb
                0x1001bb48       0x9c CMakeFiles/mellivora_picocalc.dir/pico-sdk/lib/tinyusb/src/class/vendor/vendor_device.c.o
                0x1001bb48                vendord_xfer_cb
 .text.tusb_rhport_init
                0x1001bbe4       0x48 CMakeFiles/mellivora_picocalc.dir/pico-sdk/lib/tinyusb/src/tusb.c.o
                0x1001bbe4                tusb_rhport_init
 .text.tu_edpt_claim
                0x1001bc2c       0x50 CMakeFiles/mellivora_picocalc.dir/pico-sdk/lib/tinyusb/src/tusb.c.o
                0x1001bc2c                tu_edpt_claim
 .text.tu_edpt_release
                0x1001bc7c       0x38 CMakeFiles/mellivora_picocalc.dir/pico-sdk/lib/tinyusb/src/tusb.c.o
                0x1001bc7c                tu_edpt_release
 .text.tu_edpt_validate
                0x1001bcb4       0x7c CMakeFiles/mellivora_picocalc.dir/pico-sdk/lib/tinyusb/src/tusb.c.o
                0x1001bcb4                tu_edpt_validate
 .text.tu_edpt_bind_driver
                0x1001bd30       0x34 CMakeFiles/mellivora_picocalc.dir/pico-sdk/lib/tinyusb/src/tusb.c.o
                0x1001bd30                tu_edpt_bind_driver
 .text.tu_edpt_stream_init
                0x1001bd64       0x6c CMakeFiles/mellivora_picocalc.dir/pico-sdk/lib/tinyusb/src/tusb.c.o
                0x1001bd64                tu_edpt_stream_init
 .text.tu_edpt_stream_deinit
                0x1001bdd0        0x4 CMakeFiles/mellivora_picocalc.dir/pico-sdk/lib/tinyusb/src/tusb.c.o
                0x1001bdd0                tu_edpt_stream_deinit
 .text.tu_edpt_stream_write_zlp_if_needed
                0x1001bdd4       0x68 CMakeFiles/mellivora_picocalc.dir/pico-sdk/lib/tinyusb/src/tusb.c.o
                0x1001bdd4                tu_edpt_stream_write_zlp_if_needed
 .text.tu_edpt_stream_write_xfer
                0x1001be3c       0x64 CMakeFiles/mellivora_picocalc.dir/pico-sdk/lib/tinyusb/src/tusb.c.o
                0x1001be3c                tu_edpt_stream_write_xfer
 .text.tu_edpt_stream_read_xfer
                0x1001bea0       0xdc CMakeFiles/mellivora_picocalc.dir/pico-sdk/lib/tinyusb/src/tusb.c.o
                0x1001bea0                tu_edpt_stream_read_xfer
 .text.tu_fifo_config
                0x1001bf7c       0x6c CMakeFiles/mellivora_picocalc.dir/pico-sdk/lib/tinyusb/src/common/tusb_fifo.c.o
                0x1001bf7c                tu_fifo_config
 .text.tu_fifo_count
                0x1001bfe8       0x2c CMakeFiles/mellivora_picocalc.dir/pico-sdk/lib/tinyusb/src/common/tusb_fifo.c.o
                0x1001bfe8                tu_fifo_count
 .text.tu_fifo_empty
                0x1001c014       0x10 CMakeFiles/mellivora_picocalc.dir/pico-sdk/lib/tinyusb/src/common/tusb_fifo.c.o
                0x1001c014                tu_fifo_empty
 .text.tu_fifo_remaining
                0x1001c024       0x2c CMakeFiles/mellivora_picocalc.dir/pico-sdk/lib/tinyusb/src/common/tusb_fifo.c.o
                0x1001c024                tu_fifo_remaining
 .text.tu_fifo_read
                0x1001c050       0x9c CMakeFiles/mellivora_picocalc.dir/pico-sdk/lib/tinyusb/src/common/tusb_fifo.c.o
                0x1001c050                tu_fifo_read
 .text.tu_fifo_read_n
                0x1001c0ec       0xe8 CMakeFiles/mellivora_picocalc.dir/pico-sdk/lib/tinyusb/src/common/tusb_fifo.c.o
                0x1001c0ec                tu_fifo_read_n
 .text.tu_fifo_write
                0x1001c1d4       0x88 CMakeFiles/mellivora_picocalc.dir/pico-sdk/lib/tinyusb/src/common/tusb_fifo.c.o
                0x1001c1d4                tu_fifo_write
 .text.tu_fifo_write_n
                0x1001c25c      0x170 CMakeFiles/mellivora_picocalc.dir/pico-sdk/lib/tinyusb/src/common/tusb_fifo.c.o
                0x1001c25c                tu_fifo_write_n
 .text.tu_fifo_clear
                0x1001c3cc       0x40 CMakeFiles/mellivora_picocalc.dir/pico-sdk/lib/tinyusb/src/common/tusb_fifo.c.o
                0x1001c3cc                tu_fifo_clear
 .text.tu_fifo_set_overwritable
                0x1001c40c       0x48 CMakeFiles/mellivora_picocalc.dir/pico-sdk/lib/tinyusb/src/common/tusb_fifo.c.o
                0x1001c40c                tu_fifo_set_overwritable
 .text.spi_init
                0x1001c454      0x140 CMakeFiles/mellivora_picocalc.dir/pico-sdk/src/rp2_common/hardware_spi/spi.c.o
                0x1001c454                spi_init
 .text.i2c_write_blocking_internal
                0x1001c594      0x18c CMakeFiles/mellivora_picocalc.dir/pico-sdk/src/rp2_common/hardware_i2c/i2c.c.o
 .text.i2c_read_blocking_internal
                0x1001c720      0x114 CMakeFiles/mellivora_picocalc.dir/pico-sdk/src/rp2_common/hardware_i2c/i2c.c.o
 .text.i2c_set_baudrate
                0x1001c834       0xc0 CMakeFiles/mellivora_picocalc.dir/pico-sdk/src/rp2_common/hardware_i2c/i2c.c.o
                0x1001c834                i2c_set_baudrate
 .text.i2c_init
                0x1001c8f4       0x54 CMakeFiles/mellivora_picocalc.dir/pico-sdk/src/rp2_common/hardware_i2c/i2c.c.o
                0x1001c8f4                i2c_init
 .text.i2c_write_blocking_until
                0x1001c948       0x48 CMakeFiles/mellivora_picocalc.dir/pico-sdk/src/rp2_common/hardware_i2c/i2c.c.o
                0x1001c948                i2c_write_blocking_until
 .text.i2c_read_blocking_until
                0x1001c990       0x48 CMakeFiles/mellivora_picocalc.dir/pico-sdk/src/rp2_common/hardware_i2c/i2c.c.o
                0x1001c990                i2c_read_blocking_until
 .text          0x1001c9d8       0x18 /usr/lib/gcc/arm-none-eabi/12.2.1/../../../arm-none-eabi/lib/thumb/v6-m/nofp/libg.a(lib_a-atoi.o)
                0x1001c9d8                atoi
                0x1001c9e4                _atoi_r
 .text          0x1001c9f0       0xb0 /usr/lib/gcc/arm-none-eabi/12.2.1/../../../arm-none-eabi/lib/thumb/v6-m/nofp/libg.a(lib_a-memmove.o)
                0x1001c9f0                memmove
 .text          0x1001caa0       0xc0 /usr/lib/gcc/arm-none-eabi/12.2.1/../../../arm-none-eabi/lib/thumb/v6-m/nofp/libg.a(lib_a-strchr.o)
                0x1001caa0                strchr
 .text          0x1001cb60       0x88 /usr/lib/gcc/arm-none-eabi/12.2.1/../../../arm-none-eabi/lib/thumb/v6-m/nofp/libg.a(lib_a-strcmp.o)
                0x1001cb60                strcmp
 .text          0x1001cbe8       0x5c /usr/lib/gcc/arm-none-eabi/12.2.1/../../../arm-none-eabi/lib/thumb/v6-m/nofp/libg.a(lib_a-strlen-stub.o)
                0x1001cbe8                strlen
 .text          0x1001cc44       0x68 /usr/lib/gcc/arm-none-eabi/12.2.1/../../../arm-none-eabi/lib/thumb/v6-m/nofp/libg.a(lib_a-strncmp.o)
                0x1001cc44                strncmp
 .text          0x1001ccac       0x60 /usr/lib/gcc/arm-none-eabi/12.2.1/../../../arm-none-eabi/lib/thumb/v6-m/nofp/libg.a(lib_a-strncpy.o)
                0x1001ccac                strncpy
 .text          0x1001cd0c       0x28 /usr/lib/gcc/arm-none-eabi/12.2.1/../../../arm-none-eabi/lib/thumb/v6-m/nofp/libg.a(lib_a-strrchr.o)
                0x1001cd0c                strrchr
 .text          0x1001cd34       0x74 /usr/lib/gcc/arm-none-eabi/12.2.1/../../../arm-none-eabi/lib/thumb/v6-m/nofp/libg.a(lib_a-strtok_r.o)
                0x1001cd34                __strtok_r
                0x1001cd9c                strtok_r
 .text          0x1001cda8      0x190 /usr/lib/gcc/arm-none-eabi/12.2.1/../../../arm-none-eabi/lib/thumb/v6-m/nofp/libg.a(lib_a-strtol.o)
                0x1001cf00                _strtol_r
                0x1001cf08                strtol_l
                0x1001cf20                strtol
 .text          0x1001cf38      0x17c /usr/lib/gcc/arm-none-eabi/12.2.1/../../../arm-none-eabi/lib/thumb/v6-m/nofp/libg.a(lib_a-strtoul.o)
                0x1001d07c                _strtoul_r
                0x1001d084                strtoul_l
                0x1001d09c                strtoul
 .text          0x1001d0b4        0xc /usr/lib/gcc/arm-none-eabi/12.2.1/../../../arm-none-eabi/lib/thumb/v6-m/nofp/libg.a(lib_a-errno.o)
                0x1001d0b4                __errno
 *(.fini)
 .fini          0x1001d0c0        0x4 /usr/lib/gcc/arm-none-eabi/12.2.1/thumb/v6-m/nofp/crti.o
                0x1001d0c0                _fini
 *fill*         0x1001d0c4        0x4 
 .fini.__stub   0x1001d0c8       0xd0 linker stubs
 *crtbegin.o(.ctors)
 *crtbegin?.o(.ctors)
 *(EXCLUDE_FILE(*crtend.o *crtend?.o) .ctors)
 *(SORT_BY_NAME(.ctors.*))
 *(.ctors)
 *crtbegin.o(.dtors)
 *crtbegin?.o(.dtors)
 *(EXCLUDE_FILE(*crtend.o *crtend?.o) .dtors)
 *(SORT_BY_NAME(.dtors.*))
 *(.dtors)
                0x1001d198                        . = ALIGN (0x4)
                0x1001d198                        PROVIDE (__preinit_array_start = .)
 *(SORT_BY_NAME(.preinit_array.*))
 .preinit_array.00100
                0x1001d198        0x4 CMakeFiles/mellivora_picocalc.dir/pico-sdk/src/rp2_common/pico_runtime_init/runtime_init.c.o
                0x1001d198                __pre_init_runtime_init_early_resets
 .preinit_array.00101
                0x1001d19c        0x4 CMakeFiles/mellivora_picocalc.dir/pico-sdk/src/rp2_common/pico_runtime_init/runtime_init.c.o
                0x1001d19c                __pre_init_runtime_init_usb_power_down
 .preinit_array.00275
                0x1001d1a0        0x4 CMakeFiles/mellivora_picocalc.dir/pico-sdk/src/rp2_common/pico_bit_ops/bit_ops_aeabi.S.o
 .preinit_array.00300
                0x1001d1a4        0x4 CMakeFiles/mellivora_picocalc.dir/pico-sdk/src/rp2_common/pico_mem_ops/mem_ops_aeabi.S.o
 .preinit_array.00350
                0x1001d1a8        0x4 CMakeFiles/mellivora_picocalc.dir/pico-sdk/src/rp2_common/pico_double/double_aeabi_rp2040.S.o
 .preinit_array.00350
                0x1001d1ac        0x4 CMakeFiles/mellivora_picocalc.dir/pico-sdk/src/rp2_common/pico_float/float_aeabi_rp2040.S.o
 .preinit_array.00500
                0x1001d1b0        0x4 CMakeFiles/mellivora_picocalc.dir/pico-sdk/src/rp2_common/pico_runtime_init/runtime_init.c.o
                0x1001d1b0                __pre_init_runtime_init_clocks
 .preinit_array.00600
                0x1001d1b4        0x4 CMakeFiles/mellivora_picocalc.dir/pico-sdk/src/rp2_common/pico_runtime_init/runtime_init.c.o
                0x1001d1b4                __pre_init_runtime_init_post_clock_resets
 .preinit_array.00700
                0x1001d1b8        0x4 CMakeFiles/mellivora_picocalc.dir/pico-sdk/src/rp2_common/pico_runtime_init/runtime_init.c.o
                0x1001d1b8                __pre_init_runtime_init_rp2040_gpio_ie_disable
 .preinit_array.01000
                0x1001d1bc        0x4 CMakeFiles/mellivora_picocalc.dir/pico-sdk/src/rp2_common/pico_runtime_init/runtime_init.c.o
                0x1001d1bc                __pre_init_runtime_init_spin_locks_reset
 .preinit_array.01100
                0x1001d1c0        0x4 CMakeFiles/mellivora_picocalc.dir/pico-sdk/src/common/pico_sync/mutex.c.o
                0x1001d1c0                __pre_init_runtime_init_mutex
 .preinit_array.10080
                0x1001d1c4        0x4 CMakeFiles/mellivora_picocalc.dir/pico-sdk/src/rp2_common/pico_runtime_init/runtime_init.c.o
                0x1001d1c4                __pre_init_runtime_init_install_ram_vector_table
 .preinit_array.11000
                0x1001d1c8        0x4 CMakeFiles/mellivora_picocalc.dir/pico-sdk/src/common/pico_time/time.c.o
                0x1001d1c8                __pre_init_runtime_init_default_alarm_pool
 .preinit_array.YYYYY
                0x1001d1cc        0x4 CMakeFiles/mellivora_picocalc.dir/pico-sdk/src/rp2_common/pico_runtime/runtime.c.o
                0x1001d1cc                __pre_init_first_per_core_initializer
 .preinit_array.ZZZZZ.01200
                0x1001d1d0        0x4 CMakeFiles/mellivora_picocalc.dir/pico-sdk/src/rp2_common/hardware_irq/irq.c.o
                0x1001d1d0                __pre_init_runtime_init_per_core_irq_priorities
 *(.preinit_array)
                0x1001d1d4                        PROVIDE (__preinit_array_end = .)
                0x1001d1d4                        . = ALIGN (0x4)
                0x1001d1d4                        PROVIDE (__init_array_start = .)
 *(SORT_BY_NAME(.init_array.*))
 .init_array.01000
                0x1001d1d4        0x4 CMakeFiles/mellivora_picocalc.dir/pico-sdk/src/rp2_common/pico_unique_id/unique_id.c.o
 *(.init_array)
 .init_array    0x1001d1d8        0x4 /usr/lib/gcc/arm-none-eabi/12.2.1/thumb/v6-m/nofp/crtbegin.o
                0x1001d1dc                        PROVIDE (__init_array_end = .)
                0x1001d1dc                        . = ALIGN (0x4)
                0x1001d1dc                        PROVIDE (__fini_array_start = .)
 *(SORT_BY_NAME(.fini_array.*))
 *(.fini_array)
                0x1001d1dc                        PROVIDE (__fini_array_end = .)
 *(.eh_frame*)
 .eh_frame      0x1001d1dc        0x0 /usr/lib/gcc/arm-none-eabi/12.2.1/thumb/v6-m/nofp/crtbegin.o
                0x1001d1dc                        . = ALIGN (0x4)

.glue_7         0x1001d1dc        0x0
 .glue_7        0x1001d1dc        0x0 linker stubs

.glue_7t        0x1001d1dc        0x0
 .glue_7t       0x1001d1dc        0x0 linker stubs

.vfp11_veneer   0x1001d1dc        0x0
 .vfp11_veneer  0x1001d1dc        0x0 linker stubs

.v4_bx          0x1001d1dc        0x0
 .v4_bx         0x1001d1dc        0x0 linker stubs

.iplt           0x1001d1dc        0x0
 .iplt          0x1001d1dc        0x0 /usr/lib/gcc/arm-none-eabi/12.2.1/thumb/v6-m/nofp/crtbegin.o

.rodata         0x1001d1e0     0x61ac
 *(EXCLUDE_FILE(*libm.a: *libc.a:*lib_a-mem*.o *libgcc.a:) .rodata*)
 .rodata.resolve_abs.str1.4
                0x1001d1e0       0x13 CMakeFiles/mellivora_picocalc.dir/src/main.c.o
                                 0x17 (size before relaxing)
 *fill*         0x1001d1f3        0x1 
 .rodata._ls_entry.str1.4
                0x1001d1f4       0x1c CMakeFiles/mellivora_picocalc.dir/src/main.c.o
 .rodata.cmd_ls.str1.4
                0x1001d210       0x2c CMakeFiles/mellivora_picocalc.dir/src/main.c.o
 .rodata.cmd_sdread.str1.4
                0x1001d23c       0x62 CMakeFiles/mellivora_picocalc.dir/src/main.c.o
 *fill*         0x1001d29e        0x2 
 .rodata.cmd_cat.str1.4
                0x1001d2a0       0x31 CMakeFiles/mellivora_picocalc.dir/src/main.c.o
 *fill*         0x1001d2d1        0x3 
 .rodata.alias_save.str1.4
                0x1001d2d4       0x15 CMakeFiles/mellivora_picocalc.dir/src/main.c.o
 *fill*         0x1001d2e9        0x3 
 .rodata.cmd_write.str1.4
                0x1001d2ec       0x2b CMakeFiles/mellivora_picocalc.dir/src/main.c.o
 *fill*         0x1001d317        0x1 
 .rodata.alias_set_entry.isra.0.str1.4
                0x1001d318       0x63 CMakeFiles/mellivora_picocalc.dir/src/main.c.o
 .rodata.alias_load.str1.4
                0x1001d37b       0x63 CMakeFiles/mellivora_picocalc.dir/src/main.c.o
                                  0x2 (size before relaxing)
 *fill*         0x1001d37b        0x1 
 .rodata.cmd_help.str1.4
                0x1001d37c      0xf4d CMakeFiles/mellivora_picocalc.dir/src/main.c.o
 *fill*         0x1001e2c9        0x3 
 .rodata.dispatch.str1.4
                0x1001e2cc      0x6d4 CMakeFiles/mellivora_picocalc.dir/src/main.c.o
                                0x6ec (size before relaxing)
 .rodata.main.str1.4
                0x1001e9a0       0x66 CMakeFiles/mellivora_picocalc.dir/src/main.c.o
 *fill*         0x1001ea06        0x2 
 .rodata._font8x16
                0x1001ea08      0x5f0 CMakeFiles/mellivora_picocalc.dir/src/lcd.c.o
 .rodata.sd_result_str.str1.4
                0x1001eff8        0x8 CMakeFiles/mellivora_picocalc.dir/src/sd.c.o
 .rodata.str1.4
                0x1001f000       0x14 CMakeFiles/mellivora_picocalc.dir/src/sd.c.o
                                 0x1c (size before relaxing)
 .rodata.CSWTCH.45
                0x1001f014       0x10 CMakeFiles/mellivora_picocalc.dir/src/sd.c.o
 .rodata.fat_result_str.str1.4
                0x1001f024        0x8 CMakeFiles/mellivora_picocalc.dir/src/fat.c.o
 .rodata.str1.4
                0x1001f024       0x82 CMakeFiles/mellivora_picocalc.dir/src/fat.c.o
                                 0xa3 (size before relaxing)
 *fill*         0x1001f0a6        0x2 
 .rodata.CSWTCH.139
                0x1001f0a8       0x2c CMakeFiles/mellivora_picocalc.dir/src/fat.c.o
 .rodata.clear.0
                0x1001f0d4       0x33 CMakeFiles/mellivora_picocalc.dir/src/syscall.c.o
 *fill*         0x1001f107        0x1 
 .rodata.prompt.1
                0x1001f108       0x2e CMakeFiles/mellivora_picocalc.dir/src/syscall.c.o
 .rodata.copy_cstr.part.0.str1.4
                0x1001f136        0x1 CMakeFiles/mellivora_picocalc.dir/src/apps.c.o
 *fill*         0x1001f136        0x2 
 .rodata.sample_body.constprop.0.str1.4
                0x1001f138      0x19d CMakeFiles/mellivora_picocalc.dir/src/apps.c.o
                                0x1ad (size before relaxing)
 .rodata.browser_parent_dir.constprop.0.str1.4
                0x1001f2d5        0x2 CMakeFiles/mellivora_picocalc.dir/src/apps.c.o
 *fill*         0x1001f2d5        0x3 
 .rodata.app_format_size.constprop.0.str1.4
                0x1001f2d8       0x37 CMakeFiles/mellivora_picocalc.dir/src/apps.c.o
 *fill*         0x1001f30f        0x1 
 .rodata.planner_today_string.constprop.0.str1.4
                0x1001f310       0x1b CMakeFiles/mellivora_picocalc.dir/src/apps.c.o
 *fill*         0x1001f32b        0x1 
 .rodata.app_hexedit_dump.part.0.constprop.0.str1.4
                0x1001f32c        0xc CMakeFiles/mellivora_picocalc.dir/src/apps.c.o
                                 0x17 (size before relaxing)
 .rodata.app_id.str1.4
                0x1001f338       0x33 CMakeFiles/mellivora_picocalc.dir/src/apps.c.o
 *fill*         0x1001f36b        0x1 
 .rodata.app_hello.str1.4
                0x1001f36c       0x60 CMakeFiles/mellivora_picocalc.dir/src/apps.c.o
 .rodata.app_terminal.str1.4
                0x1001f3cc       0x5b CMakeFiles/mellivora_picocalc.dir/src/apps.c.o
                                 0x63 (size before relaxing)
 *fill*         0x1001f427        0x1 
 .rodata.app_sleep_ms.str1.4
                0x1001f428       0x10 CMakeFiles/mellivora_picocalc.dir/src/apps.c.o
 .rodata.basic_assign.str1.4
                0x1001f438       0x16 CMakeFiles/mellivora_picocalc.dir/src/apps.c.o
 *fill*         0x1001f44e        0x2 
 .rodata.basic_exec_stmt.str1.4
                0x1001f450      0x1d9 CMakeFiles/mellivora_picocalc.dir/src/apps.c.o
                                0x1e1 (size before relaxing)
 *fill*         0x1001f629        0x3 
 .rodata.app_seq.str1.4
                0x1001f62c       0x15 CMakeFiles/mellivora_picocalc.dir/src/apps.c.o
 *fill*         0x1001f641        0x3 
 .rodata.settings_show.str1.4
                0x1001f644       0xa4 CMakeFiles/mellivora_picocalc.dir/src/apps.c.o
 .rodata.app_guess.str1.4
                0x1001f6e8       0x94 CMakeFiles/mellivora_picocalc.dir/src/apps.c.o
 .rodata.journal_show.constprop.0.str1.4
                0x1001f77c       0x31 CMakeFiles/mellivora_picocalc.dir/src/apps.c.o
 *fill*         0x1001f7ad        0x3 
 .rodata.planner_show.str1.4
                0x1001f7b0       0x2f CMakeFiles/mellivora_picocalc.dir/src/apps.c.o
 *fill*         0x1001f7df        0x1 
 .rodata.app_clock.str1.4
                0x1001f7e0      0x125 CMakeFiles/mellivora_picocalc.dir/src/apps.c.o
 *fill*         0x1001f905        0x3 
 .rodata.app_tree_cb.str1.4
                0x1001f908       0x17 CMakeFiles/mellivora_picocalc.dir/src/apps.c.o
 *fill*         0x1001f91f        0x1 
 .rodata.app_du_list_cb.part.0.str1.4
                0x1001f920        0xb CMakeFiles/mellivora_picocalc.dir/src/apps.c.o
 *fill*         0x1001f92b        0x1 
 .rodata.tinyc_show_vars.str1.4
                0x1001f92c       0x1f CMakeFiles/mellivora_picocalc.dir/src/apps.c.o
                                 0x23 (size before relaxing)
 *fill*         0x1001f94b        0x1 
 .rodata.app_basename.str1.4
                0x1001f94c       0x15 CMakeFiles/mellivora_picocalc.dir/src/apps.c.o
 *fill*         0x1001f961        0x3 
 .rodata.bookmarks_save.str1.4
                0x1001f964       0x53 CMakeFiles/mellivora_picocalc.dir/src/apps.c.o
 *fill*         0x1001f9b7        0x1 
 .rodata.planner_save.str1.4
                0x1001f9b8       0x45 CMakeFiles/mellivora_picocalc.dir/src/apps.c.o
 *fill*         0x1001f9fd        0x3 
 .rodata.todo_save.str1.4
                0x1001fa00       0x4a CMakeFiles/mellivora_picocalc.dir/src/apps.c.o
 *fill*         0x1001fa4a        0x2 
 .rodata.journal_save.str1.4
                0x1001fa4c       0x45 CMakeFiles/mellivora_picocalc.dir/src/apps.c.o
 *fill*         0x1001fa91        0x3 
 .rodata.habits_save.str1.4
                0x1001fa94       0x54 CMakeFiles/mellivora_picocalc.dir/src/apps.c.o
 .rodata.editor_insert_line.constprop.0.isra.0.str1.4
                0x1001fae8       0x12 CMakeFiles/mellivora_picocalc.dir/src/apps.c.o
 *fill*         0x1001fafa        0x2 
 .rodata.app_dirname.str1.4
                0x1001fafc       0x14 CMakeFiles/mellivora_picocalc.dir/src/apps.c.o
                                 0x16 (size before relaxing)
 .rodata.tinyc_print_arg.str1.4
                0x1001fb10       0x16 CMakeFiles/mellivora_picocalc.dir/src/apps.c.o
 *fill*         0x1001fb26        0x2 
 .rodata.tinyc_exec_stmt.str1.4
                0x1001fb28      0x185 CMakeFiles/mellivora_picocalc.dir/src/apps.c.o
                                0x19d (size before relaxing)
 *fill*         0x1001fcad        0x3 
 .rodata.app_tinyc.str1.4
                0x1001fcb0       0x8c CMakeFiles/mellivora_picocalc.dir/src/apps.c.o
                                 0x94 (size before relaxing)
 .rodata.sprite_render.constprop.0.str1.4
                0x1001fd3c       0x4a CMakeFiles/mellivora_picocalc.dir/src/apps.c.o
 *fill*         0x1001fd86        0x2 
 .rodata.app_hexdump_core.str1.4
                0x1001fd88       0x17 CMakeFiles/mellivora_picocalc.dir/src/apps.c.o
 *fill*         0x1001fd9f        0x1 
 .rodata.app_od.str1.4
                0x1001fda0        0x3 CMakeFiles/mellivora_picocalc.dir/src/apps.c.o
 *fill*         0x1001fda3        0x1 
 .rodata.app_hexdump.str1.4
                0x1001fda4        0x8 CMakeFiles/mellivora_picocalc.dir/src/apps.c.o
 .rodata.app_script.str1.4
                0x1001fdac       0x3c CMakeFiles/mellivora_picocalc.dir/src/apps.c.o
 .rodata.app_coin.str1.4
                0x1001fde8       0x39 CMakeFiles/mellivora_picocalc.dir/src/apps.c.o
 *fill*         0x1001fe21        0x3 
 .rodata.app_tail.str1.4
                0x1001fe24       0x21 CMakeFiles/mellivora_picocalc.dir/src/apps.c.o
 *fill*         0x1001fe45        0x3 
 .rodata.basic_store_line.str1.4
                0x1001fe48       0x1c CMakeFiles/mellivora_picocalc.dir/src/apps.c.o
 .rodata.app_df.str1.4
                0x1001fe64       0xa4 CMakeFiles/mellivora_picocalc.dir/src/apps.c.o
 .rodata.load_file_bytes.constprop.0.str1.4
                0x1001ff08       0x4e CMakeFiles/mellivora_picocalc.dir/src/apps.c.o
 *fill*         0x1001ff56        0x2 
 .rodata.settings_set_path.constprop.0.str1.4
                0x1001ff58        0xc CMakeFiles/mellivora_picocalc.dir/src/apps.c.o
 .rodata.settings_apply_pair.str1.4
                0x1001ff64       0x50 CMakeFiles/mellivora_picocalc.dir/src/apps.c.o
                                 0x64 (size before relaxing)
 .rodata.app_hexedit.str1.4
                0x1001ffb4      0x411 CMakeFiles/mellivora_picocalc.dir/src/apps.c.o
                                0x42d (size before relaxing)
 *fill*         0x100203c5        0x3 
 .rodata.app_mv.str1.4
                0x100203c8       0xba CMakeFiles/mellivora_picocalc.dir/src/apps.c.o
                                 0xbe (size before relaxing)
 *fill*         0x10020482        0x2 
 .rodata.app_sort.str1.4
                0x10020484       0x2b CMakeFiles/mellivora_picocalc.dir/src/apps.c.o
 *fill*         0x100204af        0x1 
 .rodata.app_pager.str1.4
                0x100204b0       0x8f CMakeFiles/mellivora_picocalc.dir/src/apps.c.o
 *fill*         0x1002053f        0x1 
 .rodata.app_sprite.str1.4
                0x10020540       0x63 CMakeFiles/mellivora_picocalc.dir/src/apps.c.o
 *fill*         0x100205a3        0x1 
 .rodata.app_sprite
                0x100205a4       0xd8 CMakeFiles/mellivora_picocalc.dir/src/apps.c.o
 .rodata.app_basic.str1.4
                0x1002067c       0xb0 CMakeFiles/mellivora_picocalc.dir/src/apps.c.o
 .rodata.app_samples.str1.4
                0x1002072c      0x1c3 CMakeFiles/mellivora_picocalc.dir/src/apps.c.o
                                0x1c7 (size before relaxing)
 *fill*         0x100208ef        0x1 
 .rodata.app_grep.str1.4
                0x100208f0       0x78 CMakeFiles/mellivora_picocalc.dir/src/apps.c.o
 .rodata.app_wc.str1.4
                0x10020968       0x23 CMakeFiles/mellivora_picocalc.dir/src/apps.c.o
 *fill*         0x1002098b        0x1 
 .rodata.app_dice.str1.4
                0x1002098c       0x32 CMakeFiles/mellivora_picocalc.dir/src/apps.c.o
 *fill*         0x100209be        0x2 
 .rodata.app_tree.str1.4
                0x100209c0       0x87 CMakeFiles/mellivora_picocalc.dir/src/apps.c.o
 *fill*         0x10020a47        0x1 
 .rodata.settings_save.constprop.0.isra.0.str1.4
                0x10020a48       0xb4 CMakeFiles/mellivora_picocalc.dir/src/apps.c.o
 .rodata.app_head.str1.4
                0x10020afc       0x33 CMakeFiles/mellivora_picocalc.dir/src/apps.c.o
 *fill*         0x10020b2f        0x1 
 .rodata.editor_save.constprop.0.isra.0.str1.4
                0x10020b30       0x54 CMakeFiles/mellivora_picocalc.dir/src/apps.c.o
 .rodata.app_sprite.constprop.0
                0x10020b84       0xd8 CMakeFiles/mellivora_picocalc.dir/src/apps.c.o
 .rodata.app_paint.str1.4
                0x10020c5c       0xac CMakeFiles/mellivora_picocalc.dir/src/apps.c.o
 .rodata.app_paint
                0x10020d08       0xc4 CMakeFiles/mellivora_picocalc.dir/src/apps.c.o
 .rodata.app_stat.str1.4