Archive member included to satisfy reference by file (symbol)

/usr/lib/gcc/arm-none-eabi/12.2.1/thumb/v6-m/nofp/libgcc.a(_dvmd_tls.o)
                              CMakeFiles/mellivora_picocalc.dir/pico-sdk/src/rp2_common/pico_divider/divider_hardware.S.o (__aeabi_idiv0)
/usr/lib/gcc/arm-none-eabi/12.2.1/../../../arm-none-eabi/lib/thumb/v6-m/nofp/libg.a(lib_a-atexit.o)
                              /usr/lib/gcc/arm-none-eabi/12.2.1/../../../arm-none-eabi/lib/thumb/v6-m/nofp/crt0.o (atexit)
/usr/lib/gcc/arm-none-eabi/12.2.1/../../../arm-none-eabi/lib/thumb/v6-m/nofp/libg.a(lib_a-atoi.o)
                              CMakeFiles/mellivora_picocalc.dir/src/main.c.o (atoi)
/usr/lib/gcc/arm-none-eabi/12.2.1/../../../arm-none-eabi/lib/thumb/v6-m/nofp/libg.a(lib_a-calloc.o)
                              CMakeFiles/mellivora_picocalc.dir/pico-sdk/src/rp2_common/pico_malloc/malloc.c.o (calloc)
/usr/lib/gcc/arm-none-eabi/12.2.1/../../../arm-none-eabi/lib/thumb/v6-m/nofp/libg.a(lib_a-callocr.o)
                              /usr/lib/gcc/arm-none-eabi/12.2.1/../../../arm-none-eabi/lib/thumb/v6-m/nofp/libg.a(lib_a-calloc.o) (_calloc_r)
/usr/lib/gcc/arm-none-eabi/12.2.1/../../../arm-none-eabi/lib/thumb/v6-m/nofp/libg.a(lib_a-ctype_.o)
                              CMakeFiles/mellivora_picocalc.dir/src/main.c.o (_ctype_)
/usr/lib/gcc/arm-none-eabi/12.2.1/../../../arm-none-eabi/lib/thumb/v6-m/nofp/libg.a(lib_a-fini.o)
                              /usr/lib/gcc/arm-none-eabi/12.2.1/../../../arm-none-eabi/lib/thumb/v6-m/nofp/crt0.o (__libc_fini_array)
/usr/lib/gcc/arm-none-eabi/12.2.1/../../../arm-none-eabi/lib/thumb/v6-m/nofp/libg.a(lib_a-impure.o)
                              /usr/lib/gcc/arm-none-eabi/12.2.1/../../../arm-none-eabi/lib/thumb/v6-m/nofp/libg.a(lib_a-calloc.o) (_impure_ptr)
/usr/lib/gcc/arm-none-eabi/12.2.1/../../../arm-none-eabi/lib/thumb/v6-m/nofp/libg.a(lib_a-init.o)
                              /usr/lib/gcc/arm-none-eabi/12.2.1/../../../arm-none-eabi/lib/thumb/v6-m/nofp/crt0.o (__libc_init_array)
/usr/lib/gcc/arm-none-eabi/12.2.1/../../../arm-none-eabi/lib/thumb/v6-m/nofp/libg.a(lib_a-lcltime_r.o)
                              CMakeFiles/mellivora_picocalc.dir/pico-sdk/src/common/pico_util/datetime.c.o (localtime_r)
/usr/lib/gcc/arm-none-eabi/12.2.1/../../../arm-none-eabi/lib/thumb/v6-m/nofp/libg.a(lib_a-malloc.o)
                              CMakeFiles/mellivora_picocalc.dir/pico-sdk/src/rp2_common/pico_malloc/malloc.c.o (malloc)
/usr/lib/gcc/arm-none-eabi/12.2.1/../../../arm-none-eabi/lib/thumb/v6-m/nofp/libg.a(lib_a-mallocr.o)
                              /usr/lib/gcc/arm-none-eabi/12.2.1/../../../arm-none-eabi/lib/thumb/v6-m/nofp/libg.a(lib_a-callocr.o) (_malloc_r)
/usr/lib/gcc/arm-none-eabi/12.2.1/../../../arm-none-eabi/lib/thumb/v6-m/nofp/libg.a(lib_a-memcmp.o)
                              CMakeFiles/mellivora_picocalc.dir/src/apps.c.o (memcmp)
/usr/lib/gcc/arm-none-eabi/12.2.1/../../../arm-none-eabi/lib/thumb/v6-m/nofp/libg.a(lib_a-memmove.o)
                              CMakeFiles/mellivora_picocalc.dir/src/main.c.o (memmove)
/usr/lib/gcc/arm-none-eabi/12.2.1/../../../arm-none-eabi/lib/thumb/v6-m/nofp/libg.a(lib_a-mktime.o)
                              CMakeFiles/mellivora_picocalc.dir/pico-sdk/src/common/pico_util/datetime.c.o (mktime)
/usr/lib/gcc/arm-none-eabi/12.2.1/../../../arm-none-eabi/lib/thumb/v6-m/nofp/libg.a(lib_a-mlock.o)
                              /usr/lib/gcc/arm-none-eabi/12.2.1/../../../arm-none-eabi/lib/thumb/v6-m/nofp/libg.a(lib_a-mallocr.o) (__malloc_lock)
/usr/lib/gcc/arm-none-eabi/12.2.1/../../../arm-none-eabi/lib/thumb/v6-m/nofp/libg.a(lib_a-month_lengths.o)
                              /usr/lib/gcc/arm-none-eabi/12.2.1/../../../arm-none-eabi/lib/thumb/v6-m/nofp/libg.a(lib_a-lcltime_r.o) (__month_lengths)
/usr/lib/gcc/arm-none-eabi/12.2.1/../../../arm-none-eabi/lib/thumb/v6-m/nofp/libg.a(lib_a-realloc.o)
                              CMakeFiles/mellivora_picocalc.dir/pico-sdk/src/rp2_common/pico_malloc/malloc.c.o (realloc)
/usr/lib/gcc/arm-none-eabi/12.2.1/../../../arm-none-eabi/lib/thumb/v6-m/nofp/libg.a(lib_a-reallocr.o)
                              /usr/lib/gcc/arm-none-eabi/12.2.1/../../../arm-none-eabi/lib/thumb/v6-m/nofp/libg.a(lib_a-realloc.o) (_realloc_r)
/usr/lib/gcc/arm-none-eabi/12.2.1/../../../arm-none-eabi/lib/thumb/v6-m/nofp/libg.a(lib_a-sbrkr.o)
                              /usr/lib/gcc/arm-none-eabi/12.2.1/../../../arm-none-eabi/lib/thumb/v6-m/nofp/libg.a(lib_a-mallocr.o) (_sbrk_r)
/usr/lib/gcc/arm-none-eabi/12.2.1/../../../arm-none-eabi/lib/thumb/v6-m/nofp/libg.a(lib_a-sscanf.o)
                              CMakeFiles/mellivora_picocalc.dir/src/apps.c.o (sscanf)
/usr/lib/gcc/arm-none-eabi/12.2.1/../../../arm-none-eabi/lib/thumb/v6-m/nofp/libg.a(lib_a-stdio.o)
                              /usr/lib/gcc/arm-none-eabi/12.2.1/../../../arm-none-eabi/lib/thumb/v6-m/nofp/libg.a(lib_a-sscanf.o) (__seofread)
[...]
Memory Configuration

Name             Origin             Length             Attributes
FLASH            0x10000000         0x00200000         xr
RAM              0x20000000         0x00040000         xrw
SCRATCH_X        0x20040000         0x00001000         xrw
SCRATCH_Y        0x20041000         0x00001000         xrw
*default*        0x00000000         0xffffffff

Linker script and memory map

LOAD /usr/lib/gcc/arm-none-eabi/12.2.1/thumb/v6-m/nofp/crti.o
LOAD /usr/lib/gcc/arm-none-eabi/12.2.1/thumb/v6-m/nofp/crtbegin.o
LOAD /usr/lib/gcc/arm-none-eabi/12.2.1/../../../arm-none-eabi/lib/thumb/v6-m/nofp/crt0.o

.flash_begin    0x10000000        0x0
                0x10000000                        __flash_binary_start = .

.boot2          0x10000000      0x100
                0x10000000                        __boot2_start__ = .
 *(.boot2)
 .boot2         0x10000000      0x100 pico-sdk/src/rp2040/boot_stage2/CMakeFiles/bs2_default_library.dir/bs2_default_padded_checksummed.S.o
                0x10000100                        __boot2_end__ = .
                0x00000001                        ASSERT (((__boot2_end__ - __boot2_start__) == 0x100), ERROR: Pico second stage bootloader must be 256 bytes in size)

.text           0x10000100    0x2ed1c
                0x10000100                        __logical_binary_start = .
 *(.vectors)
 .vectors       0x10000100       0xd4 CMakeFiles/mellivora_picocalc.dir/pico-sdk/src/rp2_common/pico_crt0/crt0.S.o
                0x10000100                __vectors
                0x10000100                __VECTOR_TABLE
                0x100001c0                isr_irq30
                0x100001c0                __unhandled_user_irq
                0x100001c0                isr_irq13
                0x100001c0                isr_irq27
                0x100001c0                isr_irq31
                0x100001c0                isr_irq5
                0x100001c0                isr_irq11
                0x100001c0                isr_irq23
                0x100001c0                isr_irq18
                0x100001c0                isr_irq28
                0x100001c0                isr_irq19
                0x100001c0                isr_irq0
                0x100001c0                isr_irq6
                0x100001c0                isr_irq22
                0x100001c0                isr_irq17
                0x100001c0                isr_irq14
                0x100001c0                __vectors_end
                0x100001c0                __default_isrs_start
                0x100001c0                isr_irq2
                0x100001c0                isr_irq10
                0x100001c0                isr_irq8
                0x100001c0                isr_irq24
                0x100001c0                isr_irq1
                0x100001c0                isr_irq7
                0x100001c0                isr_irq21
                0x100001c0                isr_irq20
                0x100001c0                isr_irq15
                0x100001c0                isr_irq25
                0x100001c0                isr_irq4
                0x100001c0                isr_irq16
                0x100001c0                isr_irq29
                0x100001c0                isr_irq26
                0x100001c0                isr_irq3
                0x100001c0                isr_irq12
                0x100001c0                isr_irq9
                0x100001c6                unhandled_user_irq_num_in_r0
                0x100001c8                isr_invalid
                0x100001ca                isr_nmi
                0x100001cc                isr_hardfault
                0x100001ce                isr_svcall
                0x100001d0                isr_pendsv
                0x100001d2                isr_systick
                0x100001d4                __default_isrs_end
 *(.binary_info_header)
 .binary_info_header
                0x100001d4       0x14 CMakeFiles/mellivora_picocalc.dir/pico-sdk/src/rp2_common/pico_crt0/crt0.S.o
                0x100001e8                        __binary_info_header_end = .
 *(.embedded_block)
                0x100001e8                        __embedded_block_end = .
 *(.reset)
 .reset         0x100001e8       0x9c CMakeFiles/mellivora_picocalc.dir/pico-sdk/src/rp2_common/pico_crt0/crt0.S.o
                0x100001e8                _entry_point
 *(.init)
 .init          0x10000284        0x4 /usr/lib/gcc/arm-none-eabi/12.2.1/thumb/v6-m/nofp/crti.o
                0x10000284                _init
 *(EXCLUDE_FILE(*libm.a: *libc.a:*lib_a-mem*.o *libgcc.a:) .text*)
 .text          0x10000288       0x98 /usr/lib/gcc/arm-none-eabi/12.2.1/thumb/v6-m/nofp/crtbegin.o
 .text.trim_right
                0x10000320       0x38 CMakeFiles/mellivora_picocalc.dir/src/main.c.o
 .text._tab_file_cb
                0x10000358       0x54 CMakeFiles/mellivora_picocalc.dir/src/main.c.o
 .text.resolve_abs
                0x100003ac      0x19c CMakeFiles/mellivora_picocalc.dir/src/main.c.o
 .text._draw_status_bar.part.0
                0x10000548      0x188 CMakeFiles/mellivora_picocalc.dir/src/main.c.o
 .text.out_char
                0x100006d0       0x54 CMakeFiles/mellivora_picocalc.dir/src/main.c.o
 .text.out_char.constprop.0
                0x10000724       0x58 CMakeFiles/mellivora_picocalc.dir/src/main.c.o
 .text.out_fmt  0x1000077c       0xe0 CMakeFiles/mellivora_picocalc.dir/src/main.c.o
 .text._ls_entry
                0x1000085c       0x48 CMakeFiles/mellivora_picocalc.dir/src/main.c.o
 .text.alias_save
                0x100008a4       0xa8 CMakeFiles/mellivora_picocalc.dir/src/main.c.o
 .text.cmd_ls   0x1000094c      0x128 CMakeFiles/mellivora_picocalc.dir/src/main.c.o
 .text.cmd_rename
                0x10000a74      0x34c CMakeFiles/mellivora_picocalc.dir/src/main.c.o
 .text.alias_set_entry.isra.0
                0x10000dc0      0x47c CMakeFiles/mellivora_picocalc.dir/src/main.c.o
 .text.cmd_help
                0x1000123c     0x3740 CMakeFiles/mellivora_picocalc.dir/src/main.c.o
 .text.dispatch_single
                0x1000497c     0x2ea8 CMakeFiles/mellivora_picocalc.dir/src/main.c.o
 .text.dispatch.part.0
                0x10007824      0x2e4 CMakeFiles/mellivora_picocalc.dir/src/main.c.o
 .text.dispatch
                0x10007b08      0x1a8 CMakeFiles/mellivora_picocalc.dir/src/main.c.o
 .text.startup.main
                0x10007cb0     0x2808 CMakeFiles/mellivora_picocalc.dir/src/main.c.o
                0x10007cb0                main
 .text._set_window
                0x1000a4b8       0xc8 CMakeFiles/mellivora_picocalc.dir/src/lcd.c.o
 .text._spi_write_cd.constprop.0
                0x1000a580       0x58 CMakeFiles/mellivora_picocalc.dir/src/lcd.c.o
 .text._scroll_up
                0x1000a5d8      0x370 CMakeFiles/mellivora_picocalc.dir/src/lcd.c.o
 .text.lcd_init
                0x1000a948      0x73c CMakeFiles/mellivora_picocalc.dir/src/lcd.c.o
                0x1000a948                lcd_init
 .text.lcd_fill
                0x1000b084      0x120 CMakeFiles/mellivora_picocalc.dir/src/lcd.c.o
                0x1000b084                lcd_fill
 .text.lcd_draw_pixel
                0x1000b1a4       0x54 CMakeFiles/mellivora_picocalc.dir/src/lcd.c.o
                0x1000b1a4                lcd_draw_pixel
 .text.lcd_draw_char
                0x1000b1f8      0x348 CMakeFiles/mellivora_picocalc.dir/src/lcd.c.o
                0x1000b1f8                lcd_draw_char
 .text.lcd_cls  0x1000b540       0x38 CMakeFiles/mellivora_picocalc.dir/src/lcd.c.o
                0x1000b540                lcd_cls
 .text.lcd_putc
                0x1000b578       0xc8 CMakeFiles/mellivora_picocalc.dir/src/lcd.c.o
                0x1000b578                lcd_putc
 .text.lcd_set_fg
                0x1000b640        0xc CMakeFiles/mellivora_picocalc.dir/src/lcd.c.o
                0x1000b640                lcd_set_fg
 .text.lcd_set_bg
                0x1000b64c        0xc CMakeFiles/mellivora_picocalc.dir/src/lcd.c.o
                0x1000b64c                lcd_set_bg
 .text.lcd_get_fg
                0x1000b658        0xc CMakeFiles/mellivora_picocalc.dir/src/lcd.c.o
                0x1000b658                lcd_get_fg
 .text.lcd_get_bg
                0x1000b664        0xc CMakeFiles/mellivora_picocalc.dir/src/lcd.c.o
                0x1000b664                lcd_get_bg
 .text.lcd_set_cursor
                0x1000b670       0x1c CMakeFiles/mellivora_picocalc.dir/src/lcd.c.o
                0x1000b670                lcd_set_cursor
 .text.lcd_get_col
                0x1000b68c        0xc CMakeFiles/mellivora_picocalc.dir/src/lcd.c.o
                0x1000b68c                lcd_get_col
 .text.lcd_get_row
                0x1000b698        0xc CMakeFiles/mellivora_picocalc.dir/src/lcd.c.o
                0x1000b698                lcd_get_row
 .text.lcd_draw_cell
                0x1000b6a4       0x3c CMakeFiles/mellivora_picocalc.dir/src/lcd.c.o
                0x1000b6a4                lcd_draw_cell
 .text._kbd_write_reg.part.0
                0x1000b6e0       0x84 CMakeFiles/mellivora_picocalc.dir/src/kbd.c.o
 .text.kbd_init
                0x1000b764       0x44 CMakeFiles/mellivora_picocalc.dir/src/kbd.c.o
                0x1000b764                kbd_init
 .text.kbd_getc
                0x1000b7a8      0x1ac CMakeFiles/mellivora_picocalc.dir/src/kbd.c.o
                0x1000b7a8                kbd_getc
 .text.kbd_get_repeat
                0x1000b954       0x5c CMakeFiles/mellivora_picocalc.dir/src/kbd.c.o
                0x1000b954                kbd_get_repeat
 .text.kbd_clear_repeat
                0x1000b9b0       0x10 CMakeFiles/mellivora_picocalc.dir/src/kbd.c.o
                0x1000b9b0                kbd_clear_repeat
 .text.kbd_set_backlight
                0x1000b9c0       0x48 CMakeFiles/mellivora_picocalc.dir/src/kbd.c.o
                0x1000b9c0                kbd_set_backlight
 .text.kbd_battery_percent
                0x1000ba08       0xc4 CMakeFiles/mellivora_picocalc.dir/src/kbd.c.o
                0x1000ba08                kbd_battery_percent
 .text.kbd_is_charging
                0x1000bacc        0xc CMakeFiles/mellivora_picocalc.dir/src/kbd.c.o
                0x1000bacc                kbd_is_charging
 .text._spi_xchg.constprop.0
                0x1000bad8       0x64 CMakeFiles/mellivora_picocalc.dir/src/sd.c.o
 .text._spi_xchg.isra.0
                0x1000bb3c       0x4c CMakeFiles/mellivora_picocalc.dir/src/sd.c.o
 .text._cmd     0x1000bb88      0x4c8 CMakeFiles/mellivora_picocalc.dir/src/sd.c.o
 .text.sd_init  0x1000c050      0x3c0 CMakeFiles/mellivora_picocalc.dir/src/sd.c.o
                0x1000c050                sd_init
 .text.sd_read_block
                0x1000c410      0x1d8 CMakeFiles/mellivora_picocalc.dir/src/sd.c.o
                0x1000c410                sd_read_block
 .text.sd_write_block
                0x1000c5e8      0x104 CMakeFiles/mellivora_picocalc.dir/src/sd.c.o
                0x1000c5e8                sd_write_block
 .text.sd_result_str
                0x1000c6ec       0x18 CMakeFiles/mellivora_picocalc.dir/src/sd.c.o
                0x1000c6ec                sd_result_str
 .text.ls_visitor
                0x1000c704       0xf0 CMakeFiles/mellivora_picocalc.dir/src/fat.c.o
 .text.to_83    0x1000c7f4       0x94 CMakeFiles/mellivora_picocalc.dir/src/fat.c.o
 .text.write_fat_entry
                0x1000c888       0xe0 CMakeFiles/mellivora_picocalc.dir/src/fat.c.o
 .text.alloc_cluster
                0x1000c968       0xd0 CMakeFiles/mellivora_picocalc.dir/src/fat.c.o
 .text.fat_entry
                0x1000ca38      0x184 CMakeFiles/mellivora_picocalc.dir/src/fat.c.o
 .text.append_dirent
                0x1000cbbc      0x4e4 CMakeFiles/mellivora_picocalc.dir/src/fat.c.o
 .text.resolve_path
                0x1000d0a0      0x428 CMakeFiles/mellivora_picocalc.dir/src/fat.c.o
 .text.resolve_parent
                0x1000d4c8       0xc8 CMakeFiles/mellivora_picocalc.dir/src/fat.c.o
 .text.fat_mount
                0x1000d590      0x294 CMakeFiles/mellivora_picocalc.dir/src/fat.c.o
                0x1000d590                fat_mount
 .text.fat_ls   0x1000d824      0x208 CMakeFiles/mellivora_picocalc.dir/src/fat.c.o
                0x1000d824                fat_ls
 .text.fat_open
                0x1000da2c       0x4c CMakeFiles/mellivora_picocalc.dir/src/fat.c.o
                0x1000da2c                fat_open
 .text.fat_read
                0x1000da78      0x12c CMakeFiles/mellivora_picocalc.dir/src/fat.c.o
                0x1000da78                fat_read
 .text.fat_get_usage
                0x1000dba4      0x1a8 CMakeFiles/mellivora_picocalc.dir/src/fat.c.o
                0x1000dba4                fat_get_usage
 .text.fat_result_str
                0x1000dd4c       0x1c CMakeFiles/mellivora_picocalc.dir/src/fat.c.o
                0x1000dd4c                fat_result_str
 .text.fat_is_dir
                0x1000dd68       0x44 CMakeFiles/mellivora_picocalc.dir/src/fat.c.o
                0x1000dd68                fat_is_dir
 .text.fat_mkdir
                0x1000ddac      0x1bc CMakeFiles/mellivora_picocalc.dir/src/fat.c.o
                0x1000ddac                fat_mkdir
 .text.fat_unlink
                0x1000df68      0x3b0 CMakeFiles/mellivora_picocalc.dir/src/fat.c.o
                0x1000df68                fat_unlink
 .text.fat_create
                0x1000e318      0x22c CMakeFiles/mellivora_picocalc.dir/src/fat.c.o
                0x1000e318                fat_create
 .text.fat_rename
                0x1000e544      0x29c CMakeFiles/mellivora_picocalc.dir/src/fat.c.o
                0x1000e544                fat_rename
 .text.fat_append
                0x1000e7e0      0x448 CMakeFiles/mellivora_picocalc.dir/src/fat.c.o
                0x1000e7e0                fat_append
 .text.sys_more_set
                0x1000ec28       0x1c CMakeFiles/mellivora_picocalc.dir/src/syscall.c.o
                0x1000ec28                sys_more_set
 .text.sys_console_write_char
                0x1000ec44      0x1b8 CMakeFiles/mellivora_picocalc.dir/src/syscall.c.o
                0x1000ec44                sys_console_write_char
 .text.str_casecmp_local
                0x1000edfc       0x74 CMakeFiles/mellivora_picocalc.dir/src/apps.c.o
 .text.match_re_here
                0x1000ee70       0xbc CMakeFiles/mellivora_picocalc.dir/src/apps.c.o
 .text.expr_lookup_basic
                0x1000ef2c       0x30 CMakeFiles/mellivora_picocalc.dir/src/apps.c.o
 .text.app_noop
                0x1000ef5c        0x4 CMakeFiles/mellivora_picocalc.dir/src/apps.c.o
 .text.rtrim_in_place
                0x1000ef60       0x2c CMakeFiles/mellivora_picocalc.dir/src/apps.c.o
 .text.find_word_ci
                0x1000ef8c       0xd0 CMakeFiles/mellivora_picocalc.dir/src/apps.c.o
 .text.planner_sort
                0x1000f05c       0x84 CMakeFiles/mellivora_picocalc.dir/src/apps.c.o
 .text.journal_sort
                0x1000f0e0       0x84 CMakeFiles/mellivora_picocalc.dir/src/apps.c.o
 .text.sys_clear
                0x1000f164       0x20 CMakeFiles/mellivora_picocalc.dir/src/apps.c.o
 .text.games_rand_u32
                0x1000f184       0x44 CMakeFiles/mellivora_picocalc.dir/src/apps.c.o
 .text.sys_getchar
                0x1000f1c8       0x24 CMakeFiles/mellivora_picocalc.dir/src/apps.c.o
 .text._cp_dir_cb
                0x1000f1ec       0x8c CMakeFiles/mellivora_picocalc.dir/src/apps.c.o
 .text.browser_refresh
                0x1000f278      0x110 CMakeFiles/mellivora_picocalc.dir/src/apps.c.o
 .text.planner_valid_date
                0x1000f388       0xd0 CMakeFiles/mellivora_picocalc.dir/src/apps.c.o
 .text.copy_cstr.part.0
                0x1000f458       0x34 CMakeFiles/mellivora_picocalc.dir/src/apps.c.o
 .text.browser_collect_cb
                0x1000f48c       0x74 CMakeFiles/mellivora_picocalc.dir/src/apps.c.o
 .text.app_stat_dir_cb
                0x1000f500       0x44 CMakeFiles/mellivora_picocalc.dir/src/apps.c.o
 .text.sample_body.constprop.0
                0x1000f544      0x12c CMakeFiles/mellivora_picocalc.dir/src/apps.c.o
 .text.browser_parent_dir.constprop.0
                0x1000f670       0x78 CMakeFiles/mellivora_picocalc.dir/src/apps.c.o
 .text.app_format_size.constprop.0
                0x1000f6e8       0xe8 CMakeFiles/mellivora_picocalc.dir/src/apps.c.o
 .text.next_token.constprop.0
                0x1000f7d0        0xc CMakeFiles/mellivora_picocalc.dir/src/apps.c.o
 .text.next_token.constprop.1
                0x1000f7dc      0x198 CMakeFiles/mellivora_picocalc.dir/src/apps.c.o
 .text.next_token.constprop.2
                0x1000f974       0x68 CMakeFiles/mellivora_picocalc.dir/src/apps.c.o
 .text.next_token.constprop.3
                0x1000f9dc       0x68 CMakeFiles/mellivora_picocalc.dir/src/apps.c.o
 .text.copy_cstr.part.0.constprop.0
                0x1000fa44       0x34 CMakeFiles/mellivora_picocalc.dir/src/apps.c.o
 .text.app_du_path
                0x1000fa78       0x78 CMakeFiles/mellivora_picocalc.dir/src/apps.c.o
 .text._sys_append_str.part.0.constprop.0
                0x1000faf0       0x3c CMakeFiles/mellivora_picocalc.dir/src/apps.c.o
 .text.sys_print.isra.0
                0x1000fb2c       0x1c CMakeFiles/mellivora_picocalc.dir/src/apps.c.o
 .text.app_find_cb
                0x1000fb48       0xf4 CMakeFiles/mellivora_picocalc.dir/src/apps.c.o
 .text.tinyc_set_var.constprop.0
                0x1000fc3c      0x10c CMakeFiles/mellivora_picocalc.dir/src/apps.c.o
 .text.expr_lookup_tinyc
                0x1000fd48      0x110 CMakeFiles/mellivora_picocalc.dir/src/apps.c.o
 .text.app_yes  0x1000fe58       0x5c CMakeFiles/mellivora_picocalc.dir/src/apps.c.o
 .text.planner_today_string.constprop.0
                0x1000feb4       0x74 CMakeFiles/mellivora_picocalc.dir/src/apps.c.o
 .text.app_hexedit_dump.part.0.constprop.0
                0x1000ff28      0x19c CMakeFiles/mellivora_picocalc.dir/src/apps.c.o
 .text.app_id   0x100100c4       0x20 CMakeFiles/mellivora_picocalc.dir/src/apps.c.o
 .text.app_hello
                0x100100e4       0x30 CMakeFiles/mellivora_picocalc.dir/src/apps.c.o
 .text.app_env  0x10010114      0x25c CMakeFiles/mellivora_picocalc.dir/src/apps.c.o
 .text.app_terminal
                0x10010370       0x98 CMakeFiles/mellivora_picocalc.dir/src/apps.c.o
 .text.app_sleep_ms
                0x10010408       0x6c CMakeFiles/mellivora_picocalc.dir/src/apps.c.o
 .text.expr_parse_mul
                0x10010474      0x220 CMakeFiles/mellivora_picocalc.dir/src/apps.c.o
 .text.expr_parse_add
                0x10010694      0x274 CMakeFiles/mellivora_picocalc.dir/src/apps.c.o
 .text.expr_parse_cmp
                0x10010908       0xe8 CMakeFiles/mellivora_picocalc.dir/src/apps.c.o
 .text.expr_parse_unary
                0x100109f0      0x104 CMakeFiles/mellivora_picocalc.dir/src/apps.c.o
 .text.expr_eval.constprop.0
                0x10010af4      0x3a4 CMakeFiles/mellivora_picocalc.dir/src/apps.c.o
 .text.basic_assign
                0x10010e98       0xd8 CMakeFiles/mellivora_picocalc.dir/src/apps.c.o
 .text.basic_exec_stmt
                0x10010f70      0x954 CMakeFiles/mellivora_picocalc.dir/src/apps.c.o
 .text.app_seq  0x100118c4       0xa8 CMakeFiles/mellivora_picocalc.dir/src/apps.c.o
 .text.settings_show
                0x1001196c      0x18c CMakeFiles/mellivora_picocalc.dir/src/apps.c.o
 .text.app_read_line.constprop.1
                0x10011af8       0xd0 CMakeFiles/mellivora_picocalc.dir/src/apps.c.o
 .text.app_read_line.constprop.0
                0x10011bc8       0xd0 CMakeFiles/mellivora_picocalc.dir/src/apps.c.o
 .text.app_piano
                0x10011c98      0x1d4 CMakeFiles/mellivora_picocalc.dir/src/apps.c.o
 .text.app_lock
                0x10011e6c      0x18c CMakeFiles/mellivora_picocalc.dir/src/apps.c.o
 .text.basic_run_program
                0x10011ff8       0xa8 CMakeFiles/mellivora_picocalc.dir/src/apps.c.o
 .text.journal_show.constprop.0
                0x100120a0       0x80 CMakeFiles/mellivora_picocalc.dir/src/apps.c.o
 .text.planner_show
                0x10012120       0xb8 CMakeFiles/mellivora_picocalc.dir/src/apps.c.o
 .text.journal_show
                0x100121d8       0xb8 CMakeFiles/mellivora_picocalc.dir/src/apps.c.o
 .text.app_life
                0x10012290      0x31c CMakeFiles/mellivora_picocalc.dir/src/apps.c.o
 .text.app_mandelbrot
                0x100125ac      0x26c CMakeFiles/mellivora_picocalc.dir/src/apps.c.o
 .text.app_join_path.constprop.0
                0x10012818       0xb0 CMakeFiles/mellivora_picocalc.dir/src/apps.c.o
 .text.app_tree_cb
                0x100128c8      0x18c CMakeFiles/mellivora_picocalc.dir/src/apps.c.o
 .text.app_du_list_cb.part.0
                0x10012a54       0xa4 CMakeFiles/mellivora_picocalc.dir/src/apps.c.o
 .text.app_du_list_cb
                0x10012af8       0x34 CMakeFiles/mellivora_picocalc.dir/src/apps.c.o
 .text.tinyc_show_vars
                0x10012b2c      0x104 CMakeFiles/mellivora_picocalc.dir/src/apps.c.o
 .text.app_basename
                0x10012c30       0x80 CMakeFiles/mellivora_picocalc.dir/src/apps.c.o
 .text.app_du_accum_cb.part.0
                0x10012cb0      0x10c CMakeFiles/mellivora_picocalc.dir/src/apps.c.o
 .text.app_du_accum_cb
                0x10012dbc       0x54 CMakeFiles/mellivora_picocalc.dir/src/apps.c.o
 .text._sys_make_abs.constprop.0
                0x10012e10       0xc4 CMakeFiles/mellivora_picocalc.dir/src/apps.c.o
 .text.planner_save
                0x10012ed4       0xe0 CMakeFiles/mellivora_picocalc.dir/src/apps.c.o
 .text.habits_save
                0x10012fb4      0x108 CMakeFiles/mellivora_picocalc.dir/src/apps.c.o
 .text.sys_fwrite
                0x100130bc      0x10c CMakeFiles/mellivora_picocalc.dir/src/apps.c.o
 .text.bookmarks_save
                0x100131c8       0xf0 CMakeFiles/mellivora_picocalc.dir/src/apps.c.o
 .text.editor_insert_line.constprop.0.isra.0
                0x100132b8       0xa4 CMakeFiles/mellivora_picocalc.dir/src/apps.c.o
 .text.sys_fread.constprop.0
                0x1001335c      0x110 CMakeFiles/mellivora_picocalc.dir/src/apps.c.o
 .text.read_text_file.constprop.0
                0x1001346c       0x44 CMakeFiles/mellivora_picocalc.dir/src/apps.c.o
 .text.app_diff
                0x100134b0      0x280 CMakeFiles/mellivora_picocalc.dir/src/apps.c.o
 .text.app_dirname
                0x10013730       0x9c CMakeFiles/mellivora_picocalc.dir/src/apps.c.o
 .text.app_xmodem
                0x100137cc      0x368 CMakeFiles/mellivora_picocalc.dir/src/apps.c.o
 .text.tinyc_print_arg
                0x10013b34       0xe8 CMakeFiles/mellivora_picocalc.dir/src/apps.c.o
 .text.tinyc_exec_stmt
                0x10013c1c      0x8fc CMakeFiles/mellivora_picocalc.dir/src/apps.c.o
 .text.sprite_render.constprop.0
                0x10014518      0xb0c CMakeFiles/mellivora_picocalc.dir/src/apps.c.o
 .text.app_clock
                0x10015024      0x340 CMakeFiles/mellivora_picocalc.dir/src/apps.c.o
 .text.app_cal  0x10015364      0x270 CMakeFiles/mellivora_picocalc.dir/src/apps.c.o
 .text.app_coin
                0x100155d4      0x10c CMakeFiles/mellivora_picocalc.dir/src/apps.c.o
 .text.app_tail
                0x100156e0      0x174 CMakeFiles/mellivora_picocalc.dir/src/apps.c.o
 .text.app_sort
                0x10015854      0x260 CMakeFiles/mellivora_picocalc.dir/src/apps.c.o
 .text.basic_store_line
                0x10015ab4      0x124 CMakeFiles/mellivora_picocalc.dir/src/apps.c.o
 .text.app_grep
                0x10015bd8      0x2fc CMakeFiles/mellivora_picocalc.dir/src/apps.c.o
 .text.app_basic
                0x10015ed4      0x2d0 CMakeFiles/mellivora_picocalc.dir/src/apps.c.o
 .text.app_df   0x100161a4      0x1c8 CMakeFiles/mellivora_picocalc.dir/src/apps.c.o
 .text.app_make_abs.constprop.0
                0x1001636c       0xf0 CMakeFiles/mellivora_picocalc.dir/src/apps.c.o
 .text.load_file_bytes.constprop.0
                0x1001645c       0xc4 CMakeFiles/mellivora_picocalc.dir/src/apps.c.o
 .text.settings_set_path.constprop.0
                0x10016520       0x64 CMakeFiles/mellivora_picocalc.dir/src/apps.c.o
 .text.settings_apply_pair
                0x10016584      0x138 CMakeFiles/mellivora_picocalc.dir/src/apps.c.o
 .text.app_hexedit
                0x100166bc      0x92c CMakeFiles/mellivora_picocalc.dir/src/apps.c.o
 .text.app_cp   0x10016fe8      0x174 CMakeFiles/mellivora_picocalc.dir/src/apps.c.o
 .text.app_mv   0x1001715c      0x124 CMakeFiles/mellivora_picocalc.dir/src/apps.c.o
 .text.app_theme
                0x10017280      0x18c CMakeFiles/mellivora_picocalc.dir/src/apps.c.o
 .text.app_tinyc
                0x1001740c      0x11c CMakeFiles/mellivora_picocalc.dir/src/apps.c.o
 .text.app_samples
                0x10017528      0x280 CMakeFiles/mellivora_picocalc.dir/src/apps.c.o
 .text.app_tinyc.constprop.0
                0x100177a8       0x80 CMakeFiles/mellivora_picocalc.dir/src/apps.c.o
 .text.app_watch
                0x10017828      0x220 CMakeFiles/mellivora_picocalc.dir/src/apps.c.o
 .text.editor_load.constprop.0
                0x10017a48      0x268 CMakeFiles/mellivora_picocalc.dir/src/apps.c.o
 .text.app_find
                0x10017cb0      0x1d8 CMakeFiles/mellivora_picocalc.dir/src/apps.c.o
 .text.app_wc   0x10017e88      0x210 CMakeFiles/mellivora_picocalc.dir/src/apps.c.o
 .text.app_pager
                0x10018098      0x22c CMakeFiles/mellivora_picocalc.dir/src/apps.c.o
 .text.app_dice
                0x100182c4      0x178 CMakeFiles/mellivora_picocalc.dir/src/apps.c.o
 .text.app_sprite
                0x1001843c      0x458 CMakeFiles/mellivora_picocalc.dir/src/apps.c.o
 .text.settings_save.constprop.0.isra.0
                0x10018894       0xf8 CMakeFiles/mellivora_picocalc.dir/src/apps.c.o
 .text.app_tree
                0x1001898c      0x1fc CMakeFiles/mellivora_picocalc.dir/src/apps.c.o
 .text.app_paint
                0x10018b88      0x5b4 CMakeFiles/mellivora_picocalc.dir/src/apps.c.o
 .text.app_head
                0x1001913c      0x25c CMakeFiles/mellivora_picocalc.dir/src/apps.c.o
 .text.editor_save.constprop.0.isra.0
                0x10019398      0x220 CMakeFiles/mellivora_picocalc.dir/src/apps.c.o
 .text.journal_load.constprop.0
                0x100195b8      0x134 CMakeFiles/mellivora_picocalc.dir/src/apps.c.o
 .text.app_strings
                0x100196ec      0x1cc CMakeFiles/mellivora_picocalc.dir/src/apps.c.o
 .text.app_tee  0x100198b8      0x214 CMakeFiles/mellivora_picocalc.dir/src/apps.c.o
 .text.app_tetris
                0x10019acc      0xc38 CMakeFiles/mellivora_picocalc.dir/src/apps.c.o
 .text.app_sprite.constprop.0
                0x1001a704      0x454 CMakeFiles/mellivora_picocalc.dir/src/apps.c.o
 .text.app_snake
                0x1001ab58      0x660 CMakeFiles/mellivora_picocalc.dir/src/apps.c.o
 .text.settings_apply_live
                0x1001b1b8      0x134 CMakeFiles/mellivora_picocalc.dir/src/apps.c.o
 .text.app_stat
                0x1001b2ec       0xf4 CMakeFiles/mellivora_picocalc.dir/src/apps.c.o
 .text.app_forth
                0x1001b3e0      0x998 CMakeFiles/mellivora_picocalc.dir/src/apps.c.o
 .text.app_samples.constprop.0
                0x1001bd78       0xac CMakeFiles/mellivora_picocalc.dir/src/apps.c.o
 .text.app_cut  0x1001be24      0x1dc CMakeFiles/mellivora_picocalc.dir/src/apps.c.o
 .text.app_rev  0x1001c000      0x1ac CMakeFiles/mellivora_picocalc.dir/src/apps.c.o
 .text.app_xxd  0x1001c1ac      0x2ac CMakeFiles/mellivora_picocalc.dir/src/apps.c.o
 .text.app_edit
                0x1001c458      0x9fc CMakeFiles/mellivora_picocalc.dir/src/apps.c.o
 .text.app_notes
                0x1001ce54       0x7c CMakeFiles/mellivora_picocalc.dir/src/apps.c.o
 .text.app_planner
                0x1001ced0      0x404 CMakeFiles/mellivora_picocalc.dir/src/apps.c.o
 .text.app_habits
                0x1001d2d4      0x668 CMakeFiles/mellivora_picocalc.dir/src/apps.c.o
 .text.app_browse
                0x1001d93c      0x65c CMakeFiles/mellivora_picocalc.dir/src/apps.c.o
 .text.app_bookmarks
                0x1001df98      0x784 CMakeFiles/mellivora_picocalc.dir/src/apps.c.o
 .text.app_du   0x1001e71c      0x148 CMakeFiles/mellivora_picocalc.dir/src/apps.c.o
 .text.app_script
                0x1001e864      0x1c0 CMakeFiles/mellivora_picocalc.dir/src/apps.c.o
 .text.app_guess
                0x1001ea24      0x188 CMakeFiles/mellivora_picocalc.dir/src/apps.c.o
 .text.app_games
                0x1001ebac      0x190 CMakeFiles/mellivora_picocalc.dir/src/apps.c.o
 .text.app_games.constprop.0
                0x1001ed3c      0x108 CMakeFiles/mellivora_picocalc.dir/src/apps.c.o
 .text.app_hexdump_core
                0x1001ee44      0x464 CMakeFiles/mellivora_picocalc.dir/src/apps.c.o
 .text.app_od   0x1001f2a8       0x10 CMakeFiles/mellivora_picocalc.dir/src/apps.c.o
 .text.app_hexdump
                0x1001f2b8       0x10 CMakeFiles/mellivora_picocalc.dir/src/apps.c.o
 .text.app_calc
                0x1001f2c8      0x384 CMakeFiles/mellivora_picocalc.dir/src/apps.c.o
 .text.app_calc.constprop.0
                0x1001f64c      0x108 CMakeFiles/mellivora_picocalc.dir/src/apps.c.o
 .text.todo_save
                0x1001f754       0xf8 CMakeFiles/mellivora_picocalc.dir/src/apps.c.o
 .text.app_todo
                0x1001f84c      0x4fc CMakeFiles/mellivora_picocalc.dir/src/apps.c.o
 .text.journal_save
                0x1001fd48       0xec CMakeFiles/mellivora_picocalc.dir/src/apps.c.o
 .text.app_journal
                0x1001fe34      0x200 CMakeFiles/mellivora_picocalc.dir/src/apps.c.o
 .text.app_journal.constprop.0
                0x10020034       0x50 CMakeFiles/mellivora_picocalc.dir/src/apps.c.o
 .text.app_dashboard
                0x10020084      0x474 CMakeFiles/mellivora_picocalc.dir/src/apps.c.o
 .text.app_home
                0x100204f8      0x388 CMakeFiles/mellivora_picocalc.dir/src/apps.c.o
 .text.app_sysmon
                0x10020880      0x240 CMakeFiles/mellivora_picocalc.dir/src/apps.c.o
 .text.settings_load.isra.0
                0x10020ac0      0x1fc CMakeFiles/mellivora_picocalc.dir/src/apps.c.o
 .text.app_settings
                0x10020cbc      0x11c CMakeFiles/mellivora_picocalc.dir/src/apps.c.o
 .text.app_set  0x10020dd8        0x8 CMakeFiles/mellivora_picocalc.dir/src/apps.c.o
 .text.app_run  0x10020de0       0x50 CMakeFiles/mellivora_picocalc.dir/src/apps.c.o
                0x10020de0                app_run
 .text.gpio_set_function
                0x10020e30       0x34 CMakeFiles/mellivora_picocalc.dir/pico-sdk/src/rp2_common/hardware_gpio/gpio.c.o
                0x10020e30                gpio_set_function
 .text.gpio_set_pulls
                0x10020e64       0x28 CMakeFiles/mellivora_picocalc.dir/pico-sdk/src/rp2_common/hardware_gpio/gpio.c.o
                0x10020e64                gpio_set_pulls
 .text.gpio_set_input_hysteresis_enabled
                0x10020e8c       0x28 CMakeFiles/mellivora_picocalc.dir/pico-sdk/src/rp2_common/hardware_gpio/gpio.c.o
                0x10020e8c                gpio_set_input_hysteresis_enabled
 .text.gpio_set_drive_strength
                0x10020eb4       0x24 CMakeFiles/mellivora_picocalc.dir/pico-sdk/src/rp2_common/hardware_gpio/gpio.c.o
                0x10020eb4                gpio_set_drive_strength
 .text.gpio_init
                0x10020ed8       0x40 CMakeFiles/mellivora_picocalc.dir/pico-sdk/src/rp2_common/hardware_gpio/gpio.c.o
                0x10020ed8                gpio_init
 .text.rp2040_chip_version
                0x10020f18        0xc CMakeFiles/mellivora_picocalc.dir/pico-sdk/src/rp2040/pico_platform/platform.c.o
                0x10020f18                rp2040_chip_version
 .text.panic    0x10020f24       0x30 CMakeFiles/mellivora_picocalc.dir/pico-sdk/src/rp2_common/pico_platform_panic/panic.c.o
                0x10020f24                panic
 .text.hw_claim_or_assert
                0x10020f54       0x44 CMakeFiles/mellivora_picocalc.dir/pico-sdk/src/common/hardware_claim/claim.c.o
                0x10020f54                hw_claim_or_assert
 .text.hw_claim_unused_from_range
                0x10020f98       0x9c CMakeFiles/mellivora_picocalc.dir/pico-sdk/src/common/hardware_claim/claim.c.o
                0x10020f98                hw_claim_unused_from_range
 .text.next_striped_spin_lock_num
                0x10021034       0x18 CMakeFiles/mellivora_picocalc.dir/pico-sdk/src/rp2_common/hardware_sync/sync.c.o
                0x10021034                next_striped_spin_lock_num
 .text.spin_lock_claim_unused
                0x1002104c       0x24 CMakeFiles/mellivora_picocalc.dir/pico-sdk/src/rp2_common/hardware_sync/sync.c.o
                0x1002104c                spin_lock_claim_unused
 .text.spin_locks_reset
                0x10021070       0x1c CMakeFiles/mellivora_picocalc.dir/pico-sdk/src/rp2_common/hardware_sync_spin_lock/sync_spin_lock.c.o
                0x10021070                spin_locks_reset
 .text.runtime_init_per_core_irq_priorities
                0x1002108c       0x24 CMakeFiles/mellivora_picocalc.dir/pico-sdk/src/rp2_common/hardware_irq/irq.c.o
                0x1002108c                runtime_init_per_core_irq_priorities
 .text.irq_set_enabled
                0x100210b0       0x24 CMakeFiles/mellivora_picocalc.dir/pico-sdk/src/rp2_common/hardware_irq/irq.c.o
                0x100210b0                irq_set_enabled
 .text.irq_is_enabled
                0x100210d4       0x18 CMakeFiles/mellivora_picocalc.dir/pico-sdk/src/rp2_common/hardware_irq/irq.c.o
                0x100210d4                irq_is_enabled
 .text.irq_set_pending
                0x100210ec       0x10 CMakeFiles/mellivora_picocalc.dir/pico-sdk/src/rp2_common/hardware_irq/irq.c.o
                0x100210ec                irq_set_pending
 .text.irq_has_shared_handler
                0x100210fc       0x24 CMakeFiles/mellivora_picocalc.dir/pico-sdk/src/rp2_common/hardware_irq/irq.c.o
                0x100210fc                irq_has_shared_handler
 .text.irq_set_exclusive_handler
                0x10021120       0x54 CMakeFiles/mellivora_picocalc.dir/pico-sdk/src/rp2_common/hardware_irq/irq.c.o
                0x10021120                irq_set_exclusive_handler
 .text.irq_add_shared_handler
                0x10021174      0x1f4 CMakeFiles/mellivora_picocalc.dir/pico-sdk/src/rp2_common/hardware_irq/irq.c.o
                0x10021174                irq_add_shared_handler
 .text.irq_remove_handler
                0x10021368      0x1d4 CMakeFiles/mellivora_picocalc.dir/pico-sdk/src/rp2_common/hardware_irq/irq.c.o
                0x10021368                irq_remove_handler
 .text.irq_add_tail_to_free_list
                0x1002153c       0xb4 CMakeFiles/mellivora_picocalc.dir/pico-sdk/src/rp2_common/hardware_irq/irq.c.o
                0x1002153c                irq_add_tail_to_free_list
 .text.user_irq_claim_unused
                0x100215f0       0x2c CMakeFiles/mellivora_picocalc.dir/pico-sdk/src/rp2_common/hardware_irq/irq.c.o
                0x100215f0                user_irq_claim_unused
 .text.lock_init
                0x1002161c       0x10 CMakeFiles/mellivora_picocalc.dir/pico-sdk/src/common/pico_sync/lock_core.c.o
                0x1002161c                lock_init
 .text.runtime_init_mutex
                0x1002162c       0x58 CMakeFiles/mellivora_picocalc.dir/pico-sdk/src/common/pico_sync/mutex.c.o
                0x1002162c                runtime_init_mutex
 .text.mutex_init
                0x10021684       0x1c CMakeFiles/mellivora_picocalc.dir/pico-sdk/src/common/pico_sync/mutex.c.o
                0x10021684                mutex_init
 .text.critical_section_init
                0x100216a0       0x1c CMakeFiles/mellivora_picocalc.dir/pico-sdk/src/common/pico_sync/critical_section.c.o
                0x100216a0                critical_section_init
 .text.critical_section_init_with_lock_num
                0x100216bc       0x14 CMakeFiles/mellivora_picocalc.dir/pico-sdk/src/common/pico_sync/critical_section.c.o
                0x100216bc                critical_section_init_with_lock_num
 .text.sleep_until_callback
                0x100216d0       0x30 CMakeFiles/mellivora_picocalc.dir/pico-sdk/src/common/pico_time/time.c.o
 .text.alarm_pool_irq_handler
                0x10021700      0x300 CMakeFiles/mellivora_picocalc.dir/pico-sdk/src/common/pico_time/time.c.o
 .text.runtime_init_default_alarm_pool
                0x10021a00       0xdc CMakeFiles/mellivora_picocalc.dir/pico-sdk/src/common/pico_time/time.c.o
                0x10021a00                runtime_init_default_alarm_pool
 .text.alarm_pool_get_default
                0x10021adc        0x8 CMakeFiles/mellivora_picocalc.dir/pico-sdk/src/common/pico_time/time.c.o
                0x10021adc                alarm_pool_get_default
 .text.alarm_pool_add_alarm_at
                0x10021ae4       0xd4 CMakeFiles/mellivora_picocalc.dir/pico-sdk/src/common/pico_time/time.c.o
                0x10021ae4                alarm_pool_add_alarm_at
 .text.alarm_pool_add_alarm_at_force_in_context
                0x10021bb8       0xb0 CMakeFiles/mellivora_picocalc.dir/pico-sdk/src/common/pico_time/time.c.o
                0x10021bb8                alarm_pool_add_alarm_at_force_in_context
 .text.alarm_pool_cancel_alarm
                0x10021c68       0x74 CMakeFiles/mellivora_picocalc.dir/pico-sdk/src/common/pico_time/time.c.o
                0x10021c68                alarm_pool_cancel_alarm
 .text.alarm_pool_core_num
                0x10021cdc        0x4 CMakeFiles/mellivora_picocalc.dir/pico-sdk/src/common/pico_time/time.c.o
                0x10021cdc                alarm_pool_core_num
 .text.sleep_until
                0x10021ce0       0xd8 CMakeFiles/mellivora_picocalc.dir/pico-sdk/src/common/pico_time/time.c.o
                0x10021ce0                sleep_until
 .text.sleep_us
                0x10021db8       0x28 CMakeFiles/mellivora_picocalc.dir/pico-sdk/src/common/pico_time/time.c.o
                0x10021db8                sleep_us
 .text.sleep_ms
                0x10021de0       0x38 CMakeFiles/mellivora_picocalc.dir/pico-sdk/src/common/pico_time/time.c.o
                0x10021de0                sleep_ms
 .text.best_effort_wfe_or_timeout
                0x10021e18       0xfc CMakeFiles/mellivora_picocalc.dir/pico-sdk/src/common/pico_time/time.c.o
                0x10021e18                best_effort_wfe_or_timeout
 .text.check_single_timeout_us
                0x10021f14       0x28 CMakeFiles/mellivora_picocalc.dir/pico-sdk/src/common/pico_time/timeout_helper.c.o
 .text.init_single_timeout_until
                0x10021f3c        0xc CMakeFiles/mellivora_picocalc.dir/pico-sdk/src/common/pico_time/timeout_helper.c.o
                0x10021f3c                init_single_timeout_until
 .text.timer_hardware_alarm_claim
                0x10021f48       0x14 CMakeFiles/mellivora_picocalc.dir/pico-sdk/src/rp2_common/hardware_timer/timer.c.o
                0x10021f48                timer_hardware_alarm_claim
 .text.timer_time_us_64
                0x10021f5c       0x10 CMakeFiles/mellivora_picocalc.dir/pico-sdk/src/rp2_common/hardware_timer/timer.c.o
                0x10021f5c                timer_time_us_64
 .text.time_us_64
                0x10021f6c       0x14 CMakeFiles/mellivora_picocalc.dir/pico-sdk/src/rp2_common/hardware_timer/timer.c.o
                0x10021f6c                time_us_64
 .text.busy_wait_us_32
                0x10021f80       0x7c CMakeFiles/mellivora_picocalc.dir/pico-sdk/src/rp2_common/hardware_timer/timer.c.o
                0x10021f80                busy_wait_us_32
 .text.busy_wait_us
                0x10021ffc       0x68 CMakeFiles/mellivora_picocalc.dir/pico-sdk/src/rp2_common/hardware_timer/timer.c.o
                0x10021ffc                busy_wait_us
 .text.busy_wait_until
                0x10022064       0x20 CMakeFiles/mellivora_picocalc.dir/pico-sdk/src/rp2_common/hardware_timer/timer.c.o
                0x10022064                busy_wait_until
 .text.uart_init
                0x10022084      0x11c CMakeFiles/mellivora_picocalc.dir/pico-sdk/src/rp2_common/hardware_uart/uart.c.o
                0x10022084                uart_init
 .text.clock_configure_int_divider
                0x100221a0       0xf4 CMakeFiles/mellivora_picocalc.dir/pico-sdk/src/rp2_common/hardware_clocks/clocks.c.o
                0x100221a0                clock_configure_int_divider
 .text.clock_configure_undivided
                0x10022294       0xe8 CMakeFiles/mellivora_picocalc.dir/pico-sdk/src/rp2_common/hardware_clocks/clocks.c.o
                0x10022294                clock_configure_undivided
 .text.clock_get_hz
                0x1002237c        0xc CMakeFiles/mellivora_picocalc.dir/pico-sdk/src/rp2_common/hardware_clocks/clocks.c.o
                0x1002237c                clock_get_hz
 .text.set_sys_clock_pll
                0x10022388      0x1b8 CMakeFiles/mellivora_picocalc.dir/pico-sdk/src/rp2_common/hardware_clocks/clocks.c.o
                0x10022388                set_sys_clock_pll
 .text.check_sys_clock_khz
                0x10022540      0x210 CMakeFiles/mellivora_picocalc.dir/pico-sdk/src/rp2_common/hardware_clocks/clocks.c.o
                0x10022540                check_sys_clock_khz
 .text.pll_init
                0x10022750       0xa0 CMakeFiles/mellivora_picocalc.dir/pico-sdk/src/rp2_common/hardware_pll/pll.c.o
                0x10022750                pll_init
 .text.watchdog_reboot
                0x100227f0       0x9c CMakeFiles/mellivora_picocalc.dir/pico-sdk/src/rp2_common/hardware_watchdog/watchdog.c.o
                0x100227f0                watchdog_reboot
 .text.tick_start
                0x1002288c       0x10 CMakeFiles/mellivora_picocalc.dir/pico-sdk/src/rp2_common/hardware_ticks/ticks.c.o
                0x1002288c                tick_start
 .text.rom_func_lookup
                0x1002289c       0x10 CMakeFiles/mellivora_picocalc.dir/pico-sdk/src/rp2_common/pico_bootrom/bootrom.c.o
                0x1002289c                rom_func_lookup
 .text.rom_data_lookup
                0x100228ac       0x10 CMakeFiles/mellivora_picocalc.dir/pico-sdk/src/rp2_common/pico_bootrom/bootrom.c.o
                0x100228ac                rom_data_lookup
 .text.rom_funcs_lookup
                0x100228bc       0x44 CMakeFiles/mellivora_picocalc.dir/pico-sdk/src/rp2_common/pico_bootrom/bootrom.c.o
                0x100228bc                rom_funcs_lookup
 .text.rom_reset_usb_boot_extra
                0x10022900       0x28 CMakeFiles/mellivora_picocalc.dir/pico-sdk/src/rp2_common/pico_bootrom/bootrom.c.o
                0x10022900                rom_reset_usb_boot_extra
 .text.xosc_init
                0x10022928       0x28 CMakeFiles/mellivora_picocalc.dir/pico-sdk/src/rp2_common/hardware_xosc/xosc.c.o
                0x10022928                xosc_init
 .text.first_per_core_initializer
                0x10022950        0x4 CMakeFiles/mellivora_picocalc.dir/pico-sdk/src/rp2_common/pico_runtime/runtime.c.o
 .text.hard_assertion_failure
                0x10022954        0xc CMakeFiles/mellivora_picocalc.dir/pico-sdk/src/rp2_common/pico_runtime/runtime.c.o
                0x10022954                hard_assertion_failure
 .text.runtime_run_initializers
                0x10022960       0x28 CMakeFiles/mellivora_picocalc.dir/pico-sdk/src/rp2_common/pico_runtime/runtime.c.o
                0x10022960                runtime_run_initializers
 .text.runtime_init_early_resets
                0x10022988       0x2c CMakeFiles/mellivora_picocalc.dir/pico-sdk/src/rp2_common/pico_runtime_init/runtime_init.c.o
                0x10022988                runtime_init_early_resets
 .text.runtime_init_usb_power_down
                0x100229b4       0x1c CMakeFiles/mellivora_picocalc.dir/pico-sdk/src/rp2_common/pico_runtime_init/runtime_init.c.o
                0x100229b4                runtime_init_usb_power_down
 .text.runtime_init_post_clock_resets
                0x100229d0       0x20 CMakeFiles/mellivora_picocalc.dir/pico-sdk/src/rp2_common/pico_runtime_init/runtime_init.c.o
                0x100229d0                runtime_init_post_clock_resets
 .text.runtime_init_rp2040_gpio_ie_disable
                0x100229f0       0x14 CMakeFiles/mellivora_picocalc.dir/pico-sdk/src/rp2_common/pico_runtime_init/runtime_init.c.o
                0x100229f0                runtime_init_rp2040_gpio_ie_disable
 .text.runtime_init_spin_locks_reset
                0x10022a04        0x8 CMakeFiles/mellivora_picocalc.dir/pico-sdk/src/rp2_common/pico_runtime_init/runtime_init.c.o
                0x10022a04                runtime_init_spin_locks_reset
 .text.runtime_init_install_ram_vector_table
                0x10022a0c       0xc4 CMakeFiles/mellivora_picocalc.dir/pico-sdk/src/rp2_common/pico_runtime_init/runtime_init.c.o
                0x10022a0c                runtime_init_install_ram_vector_table
 .text.runtime_init_clocks
                0x10022ad0       0xd8 CMakeFiles/mellivora_picocalc.dir/pico-sdk/src/rp2_common/pico_runtime_init/runtime_init_clocks.c.o
                0x10022ad0                runtime_init_clocks
 .text          0x10022ba8       0x10 CMakeFiles/mellivora_picocalc.dir/pico-sdk/src/rp2_common/pico_bit_ops/bit_ops_aeabi.S.o
 .text.__wrap___aeabi_idiv
                0x10022bb8       0x50 CMakeFiles/mellivora_picocalc.dir/pico-sdk/src/rp2_common/pico_divider/divider_hardware.S.o
                0x10022bb8                __wrap___aeabi_idivmod
                0x10022bb8                divmod_s32s32
                0x10022bb8                div_s32s32
                0x10022bb8                __wrap___aeabi_idiv
                0x10022bc0                divmod_s32s32_unsafe
                0x10022bec                divmod_s32s32_savestate
 .text.__wrap___aeabi_uidiv
                0x10022c08       0x4c CMakeFiles/mellivora_picocalc.dir/pico-sdk/src/rp2_common/pico_divider/divider_hardware.S.o
                0x10022c08                __wrap___aeabi_uidiv
                0x10022c08                __wrap___aeabi_uidivmod
                0x10022c08                div_u32u32
                0x10022c08                divmod_u32u32
                0x10022c10                divmod_u32u32_unsafe
                0x10022c38                divmod_u32u32_savestate
 .text.__wrap___aeabi_ldiv
                0x10022c54      0x424 CMakeFiles/mellivora_picocalc.dir/pico-sdk/src/rp2_common/pico_divider/divider_hardware.S.o
                0x10022c54                div_s64s64
                0x10022c54                divmod_s64s64
                0x10022c54                __wrap___aeabi_ldivmod
                0x10022c84                div_u64u64
                0x10022c84                divmod_u64u64
                0x10022c84                __wrap___aeabi_uldivmod
                0x10022c94                divmod_u64u64_savestate
                0x10022cb4                divmod_s64s64_unsafe
                0x10022d3c                divmod_u64u64_unsafe
 .text.__wrap___aeabi_darithmetic
                0x10023078       0x80 CMakeFiles/mellivora_picocalc.dir/pico-sdk/src/rp2_common/pico_double/double_aeabi_rp2040.S.o
                0x10023078                __wrap___aeabi_drsub
                0x1002307e                __wrap___aeabi_dsub
                0x10023090                __wrap___aeabi_dadd
                0x100230a2                __wrap___aeabi_ddiv
                0x100230de                __wrap___aeabi_dmul
 .text.__wrap___aeabi_cdcmple
                0x100230f8       0x6c CMakeFiles/mellivora_picocalc.dir/pico-sdk/src/rp2_common/pico_double/double_aeabi_rp2040.S.o
                0x100230f8                __wrap___aeabi_cdrcmple
                0x10023108                __wrap___aeabi_cdcmple
                0x10023108                __wrap___aeabi_cdcmpeq
 .text.__wrap___aeabi_dcmpeq
                0x10023164       0x10 CMakeFiles/mellivora_picocalc.dir/pico-sdk/src/rp2_common/pico_double/double_aeabi_rp2040.S.o
                0x10023164                __wrap___aeabi_dcmpeq
 .text.__wrap___aeabi_dcmplt
                0x10023174        0xc CMakeFiles/mellivora_picocalc.dir/pico-sdk/src/rp2_common/pico_double/double_aeabi_rp2040.S.o
                0x10023174                __wrap___aeabi_dcmplt
 .text.__wrap___aeabi_dcmple
                0x10023180       0x10 CMakeFiles/mellivora_picocalc.dir/pico-sdk/src/rp2_common/pico_double/double_aeabi_rp2040.S.o
                0x10023180                __wrap___aeabi_dcmple
 .text.__wrap___aeabi_dcmpge
                0x10023190       0x10 CMakeFiles/mellivora_picocalc.dir/pico-sdk/src/rp2_common/pico_double/double_aeabi_rp2040.S.o
                0x10023190                __wrap___aeabi_dcmpge
 .text.__wrap___aeabi_dcmpgt
                0x100231a0        0xa CMakeFiles/mellivora_picocalc.dir/pico-sdk/src/rp2_common/pico_double/double_aeabi_rp2040.S.o
                0x100231a0                __wrap___aeabi_dcmpgt
 .text.__wrap___aeabi_dcmpun
                0x100231aa       0x18 CMakeFiles/mellivora_picocalc.dir/pico-sdk/src/rp2_common/pico_double/double_aeabi_rp2040.S.o
                0x100231aa                __wrap___aeabi_dcmpun
 *fill*         0x100231c2        0x2 
 .text.__wrap___aeabi_i2d
                0x100231c4       0x38 CMakeFiles/mellivora_picocalc.dir/pico-sdk/src/rp2_common/pico_double/double_aeabi_rp2040.S.o
                0x100231c4                __wrap___aeabi_ui2d
                0x100231c4                uint2double
                0x100231cc                __wrap___aeabi_i2d
                0x100231cc                int2double
 .text.__wrap___aeabi_d2iz
                0x100231fc       0x48 CMakeFiles/mellivora_picocalc.dir/pico-sdk/src/rp2_common/pico_double/double_aeabi_rp2040.S.o
                0x100231fc                __wrap___aeabi_d2iz
                0x100231fc                double2int_z
 .text.__wrap___aeabi_d2uiz
                0x10023244       0x18 CMakeFiles/mellivora_picocalc.dir/pico-sdk/src/rp2_common/pico_double/double_aeabi_rp2040.S.o
                0x10023244                double2uint_z
                0x10023244                double2uint
                0x10023244                __wrap___aeabi_d2uiz
 .text.__wrap___aeabi_l2d
                0x1002325c       0x18 CMakeFiles/mellivora_picocalc.dir/pico-sdk/src/rp2_common/pico_double/double_aeabi_rp2040.S.o
                0x1002325c                __wrap___aeabi_l2d
                0x1002325c                int642double
 .text.__wrap___aeabi_d2lz
                0x10023274       0x26 CMakeFiles/mellivora_picocalc.dir/pico-sdk/src/rp2_common/pico_double/double_aeabi_rp2040.S.o
                0x10023274                __wrap___aeabi_d2lz
                0x10023274                double2int64_z
 *fill*         0x1002329a        0x2 
 .text.double2int64
                0x1002329c       0x18 CMakeFiles/mellivora_picocalc.dir/pico-sdk/src/rp2_common/pico_double/double_aeabi_rp2040.S.o
                0x1002329c                double2int64
 .text.double2ufix64
                0x100232b4       0x18 CMakeFiles/mellivora_picocalc.dir/pico-sdk/src/rp2_common/pico_double/double_aeabi_rp2040.S.o
                0x100232b4                double2ufix64
                0x100232b4                double2ufix64_z
 .text.__wrap___aeabi_d2f
                0x100232cc       0x18 CMakeFiles/mellivora_picocalc.dir/pico-sdk/src/rp2_common/pico_double/double_aeabi_rp2040.S.o
                0x100232cc                __wrap___aeabi_d2f
 .text.__aeabi_double_init
                0x100232e4       0xa4 CMakeFiles/mellivora_picocalc.dir/pico-sdk/src/rp2_common/pico_double/double_init_rom_rp2040.c.o
                0x100232e4                __aeabi_double_init
 .text.double_table_shim_on_use_helper
                0x10023388       0x2c CMakeFiles/mellivora_picocalc.dir/pico-sdk/src/rp2_common/pico_double/double_v1_rom_shim_rp2040.S.o
                0x10023388                double_table_shim_on_use_helper
 .text.__wrap___aeabi_dsub
                0x100233b4       0x10 CMakeFiles/mellivora_picocalc.dir/pico-sdk/src/rp2_common/pico_double/double_v1_rom_shim_rp2040.S.o
                0x100233b4                drsub_shim
                0x100233ba                dsub_shim
 .text.dadd_shim
                0x100233c4      0x15c CMakeFiles/mellivora_picocalc.dir/pico-sdk/src/rp2_common/pico_double/double_v1_rom_shim_rp2040.S.o
                0x100233c4                dadd_shim
 .text.dmul_shim
                0x10023520      0x15c CMakeFiles/mellivora_picocalc.dir/pico-sdk/src/rp2_common/pico_double/double_v1_rom_shim_rp2040.S.o
                0x10023520                dmul_shim
 .text.ddiv_shim
                0x1002367c      0x1b0 CMakeFiles/mellivora_picocalc.dir/pico-sdk/src/rp2_common/pico_double/double_v1_rom_shim_rp2040.S.o
                0x1002367c                ddiv_shim
 .text.double2uint_shim
                0x1002382c        0xe CMakeFiles/mellivora_picocalc.dir/pico-sdk/src/rp2_common/pico_double/double_v1_rom_shim_rp2040.S.o
                0x1002382c                double2uint_shim
                0x1002382e                double2ufix_shim
 .text.double2int64_shim
                0x1002383a       0x1a CMakeFiles/mellivora_picocalc.dir/pico-sdk/src/rp2_common/pico_double/double_v1_rom_shim_rp2040.S.o
                0x1002383a                double2int64_shim
                0x1002383c                double2fix64_shim
 .text.double2uint64_shim
                0x10023854       0x70 CMakeFiles/mellivora_picocalc.dir/pico-sdk/src/rp2_common/pico_double/double_v1_rom_shim_rp2040.S.o
                0x10023854                double2uint64_shim
                0x10023856                double2ufix64_shim
                0x10023876                d2fix_a
 .text.double2float_shim
                0x100238c4       0x5c CMakeFiles/mellivora_picocalc.dir/pico-sdk/src/rp2_common/pico_double/double_v1_rom_shim_rp2040.S.o
                0x100238c4                double2float_shim
 .text.x2double_shims
                0x10023920       0x90 CMakeFiles/mellivora_picocalc.dir/pico-sdk/src/rp2_common/pico_double/double_v1_rom_shim_rp2040.S.o
                0x10023920                uint2double_shim
                0x10023922                ufix2double_shim
                0x10023928                int2double_shim
                0x1002392a                fix2double_shim
                0x10023930                uint642double_shim
                0x10023932                ufix642double_shim
                0x10023938                int642double_shim
                0x1002393a                fix642double_shim
 .text.dunpacks
                0x100239b0       0x3c CMakeFiles/mellivora_picocalc.dir/pico-sdk/src/rp2_common/pico_double/double_v1_rom_shim_rp2040.S.o
                0x100239b0                dunpacks
 .text.__aeabi_lmul
                0x100239ec       0x32 CMakeFiles/mellivora_picocalc.dir/pico-sdk/src/rp2_common/pico_int64_ops/pico_int64_ops_aeabi.S.o
                0x100239ec                __wrap___aeabi_lmul
 *fill*         0x10023a1e        0x2 
 .text.__wrap___aeabi_cfcmple
                0x10023a20       0x50 CMakeFiles/mellivora_picocalc.dir/pico-sdk/src/rp2_common/pico_float/float_aeabi_rp2040.S.o
                0x10023a20                __wrap___aeabi_cfrcmple
                0x10023a2c                __wrap___aeabi_cfcmpeq
                0x10023a2c                __wrap___aeabi_cfcmple
 .text.__wrap___aeabi_fcmple
                0x10023a70       0x10 CMakeFiles/mellivora_picocalc.dir/pico-sdk/src/rp2_common/pico_float/float_aeabi_rp2040.S.o
                0x10023a70                __wrap___aeabi_fcmple
 .text.__wrap___aeabi_fcmpun
                0x10023a80       0x18 CMakeFiles/mellivora_picocalc.dir/pico-sdk/src/rp2_common/pico_float/float_aeabi_rp2040.S.o
                0x10023a80                __wrap___aeabi_fcmpun
 .text.__aeabi_float_init
                0x10023a98       0x64 CMakeFiles/mellivora_picocalc.dir/pico-sdk/src/rp2_common/pico_float/float_init_rom_rp2040.c.o
                0x10023a98                __aeabi_float_init
 .text.float_table_shim_on_use_helper
                0x10023afc       0x2c CMakeFiles/mellivora_picocalc.dir/pico-sdk/src/rp2_common/pico_float/float_v1_rom_shim_rp2040.S.o
                0x10023afc                float_table_shim_on_use_helper
 .text          0x10023b28       0x10 CMakeFiles/mellivora_picocalc.dir/pico-sdk/src/rp2_common/pico_mem_ops/mem_ops_aeabi.S.o
                0x10023b28                __aeabi_mem_init
 .text.memset   0x10023b38        0xc CMakeFiles/mellivora_picocalc.dir/pico-sdk/src/rp2_common/pico_mem_ops/mem_ops_aeabi.S.o
                0x10023b38                __wrap_memset
 .text.memcpy   0x10023b44        0xc CMakeFiles/mellivora_picocalc.dir/pico-sdk/src/rp2_common/pico_mem_ops/mem_ops_aeabi.S.o
                0x10023b44                __wrap___aeabi_memcpy
                0x10023b44                __wrap_memcpy
 .text._out_buffer
                0x10023b50        0x8 CMakeFiles/mellivora_picocalc.dir/pico-sdk/src/rp2_common/pico_printf/printf.c.o
 .text._out_null
                0x10023b58        0x4 CMakeFiles/mellivora_picocalc.dir/pico-sdk/src/rp2_common/pico_printf/printf.c.o
 .text._out_rev
                0x10023b5c       0x90 CMakeFiles/mellivora_picocalc.dir/pico-sdk/src/rp2_common/pico_printf/printf.c.o
 .text._ntoa_format
                0x10023bec      0x1f4 CMakeFiles/mellivora_picocalc.dir/pico-sdk/src/rp2_common/pico_printf/printf.c.o
 .text._out_char
                0x10023de0       0x10 CMakeFiles/mellivora_picocalc.dir/pico-sdk/src/rp2_common/pico_printf/printf.c.o
 .text._etoa    0x10023df0      0x454 CMakeFiles/mellivora_picocalc.dir/pico-sdk/src/rp2_common/pico_printf/printf.c.o
 .text._ftoa    0x10024244      0x3c4 CMakeFiles/mellivora_picocalc.dir/pico-sdk/src/rp2_common/pico_printf/printf.c.o
 .text._vsnprintf
                0x10024608      0xb24 CMakeFiles/mellivora_picocalc.dir/pico-sdk/src/rp2_common/pico_printf/printf.c.o
 .text.__wrap_sprintf
                0x1002512c       0x2c CMakeFiles/mellivora_picocalc.dir/pico-sdk/src/rp2_common/pico_printf/printf.c.o
                0x1002512c                __wrap_sprintf
 .text.__wrap_snprintf
                0x10025158       0x28 CMakeFiles/mellivora_picocalc.dir/pico-sdk/src/rp2_common/pico_printf/printf.c.o
                0x10025158                __wrap_snprintf
 .text.__wrap_vsnprintf
                0x10025180       0x1c CMakeFiles/mellivora_picocalc.dir/pico-sdk/src/rp2_common/pico_printf/printf.c.o
                0x10025180                __wrap_vsnprintf
 .text.weak_raw_printf
                0x1002519c       0x40 CMakeFiles/mellivora_picocalc.dir/pico-sdk/src/rp2_common/pico_printf/printf.c.o
                0x1002519c                weak_raw_printf
 .text.weak_raw_vprintf
                0x100251dc       0x30 CMakeFiles/mellivora_picocalc.dir/pico-sdk/src/rp2_common/pico_printf/printf.c.o
                0x100251dc                weak_raw_vprintf
 .text._exit    0x1002520c        0x4 CMakeFiles/mellivora_picocalc.dir/pico-sdk/src/rp2_common/pico_clib_interface/newlib_interface.c.o
                0x1002520c                _exit
 .text._sbrk    0x10025210       0x34 CMakeFiles/mellivora_picocalc.dir/pico-sdk/src/rp2_common/pico_clib_interface/newlib_interface.c.o
                0x10025210                _sbrk
 .text._read    0x10025244       0x24 CMakeFiles/mellivora_picocalc.dir/pico-sdk/src/rp2_common/pico_clib_interface/newlib_interface.c.o
                0x10025244                _read
 .text._write   0x10025268       0x24 CMakeFiles/mellivora_picocalc.dir/pico-sdk/src/rp2_common/pico_clib_interface/newlib_interface.c.o
                0x10025268                _write
 .text._close   0x1002528c        0x8 CMakeFiles/mellivora_picocalc.dir/pico-sdk/src/rp2_common/pico_clib_interface/newlib_interface.c.o
                0x1002528c                _close
 .text._lseek   0x10025294        0x8 CMakeFiles/mellivora_picocalc.dir/pico-sdk/src/rp2_common/pico_clib_interface/newlib_interface.c.o
                0x10025294                _lseek
 .text.exit     0x1002529c        0x8 CMakeFiles/mellivora_picocalc.dir/pico-sdk/src/rp2_common/pico_clib_interface/newlib_interface.c.o
                0x1002529c                exit
 .text.__assert_func
                0x100252a4       0x38 CMakeFiles/mellivora_picocalc.dir/pico-sdk/src/rp2_common/pico_clib_interface/newlib_interface.c.o
                0x100252a4                __assert_func
 .text.runtime_init
                0x100252dc       0x2c CMakeFiles/mellivora_picocalc.dir/pico-sdk/src/rp2_common/pico_clib_interface/newlib_interface.c.o
                0x100252dc                runtime_init
 .text.stdio_out_chars_no_crlf
                0x10025308       0x10 CMakeFiles/mellivora_picocalc.dir/pico-sdk/src/rp2_common/pico_stdio/stdio.c.o
 .text.stdio_out_chars_crlf
                0x10025318       0xbc CMakeFiles/mellivora_picocalc.dir/pico-sdk/src/rp2_common/pico_stdio/stdio.c.o
 .text.stdio_put_string
                0x100253d4      0x100 CMakeFiles/mellivora_picocalc.dir/pico-sdk/src/rp2_common/pico_stdio/stdio.c.o
                0x100253d4                stdio_put_string
 .text.stdio_get_until
                0x100254d4       0x84 CMakeFiles/mellivora_picocalc.dir/pico-sdk/src/rp2_common/pico_stdio/stdio.c.o
                0x100254d4                stdio_get_until
 .text.stdio_putchar_raw
                0x10025558       0x98 CMakeFiles/mellivora_picocalc.dir/pico-sdk/src/rp2_common/pico_stdio/stdio.c.o
                0x10025558                stdio_putchar_raw
 .text.stdio_set_driver_enabled
                0x100255f0       0x30 CMakeFiles/mellivora_picocalc.dir/pico-sdk/src/rp2_common/pico_stdio/stdio.c.o
                0x100255f0                stdio_set_driver_enabled
 .text.stdio_init_all
                0x10025620       0x10 CMakeFiles/mellivora_picocalc.dir/pico-sdk/src/rp2_common/pico_stdio/stdio.c.o
                0x10025620                stdio_init_all
 .text.stdio_getchar_timeout_us
                0x10025630       0x98 CMakeFiles/mellivora_picocalc.dir/pico-sdk/src/rp2_common/pico_stdio/stdio.c.o
                0x10025630                stdio_getchar_timeout_us
 .text.__wrap_putchar
                0x100256c8       0x98 CMakeFiles/mellivora_picocalc.dir/pico-sdk/src/rp2_common/pico_stdio/stdio.c.o
                0x100256c8                stdio_putchar
                0x100256c8                __wrap_putchar
 .text.__wrap_puts
                0x10025760       0x3c CMakeFiles/mellivora_picocalc.dir/pico-sdk/src/rp2_common/pico_stdio/stdio.c.o
                0x10025760                __wrap_puts
                0x10025760                stdio_puts
 .text.stdio_uart_out_chars
                0x1002579c       0x4c CMakeFiles/mellivora_picocalc.dir/pico-sdk/src/rp2_common/pico_stdio_uart/stdio_uart.c.o
 .text.stdio_uart_in_chars
                0x100257e8       0x98 CMakeFiles/mellivora_picocalc.dir/pico-sdk/src/rp2_common/pico_stdio_uart/stdio_uart.c.o
                0x100257e8                stdio_uart_in_chars
 .text.on_uart_rx
                0x10025880       0x28 CMakeFiles/mellivora_picocalc.dir/pico-sdk/src/rp2_common/pico_stdio_uart/stdio_uart.c.o
 .text.stdio_uart_out_flush
                0x100258a8       0x14 CMakeFiles/mellivora_picocalc.dir/pico-sdk/src/rp2_common/pico_stdio_uart/stdio_uart.c.o
 .text.stdio_uart_set_chars_available_callback
                0x100258bc       0x88 CMakeFiles/mellivora_picocalc.dir/pico-sdk/src/rp2_common/pico_stdio_uart/stdio_uart.c.o
 .text.stdio_uart_init
                0x10025944       0x50 CMakeFiles/mellivora_picocalc.dir/pico-sdk/src/rp2_common/pico_stdio_uart/stdio_uart.c.o
                0x10025944                stdio_uart_init
 .text.resetd_init
                0x10025994        0x4 CMakeFiles/mellivora_picocalc.dir/pico-sdk/src/rp2_common/pico_stdio_usb/reset_interface.c.o
 .text.resetd_reset
                0x10025998        0xc CMakeFiles/mellivora_picocalc.dir/pico-sdk/src/rp2_common/pico_stdio_usb/reset_interface.c.o
 .text.resetd_open
                0x100259a4       0x28 CMakeFiles/mellivora_picocalc.dir/pico-sdk/src/rp2_common/pico_stdio_usb/reset_interface.c.o
 .text.resetd_xfer_cb
                0x100259cc        0x4 CMakeFiles/mellivora_picocalc.dir/pico-sdk/src/rp2_common/pico_stdio_usb/reset_interface.c.o
 .text.resetd_control_xfer_cb
                0x100259d0       0x5c CMakeFiles/mellivora_picocalc.dir/pico-sdk/src/rp2_common/pico_stdio_usb/reset_interface.c.o
 .text.tud_descriptor_bos_cb
                0x10025a2c        0x8 CMakeFiles/mellivora_picocalc.dir/pico-sdk/src/rp2_common/pico_stdio_usb/reset_interface.c.o
                0x10025a2c                tud_descriptor_bos_cb
 .text.tud_vendor_control_xfer_cb
                0x10025a34       0x34 CMakeFiles/mellivora_picocalc.dir/pico-sdk/src/rp2_common/pico_stdio_usb/reset_interface.c.o
                0x10025a34                tud_vendor_control_xfer_cb
 .text.usbd_app_driver_get_cb
                0x10025a68        0xc CMakeFiles/mellivora_picocalc.dir/pico-sdk/src/rp2_common/pico_stdio_usb/reset_interface.c.o
                0x10025a68                usbd_app_driver_get_cb
 .text.tud_cdc_line_coding_cb
                0x10025a74       0x2c CMakeFiles/mellivora_picocalc.dir/pico-sdk/src/rp2_common/pico_stdio_usb/reset_interface.c.o
                0x10025a74                tud_cdc_line_coding_cb
 .text.stdio_usb_set_chars_available_callback
                0x10025aa0       0x14 CMakeFiles/mellivora_picocalc.dir/pico-sdk/src/rp2_common/pico_stdio_usb/stdio_usb.c.o
                0x10025aa0                stdio_usb_set_chars_available_callback
 .text.usb_irq  0x10025ab4       0x10 CMakeFiles/mellivora_picocalc.dir/pico-sdk/src/rp2_common/pico_stdio_usb/stdio_usb.c.o
 .text.timer_task
                0x10025ac4       0x64 CMakeFiles/mellivora_picocalc.dir/pico-sdk/src/rp2_common/pico_stdio_usb/stdio_usb.c.o
 .text.stdio_usb_in_chars
                0x10025b28       0x90 CMakeFiles/mellivora_picocalc.dir/pico-sdk/src/rp2_common/pico_stdio_usb/stdio_usb.c.o
                0x10025b28                stdio_usb_in_chars
 .text.stdio_usb_out_flush
                0x10025bb8       0x50 CMakeFiles/mellivora_picocalc.dir/pico-sdk/src/rp2_common/pico_stdio_usb/stdio_usb.c.o
 .text.stdio_usb_out_chars
                0x10025c08      0x104 CMakeFiles/mellivora_picocalc.dir/pico-sdk/src/rp2_common/pico_stdio_usb/stdio_usb.c.o
 .text.low_priority_worker_irq
                0x10025d0c       0xcc CMakeFiles/mellivora_picocalc.dir/pico-sdk/src/rp2_common/pico_stdio_usb/stdio_usb.c.o
 .text.stdio_usb_init
                0x10025dd8       0xec CMakeFiles/mellivora_picocalc.dir/pico-sdk/src/rp2_common/pico_stdio_usb/stdio_usb.c.o
                0x10025dd8                stdio_usb_init
 .text.tud_descriptor_device_cb
                0x10025ec4        0x8 CMakeFiles/mellivora_picocalc.dir/pico-sdk/src/rp2_common/pico_stdio_usb/stdio_usb_descriptors.c.o
                0x10025ec4                tud_descriptor_device_cb
 .text.tud_descriptor_configuration_cb
                0x10025ecc        0x8 CMakeFiles/mellivora_picocalc.dir/pico-sdk/src/rp2_common/pico_stdio_usb/stdio_usb_descriptors.c.o
                0x10025ecc                tud_descriptor_configuration_cb
 .text.tud_descriptor_string_cb
                0x10025ed4       0x78 CMakeFiles/mellivora_picocalc.dir/pico-sdk/src/rp2_common/pico_stdio_usb/stdio_usb_descriptors.c.o
                0x10025ed4                tud_descriptor_string_cb
 .text.startup._retrieve_unique_id_on_boot
                0x10025f4c       0x10 CMakeFiles/mellivora_picocalc.dir/pico-sdk/src/rp2_common/pico_unique_id/unique_id.c.o
 .text.pico_get_unique_board_id_string
                0x10025f5c      0x1a8 CMakeFiles/mellivora_picocalc.dir/pico-sdk/src/rp2_common/pico_unique_id/unique_id.c.o
                0x10025f5c                pico_get_unique_board_id_string
 .text.flash_get_unique_id
                0x10026104       0x40 CMakeFiles/mellivora_picocalc.dir/pico-sdk/src/rp2_common/hardware_flash/flash.c.o
                0x10026104                flash_get_unique_id
 .text.dcd_init
                0x10026144       0x90 CMakeFiles/mellivora_picocalc.dir/pico-sdk/lib/tinyusb/src/portable/raspberrypi/rp2040/dcd_rp2040.c.o
                0x10026144                dcd_init
 .text.dcd_int_enable
                0x100261d4        0xc CMakeFiles/mellivora_picocalc.dir/pico-sdk/lib/tinyusb/src/portable/raspberrypi/rp2040/dcd_rp2040.c.o
                0x100261d4                dcd_int_enable
 .text.dcd_set_address
                0x100261e0       0x14 CMakeFiles/mellivora_picocalc.dir/pico-sdk/lib/tinyusb/src/portable/raspberrypi/rp2040/dcd_rp2040.c.o
                0x100261e0                dcd_set_address
 .text.dcd_sof_enable
                0x100261f4       0x1c CMakeFiles/mellivora_picocalc.dir/pico-sdk/lib/tinyusb/src/portable/raspberrypi/rp2040/dcd_rp2040.c.o
                0x100261f4                dcd_sof_enable
 .text.dcd_edpt0_status_complete
                0x10026210       0x1c CMakeFiles/mellivora_picocalc.dir/pico-sdk/lib/tinyusb/src/portable/raspberrypi/rp2040/dcd_rp2040.c.o
                0x10026210                dcd_edpt0_status_complete
 .text.dcd_edpt_open
                0x1002622c      0x114 CMakeFiles/mellivora_picocalc.dir/pico-sdk/lib/tinyusb/src/portable/raspberrypi/rp2040/dcd_rp2040.c.o
                0x1002622c                dcd_edpt_open
 .text.dcd_edpt_close_all
                0x10026340        0x8 CMakeFiles/mellivora_picocalc.dir/pico-sdk/lib/tinyusb/src/portable/raspberrypi/rp2040/dcd_rp2040.c.o
                0x10026340                dcd_edpt_close_all
 .text.dcd_edpt_xfer
                0x10026348       0x24 CMakeFiles/mellivora_picocalc.dir/pico-sdk/lib/tinyusb/src/portable/raspberrypi/rp2040/dcd_rp2040.c.o
                0x10026348                dcd_edpt_xfer
 .text.dcd_edpt_stall
                0x1002636c       0x38 CMakeFiles/mellivora_picocalc.dir/pico-sdk/lib/tinyusb/src/portable/raspberrypi/rp2040/dcd_rp2040.c.o
                0x1002636c                dcd_edpt_stall
 .text.dcd_edpt_clear_stall
                0x100263a4       0x30 CMakeFiles/mellivora_picocalc.dir/pico-sdk/lib/tinyusb/src/portable/raspberrypi/rp2040/dcd_rp2040.c.o
                0x100263a4                dcd_edpt_clear_stall
 .text.rp2040_usb_init
                0x100263d4       0x40 CMakeFiles/mellivora_picocalc.dir/pico-sdk/lib/tinyusb/src/portable/raspberrypi/rp2040/rp2040_usb.c.o
                0x100263d4                rp2040_usb_init
 .text.hw_endpoint_xfer_start
                0x10026414       0x40 CMakeFiles/mellivora_picocalc.dir/pico-sdk/lib/tinyusb/src/portable/raspberrypi/rp2040/rp2040_usb.c.o
                0x10026414                hw_endpoint_xfer_start
 .text.tud_event_hook_cb
                0x10026454        0x4 CMakeFiles/mellivora_picocalc.dir/pico-sdk/lib/tinyusb/src/device/usbd.c.o
                0x10026454                tud_event_hook_cb
 .text.tud_sof_cb
                0x10026458        0x4 CMakeFiles/mellivora_picocalc.dir/pico-sdk/lib/tinyusb/src/device/usbd.c.o
                0x10026458                tud_sof_cb
 .text.tud_descriptor_device_qualifier_cb
                0x1002645c        0x4 CMakeFiles/mellivora_picocalc.dir/pico-sdk/lib/tinyusb/src/device/usbd.c.o
                0x1002645c                tud_descriptor_device_qualifier_cb
 .text.tud_descriptor_other_speed_configuration_cb
                0x10026460        0x4 CMakeFiles/mellivora_picocalc.dir/pico-sdk/lib/tinyusb/src/device/usbd.c.o
                0x10026460                tud_descriptor_other_speed_configuration_cb
 .text.tud_mount_cb
                0x10026464        0x4 CMakeFiles/mellivora_picocalc.dir/pico-sdk/lib/tinyusb/src/device/usbd.c.o
                0x10026464                tud_mount_cb
 .text.tud_umount_cb
                0x10026468        0x4 CMakeFiles/mellivora_picocalc.dir/pico-sdk/lib/tinyusb/src/device/usbd.c.o
                0x10026468                tud_umount_cb
 .text.tud_suspend_cb
                0x1002646c        0x4 CMakeFiles/mellivora_picocalc.dir/pico-sdk/lib/tinyusb/src/device/usbd.c.o
                0x1002646c                tud_suspend_cb
 .text.tud_resume_cb
                0x10026470        0x4 CMakeFiles/mellivora_picocalc.dir/pico-sdk/lib/tinyusb/src/device/usbd.c.o
                0x10026470                tud_resume_cb
 .text.tud_mounted
                0x10026474       0x10 CMakeFiles/mellivora_picocalc.dir/pico-sdk/lib/tinyusb/src/device/usbd.c.o
                0x10026474                tud_mounted
 .text.tud_suspended
                0x10026484       0x10 CMakeFiles/mellivora_picocalc.dir/pico-sdk/lib/tinyusb/src/device/usbd.c.o
                0x10026484                tud_suspended
 .text.tud_rhport_init
                0x10026494       0xfc CMakeFiles/mellivora_picocalc.dir/pico-sdk/lib/tinyusb/src/device/usbd.c.o
                0x10026494                tud_rhport_init
 .text.tud_task_ext
                0x10026590      0x808 CMakeFiles/mellivora_picocalc.dir/pico-sdk/lib/tinyusb/src/device/usbd.c.o
                0x10026590                tud_task_ext
 .text.usbd_open_edpt_pair
                0x10026d98       0x9c CMakeFiles/mellivora_picocalc.dir/pico-sdk/lib/tinyusb/src/device/usbd.c.o
                0x10026d98                usbd_open_edpt_pair
 .text.usbd_edpt_open
                0x10026e34       0x34 CMakeFiles/mellivora_picocalc.dir/pico-sdk/lib/tinyusb/src/device/usbd.c.o
                0x10026e34                usbd_edpt_open
 .text.usbd_edpt_claim
                0x10026e68       0x28 CMakeFiles/mellivora_picocalc.dir/pico-sdk/lib/tinyusb/src/device/usbd.c.o
                0x10026e68                usbd_edpt_claim
 .text.usbd_edpt_release
                0x10026e90       0x28 CMakeFiles/mellivora_picocalc.dir/pico-sdk/lib/tinyusb/src/device/usbd.c.o
                0x10026e90                usbd_edpt_release
 .text.usbd_edpt_xfer
                0x10026eb8       0x4c CMakeFiles/mellivora_picocalc.dir/pico-sdk/lib/tinyusb/src/device/usbd.c.o
                0x10026eb8                usbd_edpt_xfer
 .text.tud_control_status
                0x10026f04       0x2c CMakeFiles/mellivora_picocalc.dir/pico-sdk/lib/tinyusb/src/device/usbd_control.c.o
                0x10026f04                tud_control_status
 .text.tud_control_xfer
                0x10026f30       0xac CMakeFiles/mellivora_picocalc.dir/pico-sdk/lib/tinyusb/src/device/usbd_control.c.o
                0x10026f30                tud_control_xfer
 .text.usbd_control_reset
                0x10026fdc       0x14 CMakeFiles/mellivora_picocalc.dir/pico-sdk/lib/tinyusb/src/device/usbd_control.c.o
                0x10026fdc                usbd_control_reset
 .text.usbd_control_set_complete_callback
                0x10026ff0        0xc CMakeFiles/mellivora_picocalc.dir/pico-sdk/lib/tinyusb/src/device/usbd_control.c.o
                0x10026ff0                usbd_control_set_complete_callback
 .text.usbd_control_set_request
                0x10026ffc       0x1c CMakeFiles/mellivora_picocalc.dir/pico-sdk/lib/tinyusb/src/device/usbd_control.c.o
                0x10026ffc                usbd_control_set_request
 .text.usbd_control_xfer_cb
                0x10027018       0xec CMakeFiles/mellivora_picocalc.dir/pico-sdk/lib/tinyusb/src/device/usbd_control.c.o
                0x10027018                usbd_control_xfer_cb
 .text._prep_out_transaction.isra.0
                0x10027104       0x6c CMakeFiles/mellivora_picocalc.dir/pico-sdk/lib/tinyusb/src/class/cdc/cdc_device.c.o
 .text.tud_cdc_n_connected
                0x10027170       0x2c CMakeFiles/mellivora_picocalc.dir/pico-sdk/lib/tinyusb/src/class/cdc/cdc_device.c.o
                0x10027170                tud_cdc_n_connected
 .text.tud_cdc_n_available
                0x1002719c       0x14 CMakeFiles/mellivora_picocalc.dir/pico-sdk/lib/tinyusb/src/class/cdc/cdc_device.c.o
                0x1002719c                tud_cdc_n_available
 .text.tud_cdc_n_read
                0x100271b0       0x94 CMakeFiles/mellivora_picocalc.dir/pico-sdk/lib/tinyusb/src/class/cdc/cdc_device.c.o
                0x100271b0                tud_cdc_n_read
 .text.tud_cdc_n_write_flush
                0x10027244       0x74 CMakeFiles/mellivora_picocalc.dir/pico-sdk/lib/tinyusb/src/class/cdc/cdc_device.c.o
                0x10027244                tud_cdc_n_write_flush
 .text.tud_cdc_n_write
                0x100272b8       0x40 CMakeFiles/mellivora_picocalc.dir/pico-sdk/lib/tinyusb/src/class/cdc/cdc_device.c.o
                0x100272b8                tud_cdc_n_write
 .text.tud_cdc_n_write_available
                0x100272f8       0x14 CMakeFiles/mellivora_picocalc.dir/pico-sdk/lib/tinyusb/src/class/cdc/cdc_device.c.o
                0x100272f8                tud_cdc_n_write_available
 .text.cdcd_init
                0x1002730c       0x70 CMakeFiles/mellivora_picocalc.dir/pico-sdk/lib/tinyusb/src/class/cdc/cdc_device.c.o
                0x1002730c                cdcd_init
 .text.cdcd_deinit
                0x1002737c       0x30 CMakeFiles/mellivora_picocalc.dir/pico-sdk/lib/tinyusb/src/class/cdc/cdc_device.c.o
                0x1002737c                cdcd_deinit
 .text.cdcd_reset
                0x100273ac       0x4c CMakeFiles/mellivora_picocalc.dir/pico-sdk/lib/tinyusb/src/class/cdc/cdc_device.c.o
                0x100273ac                cdcd_reset
 .text.cdcd_open
                0x100273f8       0xa8 CMakeFiles/mellivora_picocalc.dir/pico-sdk/lib/tinyusb/src/class/cdc/cdc_device.c.o
                0x100273f8                cdcd_open
 .text.cdcd_control_xfer_cb
                0x100274a0       0xe8 CMakeFiles/mellivora_picocalc.dir/pico-sdk/lib/tinyusb/src/class/cdc/cdc_device.c.o
                0x100274a0                cdcd_control_xfer_cb
 .text.cdcd_xfer_cb
                0x10027588      0x100 CMakeFiles/mellivora_picocalc.dir/pico-sdk/lib/tinyusb/src/class/cdc/cdc_device.c.o
                0x10027588                cdcd_xfer_cb
 .text.vendord_init
                0x10027688       0x5c CMakeFiles/mellivora_picocalc.dir/pico-sdk/lib/tinyusb/src/class/vendor/vendor_device.c.o
                0x10027688                vendord_init
 .text.vendord_deinit
                0x100276e4       0x1c CMakeFiles/mellivora_picocalc.dir/pico-sdk/lib/tinyusb/src/class/vendor/vendor_device.c.o
                0x100276e4                vendord_deinit
 .text.vendord_reset
                0x10027700       0x28 CMakeFiles/mellivora_picocalc.dir/pico-sdk/lib/tinyusb/src/class/vendor/vendor_device.c.o
                0x10027700                vendord_reset
 .text.vendord_open
                0x10027728      0x128 CMakeFiles/mellivora_picocalc.dir/pico-sdk/lib/tinyusb/src/class/vendor/vendor_device.c.o
                0x10027728                vendord_open
 .text.vendord_xfer_cb
                0x10027850       0x9c CMakeFiles/mellivora_picocalc.dir/pico-sdk/lib/tinyusb/src/class/vendor/vendor_device.c.o
                0x10027850                vendord_xfer_cb
 .text.tusb_rhport_init
                0x100278ec       0x48 CMakeFiles/mellivora_picocalc.dir/pico-sdk/lib/tinyusb/src/tusb.c.o
                0x100278ec                tusb_rhport_init
 .text.tu_edpt_claim
                0x10027934       0x50 CMakeFiles/mellivora_picocalc.dir/pico-sdk/lib/tinyusb/src/tusb.c.o
                0x10027934                tu_edpt_claim
 .text.tu_edpt_release
                0x10027984       0x38 CMakeFiles/mellivora_picocalc.dir/pico-sdk/lib/tinyusb/src/tusb.c.o
                0x10027984                tu_edpt_release
 .text.tu_edpt_validate
                0x100279bc       0x7c CMakeFiles/mellivora_picocalc.dir/pico-sdk/lib/tinyusb/src/tusb.c.o
                0x100279bc                tu_edpt_validate
 .text.tu_edpt_bind_driver
                0x10027a38       0x34 CMakeFiles/mellivora_picocalc.dir/pico-sdk/lib/tinyusb/src/tusb.c.o
                0x10027a38                tu_edpt_bind_driver
 .text.tu_edpt_stream_init
                0x10027a6c       0x6c CMakeFiles/mellivora_picocalc.dir/pico-sdk/lib/tinyusb/src/tusb.c.o
                0x10027a6c                tu_edpt_stream_init
 .text.tu_edpt_stream_deinit
                0x10027ad8        0x4 CMakeFiles/mellivora_picocalc.dir/pico-sdk/lib/tinyusb/src/tusb.c.o
                0x10027ad8                tu_edpt_stream_deinit
 .text.tu_edpt_stream_write_zlp_if_needed
                0x10027adc       0x68 CMakeFiles/mellivora_picocalc.dir/pico-sdk/lib/tinyusb/src/tusb.c.o
                0x10027adc                tu_edpt_stream_write_zlp_if_needed
 .text.tu_edpt_stream_write_xfer
                0x10027b44       0x64 CMakeFiles/mellivora_picocalc.dir/pico-sdk/lib/tinyusb/src/tusb.c.o
                0x10027b44                tu_edpt_stream_write_xfer
 .text.tu_edpt_stream_read_xfer
                0x10027ba8       0xdc CMakeFiles/mellivora_picocalc.dir/pico-sdk/lib/tinyusb/src/tusb.c.o
                0x10027ba8                tu_edpt_stream_read_xfer
 .text.tu_fifo_config
                0x10027c84       0x6c CMakeFiles/mellivora_picocalc.dir/pico-sdk/lib/tinyusb/src/common/tusb_fifo.c.o
                0x10027c84                tu_fifo_config
 .text.tu_fifo_count
                0x10027cf0       0x2c CMakeFiles/mellivora_picocalc.dir/pico-sdk/lib/tinyusb/src/common/tusb_fifo.c.o
                0x10027cf0                tu_fifo_count
 .text.tu_fifo_empty
                0x10027d1c       0x10 CMakeFiles/mellivora_picocalc.dir/pico-sdk/lib/tinyusb/src/common/tusb_fifo.c.o
                0x10027d1c                tu_fifo_empty
 .text.tu_fifo_remaining
                0x10027d2c       0x2c CMakeFiles/mellivora_picocalc.dir/pico-sdk/lib/tinyusb/src/common/tusb_fifo.c.o
                0x10027d2c                tu_fifo_remaining
 .text.tu_fifo_read
                0x10027d58       0x9c CMakeFiles/mellivora_picocalc.dir/pico-sdk/lib/tinyusb/src/common/tusb_fifo.c.o
                0x10027d58                tu_fifo_read
 .text.tu_fifo_read_n
                0x10027df4       0xe8 CMakeFiles/mellivora_picocalc.dir/pico-sdk/lib/tinyusb/src/common/tusb_fifo.c.o
                0x10027df4                tu_fifo_read_n
 .text.tu_fifo_write
                0x10027edc       0x88 CMakeFiles/mellivora_picocalc.dir/pico-sdk/lib/tinyusb/src/common/tusb_fifo.c.o
                0x10027edc                tu_fifo_write
 .text.tu_fifo_write_n
                0x10027f64      0x170 CMakeFiles/mellivora_picocalc.dir/pico-sdk/lib/tinyusb/src/common/tusb_fifo.c.o
                0x10027f64                tu_fifo_write_n
 .text.tu_fifo_clear
                0x100280d4       0x40 CMakeFiles/mellivora_picocalc.dir/pico-sdk/lib/tinyusb/src/common/tusb_fifo.c.o
                0x100280d4                tu_fifo_clear
 .text.tu_fifo_set_overwritable
                0x10028114       0x48 CMakeFiles/mellivora_picocalc.dir/pico-sdk/lib/tinyusb/src/common/tusb_fifo.c.o
                0x10028114                tu_fifo_set_overwritable
 .text.spi_init
                0x1002815c      0x140 CMakeFiles/mellivora_picocalc.dir/pico-sdk/src/rp2_common/hardware_spi/spi.c.o
                0x1002815c                spi_init
 .text.i2c_write_blocking_internal
                0x1002829c      0x18c CMakeFiles/mellivora_picocalc.dir/pico-sdk/src/rp2_common/hardware_i2c/i2c.c.o
 .text.i2c_read_blocking_internal
                0x10028428      0x114 CMakeFiles/mellivora_picocalc.dir/pico-sdk/src/rp2_common/hardware_i2c/i2c.c.o
 .text.i2c_set_baudrate
                0x1002853c       0xc0 CMakeFiles/mellivora_picocalc.dir/pico-sdk/src/rp2_common/hardware_i2c/i2c.c.o
                0x1002853c                i2c_set_baudrate
 .text.i2c_init
                0x100285fc       0x54 CMakeFiles/mellivora_picocalc.dir/pico-sdk/src/rp2_common/hardware_i2c/i2c.c.o
                0x100285fc                i2c_init
 .text.i2c_write_blocking_until
                0x10028650       0x48 CMakeFiles/mellivora_picocalc.dir/pico-sdk/src/rp2_common/hardware_i2c/i2c.c.o
                0x10028650                i2c_write_blocking_until
 .text.i2c_read_blocking_until
                0x10028698       0x48 CMakeFiles/mellivora_picocalc.dir/pico-sdk/src/rp2_common/hardware_i2c/i2c.c.o
                0x10028698                i2c_read_blocking_until
 .text.dma_claim_unused_channel
                0x100286e0       0x24 CMakeFiles/mellivora_picocalc.dir/pico-sdk/src/rp2_common/hardware_dma/dma.c.o
                0x100286e0                dma_claim_unused_channel
 .text          0x10028704       0x18 /usr/lib/gcc/arm-none-eabi/12.2.1/../../../arm-none-eabi/lib/thumb/v6-m/nofp/libg.a(lib_a-atoi.o)
                0x10028704                atoi
                0x10028710                _atoi_r
 .text          0x1002871c       0x5c /usr/lib/gcc/arm-none-eabi/12.2.1/../../../arm-none-eabi/lib/thumb/v6-m/nofp/libg.a(lib_a-callocr.o)
                0x1002871c                _calloc_r
 .text          0x10028778      0x548 /usr/lib/gcc/arm-none-eabi/12.2.1/../../../arm-none-eabi/lib/thumb/v6-m/nofp/libg.a(lib_a-mallocr.o)
                0x10028778                _malloc_r
 .text          0x10028cc0       0x44 /usr/lib/gcc/arm-none-eabi/12.2.1/../../../arm-none-eabi/lib/thumb/v6-m/nofp/libg.a(lib_a-memcmp.o)
                0x10028cc0                memcmp
 .text          0x10028d04       0xb0 /usr/lib/gcc/arm-none-eabi/12.2.1/../../../arm-none-eabi/lib/thumb/v6-m/nofp/libg.a(lib_a-memmove.o)
                0x10028d04                memmove
 .text          0x10028db4        0x8 /usr/lib/gcc/arm-none-eabi/12.2.1/../../../arm-none-eabi/lib/thumb/v6-m/nofp/libg.a(lib_a-mlock.o)
                0x10028db4                __malloc_lock
                0x10028db8                __malloc_unlock
 .text          0x10028dbc      0x3c8 /usr/lib/gcc/arm-none-eabi/12.2.1/../../../arm-none-eabi/lib/thumb/v6-m/nofp/libg.a(lib_a-reallocr.o)
                0x10028dbc                _realloc_r
 .text          0x10029184       0x24 /usr/lib/gcc/arm-none-eabi/12.2.1/../../../arm-none-eabi/lib/thumb/v6-m/nofp/libg.a(lib_a-sbrkr.o)
                0x10029184                _sbrk_r
 .text          0x100291a8       0xa0 /usr/lib/gcc/arm-none-eabi/12.2.1/../../../arm-none-eabi/lib/thumb/v6-m/nofp/libg.a(lib_a-sscanf.o)
                0x100291a8                sscanf
                0x100291f8                _sscanf_r
 .text          0x10029248       0xa8 /usr/lib/gcc/arm-none-eabi/12.2.1/../../../arm-none-eabi/lib/thumb/v6-m/nofp/libg.a(lib_a-stdio.o)
                0x10029248                __sread
                0x10029270                __seofread
                0x10029274                __swrite
                0x100292b4                __sseek
                0x100292e4                __sclose
 .text          0x100292f0       0xc0 /usr/lib/gcc/arm-none-eabi/12.2.1/../../../arm-none-eabi/lib/thumb/v6-m/nofp/libg.a(lib_a-strchr.o)
                0x100292f0                strchr
 .text          0x100293b0       0x88 /usr/lib/gcc/arm-none-eabi/12.2.1/../../../arm-none-eabi/lib/thumb/v6-m/nofp/libg.a(lib_a-strcmp.o)
                0x100293b0                strcmp
 .text          0x10029438       0x5c /usr/lib/gcc/arm-none-eabi/12.2.1/../../../arm-none-eabi/lib/thumb/v6-m/nofp/libg.a(lib_a-strlen-stub.o)
                0x10029438                strlen
 .text          0x10029494       0x68 /usr/lib/gcc/arm-none-eabi/12.2.1/../../../arm-none-eabi/lib/thumb/v6-m/nofp/libg.a(lib_a-strncmp.o)
                0x10029494                strncmp
 .text          0x100294fc       0x60 /usr/lib/gcc/arm-none-eabi/12.2.1/../../../arm-none-eabi/lib/thumb/v6-m/nofp/libg.a(lib_a-strncpy.o)
                0x100294fc                strncpy
 .text          0x1002955c       0x28 /usr/lib/gcc/arm-none-eabi/12.2.1/../../../arm-none-eabi/lib/thumb/v6-m/nofp/libg.a(lib_a-strrchr.o)
                0x1002955c                strrchr
 .text          0x10029584       0x74 /usr/lib/gcc/arm-none-eabi/12.2.1/../../../arm-none-eabi/lib/thumb/v6-m/nofp/libg.a(lib_a-strtok_r.o)
                0x10029584                __strtok_r
                0x100295ec                strtok_r
 .text          0x100295f8      0x190 /usr/lib/gcc/arm-none-eabi/12.2.1/../../../arm-none-eabi/lib/thumb/v6-m/nofp/libg.a(lib_a-strtol.o)
                0x10029750                _strtol_r
                0x10029758                strtol_l
                0x10029770                strtol
 .text          0x10029788      0x17c /usr/lib/gcc/arm-none-eabi/12.2.1/../../../arm-none-eabi/lib/thumb/v6-m/nofp/libg.a(lib_a-strtoul.o)
                0x100298cc                _strtoul_r
                0x100298d4                strtoul_l
                0x100298ec                strtoul
 .text          0x10029904      0xfa0 /usr/lib/gcc/arm-none-eabi/12.2.1/../../../arm-none-eabi/lib/thumb/v6-m/nofp/libg.a(lib_a-svfscanf.o)
                0x10029904                __ssvfscanf_r
 .text          0x1002a8a4       0x28 /usr/lib/gcc/arm-none-eabi/12.2.1/../../../arm-none-eabi/lib/thumb/v6-m/nofp/libg.a(lib_a-writer.o)
                0x1002a8a4                _write_r
 .text          0x1002a8cc       0x24 /usr/lib/gcc/arm-none-eabi/12.2.1/../../../arm-none-eabi/lib/thumb/v6-m/nofp/libg.a(lib_a-closer.o)
                0x1002a8cc                _close_r
 .text          0x1002a8f0        0xc /usr/lib/gcc/arm-none-eabi/12.2.1/../../../arm-none-eabi/lib/thumb/v6-m/nofp/libg.a(lib_a-errno.o)
                0x1002a8f0                __errno
 .text          0x1002a8fc      0x268 /usr/lib/gcc/arm-none-eabi/12.2.1/../../../arm-none-eabi/lib/thumb/v6-m/nofp/libg.a(lib_a-freer.o)
                0x1002a8fc                _malloc_trim_r
                0x1002a9a4                _free_r
 .text          0x1002ab64        0xc /usr/lib/gcc/arm-none-eabi/12.2.1/../../../arm-none-eabi/lib/thumb/v6-m/nofp/libg.a(lib_a-iswspace.o)
                0x1002ab64                iswspace
 .text          0x1002ab70       0x18 /usr/lib/gcc/arm-none-eabi/12.2.1/../../../arm-none-eabi/lib/thumb/v6-m/nofp/libg.a(lib_a-iswspace_l.o)
                0x1002ab70                iswspace_l
 .text          0x1002ab88       0x98 /usr/lib/gcc/arm-none-eabi/12.2.1/../../../arm-none-eabi/lib/thumb/v6-m/nofp/libg.a(lib_a-locale.o)
                0x1002ab88                _setlocale_r
                0x1002abcc                __locale_mb_cur_max
                0x1002abdc                setlocale
 .text          0x1002ac20       0x14 /usr/lib/gcc/arm-none-eabi/12.2.1/../../../arm-none-eabi/lib/thumb/v6-m/nofp/libg.a(lib_a-localeconv.o)
                0x1002ac20                __localeconv_l
                0x1002ac24                _localeconv_r
                0x1002ac2c                localeconv
 .text          0x1002ac34       0x28 /usr/lib/gcc/arm-none-eabi/12.2.1/../../../arm-none-eabi/lib/thumb/v6-m/nofp/libg.a(lib_a-lseekr.o)
                0x1002ac34                _lseek_r
 .text          0x1002ac5c       0xa0 /usr/lib/gcc/arm-none-eabi/12.2.1/../../../arm-none-eabi/lib/thumb/v6-m/nofp/libg.a(lib_a-mbrtowc.o)
                0x1002ac5c                _mbrtowc_r
                0x1002aca8                mbrtowc
 .text          0x1002acfc       0x44 /usr/lib/gcc/arm-none-eabi/12.2.1/../../../arm-none-eabi/lib/thumb/v6-m/nofp/libg.a(lib_a-mbtowc_r.o)
                0x1002acfc                _mbtowc_r
                0x1002ad14                __ascii_mbtowc
 .text          0x1002ad40       0x28 /usr/lib/gcc/arm-none-eabi/12.2.1/../../../arm-none-eabi/lib/thumb/v6-m/nofp/libg.a(lib_a-readr.o)
                0x1002ad40                _read_r
 .text          0x1002ad68       0x80 /usr/lib/gcc/arm-none-eabi/12.2.1/../../../arm-none-eabi/lib/thumb/v6-m/nofp/libg.a(lib_a-sccl.o)
                0x1002ad68                __sccl
 .text          0x1002ade8        0x8 /usr/lib/gcc/arm-none-eabi/12.2.1/../../../arm-none-eabi/lib/thumb/v6-m/nofp/libg.a(lib_a-sf_nan.o)
                0x1002ade8                nanf
 .text          0x1002adf0     0x10b8 /usr/lib/gcc/arm-none-eabi/12.2.1/../../../arm-none-eabi/lib/thumb/v6-m/nofp/libg.a(lib_a-strtod.o)
                0x1002ae20                _strtod_l
                0x1002bcf0                _strtod_r
                0x1002bd00                strtod_l
                0x1002bd18                strtod
                0x1002bd34                strtof_l
                0x1002bdec                strtof
 .text          0x1002bea8      0x1d8 /usr/lib/gcc/arm-none-eabi/12.2.1/../../../arm-none-eabi/lib/thumb/v6-m/nofp/libg.a(lib_a-strtoll.o)
                0x1002c048                _strtoll_r
                0x1002c050                strtoll_l
                0x1002c068                strtoll
 .text          0x1002c080      0x1fc /usr/lib/gcc/arm-none-eabi/12.2.1/../../../arm-none-eabi/lib/thumb/v6-m/nofp/libg.a(lib_a-strtoull.o)
                0x1002c244                _strtoull_r
                0x1002c24c                strtoull_l
                0x1002c264                strtoull
 .text          0x1002c27c      0xfbc /usr/lib/gcc/arm-none-eabi/12.2.1/../../../arm-none-eabi/lib/thumb/v6-m/nofp/libg.a(lib_a-svfiscanf.o)
                0x1002c27c                _sungetc_r
                0x1002c2fc                __ssrefill_r
                0x1002c33c                _sfread_r
                0x1002c3f8                __ssvfiscanf_r
 .text          0x1002d238      0x188 /usr/lib/gcc/arm-none-eabi/12.2.1/../../../arm-none-eabi/lib/thumb/v6-m/nofp/libg.a(lib_a-ungetc.o)
                0x1002d238                __submore
                0x1002d2bc                _ungetc_r
                0x1002d3a8                ungetc
 .text          0x1002d3c0       0x2c /usr/lib/gcc/arm-none-eabi/12.2.1/../../../arm-none-eabi/lib/thumb/v6-m/nofp/libg.a(lib_a-wctomb_r.o)
                0x1002d3c0                _wctomb_r
                0x1002d3d0                __ascii_wctomb
 .text          0x1002d3ec      0x1c8 /usr/lib/gcc/arm-none-eabi/12.2.1/../../../arm-none-eabi/lib/thumb/v6-m/nofp/libg.a(lib_a-fflush.o)
                0x1002d3ec                __sflush_r
                0x1002d534                _fflush_r
                0x1002d560                fflush
 .text          0x1002d5b4      0x23c /usr/lib/gcc/arm-none-eabi/12.2.1/../../../arm-none-eabi/lib/thumb/v6-m/nofp/libg.a(lib_a-findfp.o)
                0x1002d5b8                _cleanup_r
                0x1002d6b4                __sfmoreglue
                0x1002d6e4                __sfp
                0x1002d788                _cleanup
                0x1002d7a0                __sinit
                0x1002d7b0                __sfp_lock_acquire
                0x1002d7b4                __sfp_lock_release
                0x1002d7b8                __sinit_lock_acquire
                0x1002d7bc                __sinit_lock_release